2025-09-11 23:27:04.681 29066-29066 VRI[Teache...eActivity] com.example.ragamfinal               D  relayoutWindow result, sizeChanged:false, surfaceControlChanged:true, transformHintChanged:false, mSurfaceSize:Point(1080, 2412), mLastSurfaceSize:Point(1080, 2412), mWidth:1080, mHeight:2412, requestedWidth:1080, requestedHeight:2412, transformHint:0, lastTransformHint:0, installOrientation:0, displayRotation:0, isSurfaceValid:true, attr.flag:-2122252032, useBlast:true, tmpFrames:ClientWindowFrames{frame=[0,0][1080,2412] display=[0,0][1080,2412] parentFrame=[0,0][0,0]}
2025-09-11 23:27:04.683 29066-29066 VRI[Teache...eActivity] com.example.ragamfinal               W  updateBlastSurfaceIfNeeded, surfaceSize:Point(1080, 2412), lastSurfaceSize:Point(1080, 2412), format:-1, blastBufferQueue:null
2025-09-11 23:27:04.683 29066-29066 BufferQueueConsumer     com.example.ragamfinal               D  [](id:718a00000016,api:0,p:-1,c:29066) connect: controlledByApp=false
2025-09-11 23:27:04.685 29066-29097 BufferQueueProducer     com.example.ragamfinal               D  [VRI[TeacherHomeActivity]#22(BLAST Consumer)22](id:718a00000016,api:1,p:29066,c:29066) connect: api=1 producerControlledByApp=true
2025-09-11 23:27:04.685 29066-29097 OpenGLRenderer          com.example.ragamfinal               E  Unable to match the desired swap behavior.
2025-09-11 23:27:04.685 29066-29066 SurfaceControl          com.example.ragamfinal               I   setExtendedRangeBrightness sc=Surface(name=com.example.ragamfinal/com.example.ragamfinal.TeacherHomeActivity)/@0xfe624cb,currentBufferRatio=1.0,desiredRatio=1.0
2025-09-11 23:27:04.690 29066-29097 BLASTBufferQueue        com.example.ragamfinal               D  [VRI[TeacherHomeActivity]#22](f:0,a:1) acquireNextBufferLocked size=1080x2412 mFrameNumber=1 applyTransaction=true mTimestamp=49414643928648(auto) mPendingTransactions.size=0 graphicBufferId=124837519425640 transform=0
2025-09-11 23:27:04.691 29066-29097 VRI[Teache...eActivity] com.example.ragamfinal               D  Received frameCommittedCallback lastAttemptedDrawFrameNum=1 didProduceBuffer=true syncBuffer=false
2025-09-11 23:27:04.691 29066-29066 VRI[Teache...eActivity] com.example.ragamfinal               D  draw finished.
2025-09-11 23:27:04.691 29066-29066 VRI[Teache...eActivity] com.example.ragamfinal               D  reportDrawFinished
2025-09-11 23:27:04.691 29066-29066 ViewRootImplExtImpl     com.example.ragamfinal               D  setMaxDequeuedBufferCount: 2
2025-09-11 23:27:04.692 29066-29066 VRI[Teache...sActivity] com.example.ragamfinal               D  onFocusEvent false
2025-09-11 23:27:04.754 29066-29066 VRI[Teache...eActivity] com.example.ragamfinal               D  onFocusEvent true
2025-09-11 23:27:05.260 29066-30848 VRI[Teache...sActivity] com.example.ragamfinal               D  dispatchAppVisibility visible:false
2025-09-11 23:27:05.265 29066-29066 OpenGLRenderer          com.example.ragamfinal               D  RenderProxy::destroy: this=0xb4000074fb55db00, mContext=0xb400007428e52f80
2025-09-11 23:27:05.266 29066-29097 OpenGLRenderer          com.example.ragamfinal               D  SkiaOpenGLPipeline::setSurface: this=0xb4000075113179c0, surface=NULL
2025-09-11 23:27:05.266 29066-29097 BufferQueueProducer     com.example.ragamfinal               D  [VRI[TeacherMyCoursesActivity]#21(BLAST Consumer)21](id:718a00000015,api:1,p:29066,c:29066) disconnect: api 1
2025-09-11 23:27:05.267 29066-29066 ViewRootImplExtImpl     com.example.ragamfinal               D  wrapConfigInfoIntoFlags rotation=0, smallestScreenWidthDp=360, relayoutAsync=false, newFlags=23592960, title=com.example.ragamfinal/com.example.ragamfinal.TeacherMyCoursesActivity
2025-09-11 23:27:05.280 29066-29066 VRI[Teache...sActivity] com.example.ragamfinal               D  relayoutWindow result, sizeChanged:false, surfaceControlChanged:true, transformHintChanged:false, mSurfaceSize:Point(1080, 2412), mLastSurfaceSize:Point(1080, 2412), mWidth:1080, mHeight:2412, requestedWidth:1080, requestedHeight:2412, transformHint:0, lastTransformHint:0, installOrientation:0, displayRotation:0, isSurfaceValid:false, attr.flag:-2122252032, useBlast:true, tmpFrames:ClientWindowFrames{frame=[0,0][1080,2412] display=[0,0][1080,2412] parentFrame=[0,0][0,0]}
2025-09-11 23:27:05.280 29066-29066 BLASTBufferQueue        com.example.ragamfinal               D  [VRI[TeacherMyCoursesActivity]#21](f:0,a:1) destructor()
2025-09-11 23:27:05.281 29066-29066 BufferQueueConsumer     com.example.ragamfinal               D  [VRI[TeacherMyCoursesActivity]#21(BLAST Consumer)21](id:718a00000015,api:0,p:-1,c:29066) disconnect
2025-09-11 23:27:05.281 29066-29066 callGcSupression        com.example.ragamfinal               D  java.lang.NullPointerException: Attempt to invoke virtual method 'java.lang.Object java.lang.reflect.Method.invoke(java.lang.Object, java.lang.Object[])' on a null object reference
2025-09-11 23:27:05.282 29066-29066 VRI[Teache...sActivity] com.example.ragamfinal               D  setWindowStopped stopped:true
2025-09-11 23:27:05.285 29066-29066 OplusScrollToTopManager com.example.ragamfinal               D  com.example.ragamfinal/com.example.ragamfinal.TeacherMyCoursesActivity,window dying
2025-09-11 23:27:05.285 29066-29066 OplusScrollToTopManager com.example.ragamfinal               D  com.example.ragamfinal/com.example.ragamfinal.TeacherMyCoursesActivity,unregisterSystemUIBroadcastReceiver 
2025-09-11 23:27:05.285 29066-29066 OplusScrollToTopManager com.example.ragamfinal               D  com.example.ragamfinal/com.example.ragamfinal.TeacherMyCoursesActivity, unregisterSystemUIBroadcastReceiver failed java.lang.IllegalArgumentException: Receiver not registered: android.view.OplusScrollToTopManager$2@53a0838
2025-09-11 23:27:05.287 29066-29066 WindowOnBackDispatcher  com.example.ragamfinal               W  sendCancelIfRunning: isInProgress=falsecallback=android.view.ViewRootImpl$$ExternalSyntheticLambda17@676367b
2025-09-11 23:27:05.288 29066-29066 OpenGLRenderer          com.example.ragamfinal               D  RenderProxy::destroy: this=0xb4000074fb55db00, mContext=0xb400007428e52f80
2025-09-11 23:27:05.288 29066-29097 OpenGLRenderer          com.example.ragamfinal               D  SkiaOpenGLPipeline::setSurface: this=0xb4000075113179c0, surface=NULL
2025-09-11 23:27:05.758 29066-29111 OplusScrollToTopManager com.example.ragamfinal               D  com.example.ragamfinal/com.example.ragamfinal.TeacherHomeActivity,This DecorView@fe3f663[TeacherHomeActivity] change focus to true
2025-09-11 23:27:05.769 29066-29066 ViewRootImplExtImpl     com.example.ragamfinal               D  the up motion event handled by client, just return
2025-09-11 23:27:05.796 29066-29066 callGcSupression        com.example.ragamfinal               D  java.lang.NullPointerException: Attempt to invoke virtual method 'java.lang.Object java.lang.reflect.Method.invoke(java.lang.Object, java.lang.Object[])' on a null object reference
2025-09-11 23:27:05.797 29066-29066 callGcSupression        com.example.ragamfinal               D  java.lang.NullPointerException: Attempt to invoke virtual method 'java.lang.Object java.lang.reflect.Method.invoke(java.lang.Object, java.lang.Object[])' on a null object reference
2025-09-11 23:27:05.797 29066-29066 ScrollOpti...neManager] com.example.ragamfinal               D  updateCurrentActivity: mCurrentActivityName=null, isOptEnable=true, isAnimAheadEnable=true, isFrameInsertEnable=true, InsertNum=1, isEnabledForScrollChanged=false
2025-09-11 23:27:05.812 29066-29066 callGcSupression        com.example.ragamfinal               D  java.lang.NullPointerException: Attempt to invoke virtual method 'java.lang.Object java.lang.reflect.Method.invoke(java.lang.Object, java.lang.Object[])' on a null object reference
2025-09-11 23:27:05.816 29066-29066 ResourcesManagerExtImpl com.example.ragamfinal               D  applyConfigurationToAppResourcesLocked app.getDisplayId() return callback.displayId:-1
2025-09-11 23:27:05.854 29066-29066 ScrollOpti...neManager] com.example.ragamfinal               D  updateCurrentActivity: mCurrentActivityName=com.example.ragamfinal.ProfileActivity, isOptEnable=true, isAnimAheadEnable=true, isFrameInsertEnable=true, InsertNum=1, isEnabledForScrollChanged=false
2025-09-11 23:27:05.854 29066-29066 ActivityThread          com.example.ragamfinal               D  ComponentInfo{com.example.ragamfinal/com.example.ragamfinal.ProfileActivity} checkFinished=false 2
2025-09-11 23:27:05.854 29066-29066 ResourcesManagerExtImpl com.example.ragamfinal               D  applyConfigurationToAppResourcesLocked app.getDisplayId() return callback.displayId:-1
2025-09-11 23:27:05.857 29066-29066 WindowManager           com.example.ragamfinal               D  Add to mViews: DecorView@80da1c2[ProfileActivity],pkg= com.example.ragamfinal
2025-09-11 23:27:05.864 29066-29066 InputEventReceiver      com.example.ragamfinal               D  Input log is disabled in InputEventReceiver.
2025-09-11 23:27:05.864 29066-29066 VRI[Teache...eActivity] com.example.ragamfinal               D  onFocusEvent false
2025-09-11 23:27:05.865 29066-29066 callGcSupression        com.example.ragamfinal               D  java.lang.NullPointerException: Attempt to invoke virtual method 'java.lang.Object java.lang.reflect.Method.invoke(java.lang.Object, java.lang.Object[])' on a null object reference
2025-09-11 23:27:05.865 29066-29066 ResourcesManagerExtImpl com.example.ragamfinal               D  applyConfigurationToAppResourcesLocked app.getDisplayId() return callback.displayId:-1
2025-09-11 23:27:05.866 29066-29066 OplusBracketLog         com.example.ragamfinal               E  [OplusViewMirrorManager] updateHostViewRootIfNeeded, not support android.view.ViewRootImpl@ea8b827
2025-09-11 23:27:05.871 29066-29066 ViewRootImplExtImpl     com.example.ragamfinal               D  wrapConfigInfoIntoFlags rotation=0, smallestScreenWidthDp=360, relayoutAsync=false, newFlags=23592960, title=com.example.ragamfinal/com.example.ragamfinal.ProfileActivity
2025-09-11 23:27:05.877 29066-29097 OpenGLRenderer          com.example.ragamfinal               D  SkiaOpenGLPipeline::setSurface: this=0xb4000074f63a3140, surface=NULL
2025-09-11 23:27:05.878 29066-29097 OpenGLRenderer          com.example.ragamfinal               D  SkiaOpenGLPipeline::setSurface: this=0xb4000074785ab040, surface=NULL
2025-09-11 23:27:05.878 29066-29097 OpenGLRenderer          com.example.ragamfinal               D  SkiaOpenGLPipeline::setSurface: this=0xb4000074792c7380, surface=NULL
2025-09-11 23:27:05.882 29066-29066 VRI[ProfileActivity]    com.example.ragamfinal               D  relayoutWindow result, sizeChanged:true, surfaceControlChanged:true, transformHintChanged:true, mSurfaceSize:Point(1080, 2412), mLastSurfaceSize:Point(0, 0), mWidth:-1, mHeight:-1, requestedWidth:1080, requestedHeight:2412, transformHint:0, lastTransformHint:-2147483648, installOrientation:0, displayRotation:0, isSurfaceValid:true, attr.flag:-2122252032, useBlast:true, tmpFrames:ClientWindowFrames{frame=[0,0][1080,2412] display=[0,0][1080,2412] parentFrame=[0,0][0,0]}
2025-09-11 23:27:05.882 29066-29066 VRI[ProfileActivity]    com.example.ragamfinal               W  updateBlastSurfaceIfNeeded, surfaceSize:Point(1080, 2412), lastSurfaceSize:Point(0, 0), format:-1, blastBufferQueue:null
2025-09-11 23:27:05.882 29066-29066 BufferQueueConsumer     com.example.ragamfinal               D  [](id:718a00000017,api:0,p:-1,c:29066) connect: controlledByApp=false
2025-09-11 23:27:05.884 29066-29097 BufferQueueProducer     com.example.ragamfinal               D  [VRI[ProfileActivity]#23(BLAST Consumer)23](id:718a00000017,api:1,p:29066,c:29066) connect: api=1 producerControlledByApp=true
2025-09-11 23:27:05.884 29066-29097 OpenGLRenderer          com.example.ragamfinal               E  Unable to match the desired swap behavior.
2025-09-11 23:27:05.885 29066-29066 SurfaceControl          com.example.ragamfinal               I   setExtendedRangeBrightness sc=Surface(name=com.example.ragamfinal/com.example.ragamfinal.ProfileActivity)/@0xd307040,currentBufferRatio=1.0,desiredRatio=1.0
2025-09-11 23:27:05.891 29066-29097 BLASTBufferQueue        com.example.ragamfinal               D  [VRI[ProfileActivity]#23](f:0,a:1) acquireNextBufferLocked size=1080x2412 mFrameNumber=1 applyTransaction=true mTimestamp=49415844996408(auto) mPendingTransactions.size=0 graphicBufferId=124837519425643 transform=0
2025-09-11 23:27:05.891 29066-29097 VRI[ProfileActivity]    com.example.ragamfinal               D  Received frameCommittedCallback lastAttemptedDrawFrameNum=1 didProduceBuffer=true syncBuffer=false
2025-09-11 23:27:05.891 29066-29066 VRI[ProfileActivity]    com.example.ragamfinal               D  draw finished.
2025-09-11 23:27:05.891 29066-29066 VRI[ProfileActivity]    com.example.ragamfinal               D  reportDrawFinished
2025-09-11 23:27:05.891 29066-29066 ViewRootImplExtImpl     com.example.ragamfinal               D  setMaxDequeuedBufferCount: 2
2025-09-11 23:27:05.892 29066-29066 VRI[ProfileActivity]    com.example.ragamfinal               W  handleResized, msg:5, frameChanged:false, configChanged:false, displayChanged:false, attachedFrameChanged:false, compatScaleChanged:false, pendingDragResizing=false
2025-09-11 23:27:05.893 29066-29097 VRI[ProfileActivity]    com.example.ragamfinal               D  Received frameCommittedCallback lastAttemptedDrawFrameNum=2 didProduceBuffer=false syncBuffer=false
2025-09-11 23:27:05.894 29066-29066 VRI[ProfileActivity]    com.example.ragamfinal               D  draw finished.
2025-09-11 23:27:05.894 29066-29066 VRI[ProfileActivity]    com.example.ragamfinal               D  reportDrawFinished
2025-09-11 23:27:06.049 29066-29066 VRI[ProfileActivity]    com.example.ragamfinal               D  onFocusEvent true
2025-09-11 23:27:06.420 29066-29107 VRI[Teache...eActivity] com.example.ragamfinal               D  dispatchAppVisibility visible:false
2025-09-11 23:27:06.431 29066-29066 OpenGLRenderer          com.example.ragamfinal               D  RenderProxy::destroy: this=0xb4000074933bd880, mContext=0xb40000744fbc3100
2025-09-11 23:27:06.431 29066-29097 OpenGLRenderer          com.example.ragamfinal               D  SkiaOpenGLPipeline::setSurface: this=0xb4000074f63a4a40, surface=NULL
2025-09-11 23:27:06.431 29066-29097 BufferQueueProducer     com.example.ragamfinal               D  [VRI[TeacherHomeActivity]#22(BLAST Consumer)22](id:718a00000016,api:1,p:29066,c:29066) disconnect: api 1
2025-09-11 23:27:06.432 29066-29066 ViewRootImplExtImpl     com.example.ragamfinal               D  wrapConfigInfoIntoFlags rotation=0, smallestScreenWidthDp=360, relayoutAsync=false, newFlags=23592960, title=com.example.ragamfinal/com.example.ragamfinal.TeacherHomeActivity
2025-09-11 23:27:06.440 29066-29066 VRI[Teache...eActivity] com.example.ragamfinal               D  relayoutWindow result, sizeChanged:false, surfaceControlChanged:true, transformHintChanged:false, mSurfaceSize:Point(1080, 2412), mLastSurfaceSize:Point(1080, 2412), mWidth:1080, mHeight:2412, requestedWidth:1080, requestedHeight:2412, transformHint:0, lastTransformHint:0, installOrientation:0, displayRotation:0, isSurfaceValid:false, attr.flag:-2122252032, useBlast:true, tmpFrames:ClientWindowFrames{frame=[0,0][1080,2412] display=[0,0][1080,2412] parentFrame=[0,0][0,0]}
2025-09-11 23:27:06.441 29066-29066 BLASTBufferQueue        com.example.ragamfinal               D  [VRI[TeacherHomeActivity]#22](f:0,a:1) destructor()
2025-09-11 23:27:06.441 29066-29066 BufferQueueConsumer     com.example.ragamfinal               D  [VRI[TeacherHomeActivity]#22(BLAST Consumer)22](id:718a00000016,api:0,p:-1,c:29066) disconnect
2025-09-11 23:27:06.442 29066-29066 callGcSupression        com.example.ragamfinal               D  java.lang.NullPointerException: Attempt to invoke virtual method 'java.lang.Object java.lang.reflect.Method.invoke(java.lang.Object, java.lang.Object[])' on a null object reference
2025-09-11 23:27:06.442 29066-29066 VRI[Teache...eActivity] com.example.ragamfinal               D  setWindowStopped stopped:true
2025-09-11 23:27:06.893 29066-29111 OplusScrollToTopManager com.example.ragamfinal               D  com.example.ragamfinal/com.example.ragamfinal.TeacherHomeActivity,This DecorView@fe3f663[TeacherHomeActivity] change focus to false
2025-09-11 23:27:06.907 29066-29066 ViewRootImplExtImpl     com.example.ragamfinal               D  the up motion event handled by client, just return
2025-09-11 23:27:06.912 29066-29066 ApiHelper               com.example.ragamfinal               D  User logged out successfully
2025-09-11 23:27:06.958 29066-29066 callGcSupression        com.example.ragamfinal               D  java.lang.NullPointerException: Attempt to invoke virtual method 'java.lang.Object java.lang.reflect.Method.invoke(java.lang.Object, java.lang.Object[])' on a null object reference
2025-09-11 23:27:06.959 29066-29066 OplusScrollToTopManager com.example.ragamfinal               D  com.example.ragamfinal/com.example.ragamfinal.TeacherHomeActivity,window dying
2025-09-11 23:27:06.959 29066-29066 OplusScrollToTopManager com.example.ragamfinal               D  com.example.ragamfinal/com.example.ragamfinal.TeacherHomeActivity,unregisterSystemUIBroadcastReceiver 
2025-09-11 23:27:06.959 29066-29066 OplusScrollToTopManager com.example.ragamfinal               D  com.example.ragamfinal/com.example.ragamfinal.TeacherHomeActivity, unregisterSystemUIBroadcastReceiver failed java.lang.IllegalArgumentException: Receiver not registered: android.view.OplusScrollToTopManager$2@a892922
2025-09-11 23:27:06.959 29066-29066 WindowOnBackDispatcher  com.example.ragamfinal               W  sendCancelIfRunning: isInProgress=falsecallback=android.view.ViewRootImpl$$ExternalSyntheticLambda17@f16258a
2025-09-11 23:27:06.960 29066-29066 OpenGLRenderer          com.example.ragamfinal               D  RenderProxy::destroy: this=0xb4000074933bcc00, mContext=0xb40000743b893b00
2025-09-11 23:27:06.960 29066-29097 OpenGLRenderer          com.example.ragamfinal               D  SkiaOpenGLPipeline::setSurface: this=0xb4000074792c3dc0, surface=NULL
2025-09-11 23:27:06.964 29066-29066 callGcSupression        com.example.ragamfinal               D  java.lang.NullPointerException: Attempt to invoke virtual method 'java.lang.Object java.lang.reflect.Method.invoke(java.lang.Object, java.lang.Object[])' on a null object reference
2025-09-11 23:27:06.965 29066-29066 OplusScrollToTopManager com.example.ragamfinal               D  com.example.ragamfinal/com.example.ragamfinal.TeacherHomeActivity,window dying
2025-09-11 23:27:06.965 29066-29066 OplusScrollToTopManager com.example.ragamfinal               D  com.example.ragamfinal/com.example.ragamfinal.TeacherHomeActivity,unregisterSystemUIBroadcastReceiver 
2025-09-11 23:27:06.965 29066-29066 OplusScrollToTopManager com.example.ragamfinal               D  com.example.ragamfinal/com.example.ragamfinal.TeacherHomeActivity, unregisterSystemUIBroadcastReceiver failed java.lang.IllegalArgumentException: Receiver not registered: android.view.OplusScrollToTopManager$2@7b4b56e
2025-09-11 23:27:06.966 29066-29066 WindowOnBackDispatcher  com.example.ragamfinal               W  sendCancelIfRunning: isInProgress=falsecallback=android.view.ViewRootImpl$$ExternalSyntheticLambda17@2ef3e53
2025-09-11 23:27:06.968 29066-29066 OpenGLRenderer          com.example.ragamfinal               D  RenderProxy::destroy: this=0xb4000074933bd880, mContext=0xb40000744fbc3100
2025-09-11 23:27:06.968 29066-29097 OpenGLRenderer          com.example.ragamfinal               D  SkiaOpenGLPipeline::setSurface: this=0xb4000074f63a4a40, surface=NULL
2025-09-11 23:27:06.977 29066-29066 VRI[ProfileActivity]    com.example.ragamfinal               D  onFocusEvent false
2025-09-11 23:27:06.977 29066-29066 callGcSupression        com.example.ragamfinal               D  java.lang.NullPointerException: Attempt to invoke virtual method 'java.lang.Object java.lang.reflect.Method.invoke(java.lang.Object, java.lang.Object[])' on a null object reference
2025-09-11 23:27:06.980 29066-29066 callGcSupression        com.example.ragamfinal               D  java.lang.NullPointerException: Attempt to invoke virtual method 'java.lang.Object java.lang.reflect.Method.invoke(java.lang.Object, java.lang.Object[])' on a null object reference
2025-09-11 23:27:06.980 29066-29066 ScrollOpti...neManager] com.example.ragamfinal               D  updateCurrentActivity: mCurrentActivityName=null, isOptEnable=true, isAnimAheadEnable=true, isFrameInsertEnable=true, InsertNum=1, isEnabledForScrollChanged=false
2025-09-11 23:27:06.997 29066-29066 callGcSupression        com.example.ragamfinal               D  java.lang.NullPointerException: Attempt to invoke virtual method 'java.lang.Object java.lang.reflect.Method.invoke(java.lang.Object, java.lang.Object[])' on a null object reference
2025-09-11 23:27:07.005 29066-29066 ResourcesManagerExtImpl com.example.ragamfinal               D  applyConfigurationToAppResourcesLocked app.getDisplayId() return callback.displayId:-1
2025-09-11 23:27:07.040 29066-29066 ScrollOpti...neManager] com.example.ragamfinal               D  updateCurrentActivity: mCurrentActivityName=com.example.ragamfinal.UserOptionActivity, isOptEnable=true, isAnimAheadEnable=true, isFrameInsertEnable=true, InsertNum=1, isEnabledForScrollChanged=false
2025-09-11 23:27:07.040 29066-29066 ActivityThread          com.example.ragamfinal               D  ComponentInfo{com.example.ragamfinal/com.example.ragamfinal.UserOptionActivity} checkFinished=false 2
2025-09-11 23:27:07.040 29066-29066 ResourcesManagerExtImpl com.example.ragamfinal               D  applyConfigurationToAppResourcesLocked app.getDisplayId() return callback.displayId:-1
2025-09-11 23:27:07.043 29066-29066 WindowManager           com.example.ragamfinal               D  Add to mViews: DecorView@72b5783[UserOptionActivity],pkg= com.example.ragamfinal
2025-09-11 23:27:07.050 29066-29066 InputEventReceiver      com.example.ragamfinal               D  Input log is disabled in InputEventReceiver.
2025-09-11 23:27:07.051 29066-29066 callGcSupression        com.example.ragamfinal               D  java.lang.NullPointerException: Attempt to invoke virtual method 'java.lang.Object java.lang.reflect.Method.invoke(java.lang.Object, java.lang.Object[])' on a null object reference
2025-09-11 23:27:07.051 29066-29066 ResourcesManagerExtImpl com.example.ragamfinal               D  applyConfigurationToAppResourcesLocked app.getDisplayId() return callback.displayId:-1
2025-09-11 23:27:07.051 29066-29066 Quality                 com.example.ragamfinal               I  Skipped: false 0 cost 11.073698 refreshRate 16667097 bit true processName com.example.ragamfinal
2025-09-11 23:27:07.052 29066-29066 OplusBracketLog         com.example.ragamfinal               E  [OplusViewMirrorManager] updateHostViewRootIfNeeded, not support android.view.ViewRootImpl@7e43b7e
2025-09-11 23:27:07.055 29066-29066 ViewRootImplExtImpl     com.example.ragamfinal               D  wrapConfigInfoIntoFlags rotation=0, smallestScreenWidthDp=360, relayoutAsync=false, newFlags=23592960, title=com.example.ragamfinal/com.example.ragamfinal.UserOptionActivity
2025-09-11 23:27:07.074 29066-29066 VRI[UserOptionActivity] com.example.ragamfinal               D  relayoutWindow result, sizeChanged:true, surfaceControlChanged:true, transformHintChanged:true, mSurfaceSize:Point(1080, 2412), mLastSurfaceSize:Point(0, 0), mWidth:-1, mHeight:-1, requestedWidth:1080, requestedHeight:2412, transformHint:0, lastTransformHint:-2147483648, installOrientation:0, displayRotation:0, isSurfaceValid:true, attr.flag:-2122252032, useBlast:true, tmpFrames:ClientWindowFrames{frame=[0,0][1080,2412] display=[0,0][1080,2412] parentFrame=[0,0][0,0]}
2025-09-11 23:27:07.075 29066-29066 VRI[UserOptionActivity] com.example.ragamfinal               W  updateBlastSurfaceIfNeeded, surfaceSize:Point(1080, 2412), lastSurfaceSize:Point(0, 0), format:-1, blastBufferQueue:null
2025-09-11 23:27:07.075 29066-29066 BufferQueueConsumer     com.example.ragamfinal               D  [](id:718a00000018,api:0,p:-1,c:29066) connect: controlledByApp=false
2025-09-11 23:27:07.078 29066-29097 BufferQueueProducer     com.example.ragamfinal               D  [VRI[UserOptionActivity]#24(BLAST Consumer)24](id:718a00000018,api:1,p:29066,c:29066) connect: api=1 producerControlledByApp=true
2025-09-11 23:27:07.078 29066-29097 OpenGLRenderer          com.example.ragamfinal               E  Unable to match the desired swap behavior.
2025-09-11 23:27:07.088 29066-29066 SurfaceControl          com.example.ragamfinal               I   setExtendedRangeBrightness sc=Surface(name=com.example.ragamfinal/com.example.ragamfinal.UserOptionActivity)/@0x826671,currentBufferRatio=1.0,desiredRatio=1.0
2025-09-11 23:27:07.092 29066-29097 BLASTBufferQueue        com.example.ragamfinal               D  [VRI[UserOptionActivity]#24](f:0,a:1) acquireNextBufferLocked size=1080x2412 mFrameNumber=1 applyTransaction=true mTimestamp=49417045972918(auto) mPendingTransactions.size=0 graphicBufferId=124837519425650 transform=0
2025-09-11 23:27:07.092 29066-29097 VRI[UserOptionActivity] com.example.ragamfinal               D  Received frameCommittedCallback lastAttemptedDrawFrameNum=1 didProduceBuffer=true syncBuffer=false
2025-09-11 23:27:07.092 29066-29066 VRI[UserOptionActivity] com.example.ragamfinal               D  draw finished.
2025-09-11 23:27:07.092 29066-29066 VRI[UserOptionActivity] com.example.ragamfinal               D  reportDrawFinished
2025-09-11 23:27:07.092 29066-29066 ViewRootImplExtImpl     com.example.ragamfinal               D  setMaxDequeuedBufferCount: 2
2025-09-11 23:27:07.094 29066-29066 Quality                 com.example.ragamfinal               I  Skipped: false 1 cost 30.96856 refreshRate 16667075 bit true processName com.example.ragamfinal
2025-09-11 23:27:07.165 29066-29066 VRI[UserOptionActivity] com.example.ragamfinal               D  onFocusEvent true
2025-09-11 23:27:07.540 29066-29077 VRI[ProfileActivity]    com.example.ragamfinal               D  dispatchAppVisibility visible:false
2025-09-11 23:27:07.548 29066-29066 OpenGLRenderer          com.example.ragamfinal               D  RenderProxy::destroy: this=0xb400007485152e00, mContext=0xb40000747920d380
2025-09-11 23:27:07.548 29066-29097 OpenGLRenderer          com.example.ragamfinal               D  SkiaOpenGLPipeline::setSurface: this=0xb4000074792c6340, surface=NULL
2025-09-11 23:27:07.548 29066-29097 BufferQueueProducer     com.example.ragamfinal               D  [VRI[ProfileActivity]#23(BLAST Consumer)23](id:718a00000017,api:1,p:29066,c:29066) disconnect: api 1
2025-09-11 23:27:07.549 29066-29066 ViewRootImplExtImpl     com.example.ragamfinal               D  wrapConfigInfoIntoFlags rotation=0, smallestScreenWidthDp=360, relayoutAsync=false, newFlags=23592960, title=com.example.ragamfinal/com.example.ragamfinal.ProfileActivity
2025-09-11 23:27:07.556 29066-29066 VRI[ProfileActivity]    com.example.ragamfinal               D  relayoutWindow result, sizeChanged:false, surfaceControlChanged:true, transformHintChanged:false, mSurfaceSize:Point(1080, 2412), mLastSurfaceSize:Point(1080, 2412), mWidth:1080, mHeight:2412, requestedWidth:1080, requestedHeight:2412, transformHint:0, lastTransformHint:0, installOrientation:0, displayRotation:0, isSurfaceValid:false, attr.flag:-2122252032, useBlast:true, tmpFrames:ClientWindowFrames{frame=[0,0][1080,2412] display=[0,0][1080,2412] parentFrame=[0,0][0,0]}
2025-09-11 23:27:07.556 29066-29066 BLASTBufferQueue        com.example.ragamfinal               D  [VRI[ProfileActivity]#23](f:0,a:2) destructor()
2025-09-11 23:27:07.557 29066-29066 BufferQueueConsumer     com.example.ragamfinal               D  [VRI[ProfileActivity]#23(BLAST Consumer)23](id:718a00000017,api:0,p:-1,c:29066) disconnect
2025-09-11 23:27:07.557 29066-29066 callGcSupression        com.example.ragamfinal               D  java.lang.NullPointerException: Attempt to invoke virtual method 'java.lang.Object java.lang.reflect.Method.invoke(java.lang.Object, java.lang.Object[])' on a null object reference
2025-09-11 23:27:07.558 29066-29066 VRI[ProfileActivity]    com.example.ragamfinal               D  setWindowStopped stopped:true
2025-09-11 23:27:07.559 29066-29066 OplusScrollToTopManager com.example.ragamfinal               D  com.example.ragamfinal/com.example.ragamfinal.ProfileActivity,window dying
2025-09-11 23:27:07.559 29066-29066 OplusScrollToTopManager com.example.ragamfinal               D  com.example.ragamfinal/com.example.ragamfinal.ProfileActivity,unregisterSystemUIBroadcastReceiver 
2025-09-11 23:27:07.559 29066-29066 OplusScrollToTopManager com.example.ragamfinal               D  com.example.ragamfinal/com.example.ragamfinal.ProfileActivity, unregisterSystemUIBroadcastReceiver failed java.lang.IllegalArgumentException: Receiver not registered: android.view.OplusScrollToTopManager$2@3b672a9
2025-09-11 23:27:07.560 29066-29066 WindowOnBackDispatcher  com.example.ragamfinal               W  sendCancelIfRunning: isInProgress=falsecallback=android.view.ViewRootImpl$$ExternalSyntheticLambda17@b1c7ad4
2025-09-11 23:27:07.560 29066-29066 OpenGLRenderer          com.example.ragamfinal               D  RenderProxy::destroy: this=0xb400007485152e00, mContext=0xb40000747920d380
2025-09-11 23:27:07.561 29066-29097 OpenGLRenderer          com.example.ragamfinal               D  SkiaOpenGLPipeline::setSurface: this=0xb4000074792c6340, surface=NULL
2025-09-11 23:27:08.042 29066-29066 ViewRootImplExtImpl     com.example.ragamfinal               D  the up motion event handled by client, just return
2025-09-11 23:27:08.056 29066-29066 callGcSupression        com.example.ragamfinal               D  java.lang.NullPointerException: Attempt to invoke virtual method 'java.lang.Object java.lang.reflect.Method.invoke(java.lang.Object, java.lang.Object[])' on a null object reference
2025-09-11 23:27:08.057 29066-29066 callGcSupression        com.example.ragamfinal               D  java.lang.NullPointerException: Attempt to invoke virtual method 'java.lang.Object java.lang.reflect.Method.invoke(java.lang.Object, java.lang.Object[])' on a null object reference
2025-09-11 23:27:08.057 29066-29066 ScrollOpti...neManager] com.example.ragamfinal               D  updateCurrentActivity: mCurrentActivityName=null, isOptEnable=true, isAnimAheadEnable=true, isFrameInsertEnable=true, InsertNum=1, isEnabledForScrollChanged=false
2025-09-11 23:27:08.068 29066-29066 callGcSupression        com.example.ragamfinal               D  java.lang.NullPointerException: Attempt to invoke virtual method 'java.lang.Object java.lang.reflect.Method.invoke(java.lang.Object, java.lang.Object[])' on a null object reference
2025-09-11 23:27:08.070 29066-29066 ResourcesManagerExtImpl com.example.ragamfinal               D  applyConfigurationToAppResourcesLocked app.getDisplayId() return callback.displayId:-1
2025-09-11 23:27:08.099 29066-29066 ScrollOpti...neManager] com.example.ragamfinal               D  updateCurrentActivity: mCurrentActivityName=com.example.ragamfinal.StudentSignInActivity, isOptEnable=true, isAnimAheadEnable=true, isFrameInsertEnable=true, InsertNum=1, isEnabledForScrollChanged=false
2025-09-11 23:27:08.099 29066-29066 ActivityThread          com.example.ragamfinal               D  ComponentInfo{com.example.ragamfinal/com.example.ragamfinal.StudentSignInActivity} checkFinished=false 2
2025-09-11 23:27:08.099 29066-29066 ResourcesManagerExtImpl com.example.ragamfinal               D  applyConfigurationToAppResourcesLocked app.getDisplayId() return callback.displayId:-1
2025-09-11 23:27:08.101 29066-29066 WindowManager           com.example.ragamfinal               D  Add to mViews: DecorView@7d789c6[StudentSignInActivity],pkg= com.example.ragamfinal
2025-09-11 23:27:08.108 29066-29066 InputEventReceiver      com.example.ragamfinal               D  Input log is disabled in InputEventReceiver.
2025-09-11 23:27:08.108 29066-29066 VRI[UserOptionActivity] com.example.ragamfinal               D  onFocusEvent false
2025-09-11 23:27:08.108 29066-29066 callGcSupression        com.example.ragamfinal               D  java.lang.NullPointerException: Attempt to invoke virtual method 'java.lang.Object java.lang.reflect.Method.invoke(java.lang.Object, java.lang.Object[])' on a null object reference
2025-09-11 23:27:08.108 29066-29066 ResourcesManagerExtImpl com.example.ragamfinal               D  applyConfigurationToAppResourcesLocked app.getDisplayId() return callback.displayId:-1
2025-09-11 23:27:08.113 29066-29066 OplusBracketLog         com.example.ragamfinal               E  [OplusViewMirrorManager] updateHostViewRootIfNeeded, not support android.view.ViewRootImpl@ffd1b38
2025-09-11 23:27:08.119 29066-29066 ViewRootImplExtImpl     com.example.ragamfinal               D  wrapConfigInfoIntoFlags rotation=0, smallestScreenWidthDp=360, relayoutAsync=false, newFlags=23592960, title=com.example.ragamfinal/com.example.ragamfinal.StudentSignInActivity
2025-09-11 23:27:08.128 29066-29066 VRI[Studen...nActivity] com.example.ragamfinal               D  relayoutWindow result, sizeChanged:true, surfaceControlChanged:true, transformHintChanged:true, mSurfaceSize:Point(1080, 2412), mLastSurfaceSize:Point(0, 0), mWidth:-1, mHeight:-1, requestedWidth:1080, requestedHeight:2412, transformHint:0, lastTransformHint:-2147483648, installOrientation:0, displayRotation:0, isSurfaceValid:true, attr.flag:-2122252032, useBlast:true, tmpFrames:ClientWindowFrames{frame=[0,0][1080,2412] display=[0,0][1080,2412] parentFrame=[0,0][0,0]}
2025-09-11 23:27:08.128 29066-29066 VRI[Studen...nActivity] com.example.ragamfinal               W  updateBlastSurfaceIfNeeded, surfaceSize:Point(1080, 2412), lastSurfaceSize:Point(0, 0), format:-1, blastBufferQueue:null
2025-09-11 23:27:08.129 29066-29066 BufferQueueConsumer     com.example.ragamfinal               D  [](id:718a00000019,api:0,p:-1,c:29066) connect: controlledByApp=false
2025-09-11 23:27:08.132 29066-29097 BufferQueueProducer     com.example.ragamfinal               D  [VRI[StudentSignInActivity]#25(BLAST Consumer)25](id:718a00000019,api:1,p:29066,c:29066) connect: api=1 producerControlledByApp=true
2025-09-11 23:27:08.132 29066-29097 OpenGLRenderer          com.example.ragamfinal               E  Unable to match the desired swap behavior.
2025-09-11 23:27:08.140 29066-29066 SurfaceControl          com.example.ragamfinal               I   setExtendedRangeBrightness sc=Surface(name=com.example.ragamfinal/com.example.ragamfinal.StudentSignInActivity)/@0x989c268,currentBufferRatio=1.0,desiredRatio=1.0
2025-09-11 23:27:08.142 29066-29097 BLASTBufferQueue        com.example.ragamfinal               D  [VRI[StudentSignInActivity]#25](f:0,a:1) acquireNextBufferLocked size=1080x2412 mFrameNumber=1 applyTransaction=true mTimestamp=49418096618074(auto) mPendingTransactions.size=0 graphicBufferId=124837519425654 transform=0
2025-09-11 23:27:08.143 29066-29097 VRI[Studen...nActivity] com.example.ragamfinal               D  Received frameCommittedCallback lastAttemptedDrawFrameNum=1 didProduceBuffer=true syncBuffer=false
2025-09-11 23:27:08.143 29066-29066 VRI[Studen...nActivity] com.example.ragamfinal               D  draw finished.
2025-09-11 23:27:08.143 29066-29066 VRI[Studen...nActivity] com.example.ragamfinal               D  reportDrawFinished
2025-09-11 23:27:08.143 29066-29066 ViewRootImplExtImpl     com.example.ragamfinal               D  setMaxDequeuedBufferCount: 2
2025-09-11 23:27:08.144 29066-29066 VRI[Studen...nActivity] com.example.ragamfinal               W  handleResized, msg:5, frameChanged:false, configChanged:false, displayChanged:false, attachedFrameChanged:false, compatScaleChanged:false, pendingDragResizing=false
2025-09-11 23:27:08.145 29066-29097 VRI[Studen...nActivity] com.example.ragamfinal               D  Received frameCommittedCallback lastAttemptedDrawFrameNum=2 didProduceBuffer=false syncBuffer=false
2025-09-11 23:27:08.145 29066-29066 VRI[Studen...nActivity] com.example.ragamfinal               D  draw finished.
2025-09-11 23:27:08.145 29066-29066 VRI[Studen...nActivity] com.example.ragamfinal               D  reportDrawFinished
2025-09-11 23:27:08.159 29066-29066 AssistStructure         com.example.ragamfinal               I  Flattened final assist data: 4608 bytes, containing 1 windows, 9 views
2025-09-11 23:27:08.298 29066-29066 VRI[Studen...nActivity] com.example.ragamfinal               D  onFocusEvent true
2025-09-11 23:27:08.673 29066-29107 VRI[UserOptionActivity] com.example.ragamfinal               D  dispatchAppVisibility visible:false
2025-09-11 23:27:08.680 29066-29066 OpenGLRenderer          com.example.ragamfinal               D  RenderProxy::destroy: this=0xb4000074fb55bd00, mContext=0xb4000074f63afd80
2025-09-11 23:27:08.680 29066-29097 OpenGLRenderer          com.example.ragamfinal               D  SkiaOpenGLPipeline::setSurface: this=0xb4000075112f4a80, surface=NULL
2025-09-11 23:27:08.680 29066-29097 BufferQueueProducer     com.example.ragamfinal               D  [VRI[UserOptionActivity]#24(BLAST Consumer)24](id:718a00000018,api:1,p:29066,c:29066) disconnect: api 1
2025-09-11 23:27:08.681 29066-29066 ViewRootImplExtImpl     com.example.ragamfinal               D  wrapConfigInfoIntoFlags rotation=0, smallestScreenWidthDp=360, relayoutAsync=false, newFlags=23592960, title=com.example.ragamfinal/com.example.ragamfinal.UserOptionActivity
2025-09-11 23:27:08.689 29066-29066 VRI[UserOptionActivity] com.example.ragamfinal               D  relayoutWindow result, sizeChanged:false, surfaceControlChanged:true, transformHintChanged:false, mSurfaceSize:Point(1080, 2412), mLastSurfaceSize:Point(1080, 2412), mWidth:1080, mHeight:2412, requestedWidth:1080, requestedHeight:2412, transformHint:0, lastTransformHint:0, installOrientation:0, displayRotation:0, isSurfaceValid:false, attr.flag:-2122252032, useBlast:true, tmpFrames:ClientWindowFrames{frame=[0,0][1080,2412] display=[0,0][1080,2412] parentFrame=[0,0][0,0]}
2025-09-11 23:27:08.690 29066-29066 BLASTBufferQueue        com.example.ragamfinal               D  [VRI[UserOptionActivity]#24](f:0,a:1) destructor()
2025-09-11 23:27:08.690 29066-29066 BufferQueueConsumer     com.example.ragamfinal               D  [VRI[UserOptionActivity]#24(BLAST Consumer)24](id:718a00000018,api:0,p:-1,c:29066) disconnect
2025-09-11 23:27:08.691 29066-29066 callGcSupression        com.example.ragamfinal               D  java.lang.NullPointerException: Attempt to invoke virtual method 'java.lang.Object java.lang.reflect.Method.invoke(java.lang.Object, java.lang.Object[])' on a null object reference
2025-09-11 23:27:08.691 29066-29066 VRI[UserOptionActivity] com.example.ragamfinal               D  setWindowStopped stopped:true
2025-09-11 23:27:09.115 29066-29066 OplusCursorFeedback     com.example.ragamfinal               D  getExtraCursorWidth
2025-09-11 23:27:09.115 29066-29066 OplusCursorFeedback     com.example.ragamfinal               D  getExtraLeftOffset
2025-09-11 23:27:09.144 29066-29111 OplusScrollToTopManager com.example.ragamfinal               D  com.example.ragamfinal/com.example.ragamfinal.UserOptionActivity,This DecorView@72b5783[UserOptionActivity] change focus to false
2025-09-11 23:27:09.147 29066-29066 ViewRootImplExtImpl     com.example.ragamfinal               D  the up motion event handled by client, just return
2025-09-11 23:27:09.299 29066-29111 OplusScrollToTopManager com.example.ragamfinal               D  com.example.ragamfinal/com.example.ragamfinal.StudentSignInActivity,This DecorView@7d789c6[StudentSignInActivity] change focus to true
2025-09-11 23:27:09.316 29066-29066 VRI[Studen...nActivity] com.example.ragamfinal               D  onFocusEvent false
2025-09-11 23:27:10.318 29066-29111 OplusScrollToTopManager com.example.ragamfinal               D  com.example.ragamfinal/com.example.ragamfinal.StudentSignInActivity,This DecorView@7d789c6[StudentSignInActivity] change focus to false
2025-09-11 23:27:10.744 29066-29066 callGcSupression        com.example.ragamfinal               D  java.lang.NullPointerException: Attempt to invoke virtual method 'java.lang.Object java.lang.reflect.Method.invoke(java.lang.Object, java.lang.Object[])' on a null object reference
2025-09-11 23:27:10.746 29066-29066 callGcSupression        com.example.ragamfinal               D  java.lang.NullPointerException: Attempt to invoke virtual method 'java.lang.Object java.lang.reflect.Method.invoke(java.lang.Object, java.lang.Object[])' on a null object reference
2025-09-11 23:27:10.746 29066-29066 ScrollOpti...neManager] com.example.ragamfinal               D  updateCurrentActivity: mCurrentActivityName=null, isOptEnable=true, isAnimAheadEnable=true, isFrameInsertEnable=true, InsertNum=1, isEnabledForScrollChanged=false
2025-09-11 23:27:10.761 29066-29066 VRI[Studen...nActivity] com.example.ragamfinal               D  onFocusEvent true
2025-09-11 23:27:10.782 29066-29066 VRI[Studen...nActivity] com.example.ragamfinal               D  onFocusEvent false
2025-09-11 23:27:11.788 29066-29111 OplusScrollToTopManager com.example.ragamfinal               D  com.example.ragamfinal/com.example.ragamfinal.StudentSignInActivity,This DecorView@7d789c6[StudentSignInActivity] change focus to false
2025-09-11 23:27:12.426 29066-29066 callGcSupression        com.example.ragamfinal               D  java.lang.NullPointerException: Attempt to invoke virtual method 'java.lang.Object java.lang.reflect.Method.invoke(java.lang.Object, java.lang.Object[])' on a null object reference
2025-09-11 23:27:12.428  1776-2541  OplusThermalStats       system_server                        E  Error getting package info: com.example.ragamfinal
2025-09-11 23:27:12.438 29066-29066 callGcSupression        com.example.ragamfinal               D  java.lang.NullPointerException: Attempt to invoke virtual method 'java.lang.Object java.lang.reflect.Method.invoke(java.lang.Object, java.lang.Object[])' on a null object reference
2025-09-11 23:27:12.448 29066-29066 ScrollOpti...neManager] com.example.ragamfinal               D  updateCurrentActivity: mCurrentActivityName=com.example.ragamfinal.StudentSignInActivity, isOptEnable=true, isAnimAheadEnable=true, isFrameInsertEnable=true, InsertNum=1, isEnabledForScrollChanged=false
2025-09-11 23:27:12.448 29066-29066 ActivityThread          com.example.ragamfinal               D  ComponentInfo{com.example.ragamfinal/com.example.ragamfinal.StudentSignInActivity} checkFinished=false 4
2025-09-11 23:27:12.448 29066-29066 ResourcesManagerExtImpl com.example.ragamfinal               D  applyConfigurationToAppResourcesLocked app.getDisplayId() return callback.displayId:-1
2025-09-11 23:27:12.453 29066-29066 VRI[Studen...nActivity] com.example.ragamfinal               D  onFocusEvent true
2025-09-11 23:27:12.479 29066-29066 OplusCursorFeedback     com.example.ragamfinal               D  getExtraCursorWidth
2025-09-11 23:27:12.479 29066-29066 OplusCursorFeedback     com.example.ragamfinal               D  getExtraLeftOffset
2025-09-11 23:27:13.165 29066-29066 ViewRootImplExtImpl     com.example.ragamfinal               D  the up motion event handled by client, just return
2025-09-11 23:27:13.252 29066-29066 ApiHelper               com.example.ragamfinal               D  Login response: {"status":"success","message":"Login successful","data":{"user_id":5,"email":"mohan@gmail.com","full_name":"Mohan","phone":"836646464","user_type":"student","profile_image":null,"bio":"","experience_years":0,"specialization":"","is_verified":0,"is_active":1}}
2025-09-11 23:27:13.296 29066-29066 callGcSupression        com.example.ragamfinal               D  java.lang.NullPointerException: Attempt to invoke virtual method 'java.lang.Object java.lang.reflect.Method.invoke(java.lang.Object, java.lang.Object[])' on a null object reference
2025-09-11 23:27:13.297 29066-29066 OplusScrollToTopManager com.example.ragamfinal               D  com.example.ragamfinal/com.example.ragamfinal.UserOptionActivity,window dying
2025-09-11 23:27:13.297 29066-29066 OplusScrollToTopManager com.example.ragamfinal               D  com.example.ragamfinal/com.example.ragamfinal.UserOptionActivity,unregisterSystemUIBroadcastReceiver 
2025-09-11 23:27:13.297 29066-29066 OplusScrollToTopManager com.example.ragamfinal               D  com.example.ragamfinal/com.example.ragamfinal.UserOptionActivity, unregisterSystemUIBroadcastReceiver failed java.lang.IllegalArgumentException: Receiver not registered: android.view.OplusScrollToTopManager$2@9bb3055
2025-09-11 23:27:13.299 29066-29066 WindowOnBackDispatcher  com.example.ragamfinal               W  sendCancelIfRunning: isInProgress=falsecallback=android.view.ViewRootImpl$$ExternalSyntheticLambda17@7c1e8df
2025-09-11 23:27:13.300 29066-29066 OpenGLRenderer          com.example.ragamfinal               D  RenderProxy::destroy: this=0xb4000074fb55bd00, mContext=0xb4000074f63afd80
2025-09-11 23:27:13.300 29066-29097 OpenGLRenderer          com.example.ragamfinal               D  SkiaOpenGLPipeline::setSurface: this=0xb4000075112f4a80, surface=NULL
2025-09-11 23:27:13.306 29066-29066 callGcSupression        com.example.ragamfinal               D  java.lang.NullPointerException: Attempt to invoke virtual method 'java.lang.Object java.lang.reflect.Method.invoke(java.lang.Object, java.lang.Object[])' on a null object reference
2025-09-11 23:27:13.308 29066-29066 callGcSupression        com.example.ragamfinal               D  java.lang.NullPointerException: Attempt to invoke virtual method 'java.lang.Object java.lang.reflect.Method.invoke(java.lang.Object, java.lang.Object[])' on a null object reference
2025-09-11 23:27:13.308 29066-29066 ScrollOpti...neManager] com.example.ragamfinal               D  updateCurrentActivity: mCurrentActivityName=null, isOptEnable=true, isAnimAheadEnable=true, isFrameInsertEnable=true, InsertNum=1, isEnabledForScrollChanged=false
2025-09-11 23:27:13.318 29066-29066 VRI[Studen...nActivity] com.example.ragamfinal               D  onFocusEvent false
2025-09-11 23:27:13.320 29066-29066 callGcSupression        com.example.ragamfinal               D  java.lang.NullPointerException: Attempt to invoke virtual method 'java.lang.Object java.lang.reflect.Method.invoke(java.lang.Object, java.lang.Object[])' on a null object reference
2025-09-11 23:27:13.337 29066-29066 ResourcesManagerExtImpl com.example.ragamfinal               D  applyConfigurationToAppResourcesLocked app.getDisplayId() return callback.displayId:-1
2025-09-11 23:27:13.359 29066-29066 oplus.andr...actoryImpl com.example.ragamfinal               I  get feature:IOplusDynamicVsyncFeature
2025-09-11 23:27:13.359 29066-29066 oplus.andr...actoryImpl com.example.ragamfinal               I  get feature:IOplusDynamicVsyncFeature
2025-09-11 23:27:13.359 29066-29066 oplus.andr...actoryImpl com.example.ragamfinal               I  get feature:IOplusDynamicVsyncFeature
2025-09-11 23:27:13.387 29066-29066 ScrollOpti...neManager] com.example.ragamfinal               D  updateCurrentActivity: mCurrentActivityName=com.example.ragamfinal.StudentHomeActivity, isOptEnable=true, isAnimAheadEnable=true, isFrameInsertEnable=true, InsertNum=1, isEnabledForScrollChanged=false
2025-09-11 23:27:13.387 29066-29066 ActivityThread          com.example.ragamfinal               D  ComponentInfo{com.example.ragamfinal/com.example.ragamfinal.StudentHomeActivity} checkFinished=false 2
2025-09-11 23:27:13.387 29066-29066 ResourcesManagerExtImpl com.example.ragamfinal               D  applyConfigurationToAppResourcesLocked app.getDisplayId() return callback.displayId:-1
2025-09-11 23:27:13.389 29066-29066 WindowManager           com.example.ragamfinal               D  Add to mViews: DecorView@9876159[StudentHomeActivity],pkg= com.example.ragamfinal
2025-09-11 23:27:13.400 29066-29066 InputEventReceiver      com.example.ragamfinal               D  Input log is disabled in InputEventReceiver.
2025-09-11 23:27:13.401 29066-29066 callGcSupression        com.example.ragamfinal               D  java.lang.NullPointerException: Attempt to invoke virtual method 'java.lang.Object java.lang.reflect.Method.invoke(java.lang.Object, java.lang.Object[])' on a null object reference
2025-09-11 23:27:13.401 29066-29066 ResourcesManagerExtImpl com.example.ragamfinal               D  applyConfigurationToAppResourcesLocked app.getDisplayId() return callback.displayId:-1
2025-09-11 23:27:13.401 29066-29066 Quality                 com.example.ragamfinal               I  Skipped: false 0 cost 14.827812 refreshRate 16666358 bit true processName com.example.ragamfinal
2025-09-11 23:27:13.402 29066-29066 OplusBracketLog         com.example.ragamfinal               E  [OplusViewMirrorManager] updateHostViewRootIfNeeded, not support android.view.ViewRootImpl@d3ea932
2025-09-11 23:27:13.409 29066-29066 ViewRootImplExtImpl     com.example.ragamfinal               D  wrapConfigInfoIntoFlags rotation=0, smallestScreenWidthDp=360, relayoutAsync=false, newFlags=23592960, title=com.example.ragamfinal/com.example.ragamfinal.StudentHomeActivity
2025-09-11 23:27:13.422 29066-29066 VRI[Studen...eActivity] com.example.ragamfinal               D  relayoutWindow result, sizeChanged:true, surfaceControlChanged:true, transformHintChanged:true, mSurfaceSize:Point(1080, 2412), mLastSurfaceSize:Point(0, 0), mWidth:-1, mHeight:-1, requestedWidth:1080, requestedHeight:2412, transformHint:0, lastTransformHint:-2147483648, installOrientation:0, displayRotation:0, isSurfaceValid:true, attr.flag:-2122252032, useBlast:true, tmpFrames:ClientWindowFrames{frame=[0,0][1080,2412] display=[0,0][1080,2412] parentFrame=[0,0][0,0]}
