2025-09-11 23:27:13.422 29066-29066 VRI[Studen...eActivity] com.example.ragamfinal               W  updateBlastSurfaceIfNeeded, surfaceSize:Point(1080, 2412), lastSurfaceSize:Point(0, 0), format:-1, blastBufferQueue:null
2025-09-11 23:27:13.422 29066-29066 BufferQueueConsumer     com.example.ragamfinal               D  [](id:718a0000001a,api:0,p:-1,c:29066) connect: controlledByApp=false
2025-09-11 23:27:13.424 29066-29097 BufferQueueProducer     com.example.ragamfinal               D  [VRI[StudentHomeActivity]#26(BLAST Consumer)26](id:718a0000001a,api:1,p:29066,c:29066) connect: api=1 producerControlledByApp=true
2025-09-11 23:27:13.424 29066-29097 OpenGLRenderer          com.example.ragamfinal               E  Unable to match the desired swap behavior.
2025-09-11 23:27:13.427 29066-29066 SurfaceControl          com.example.ragamfinal               I   setExtendedRangeBrightness sc=Surface(name=com.example.ragamfinal/com.example.ragamfinal.StudentHomeActivity)/@0x39a7263,currentBufferRatio=1.0,desiredRatio=1.0
2025-09-11 23:27:13.436 29066-29097 BLASTBufferQueue        com.example.ragamfinal               D  [VRI[StudentHomeActivity]#26](f:0,a:1) acquireNextBufferLocked size=1080x2412 mFrameNumber=1 applyTransaction=true mTimestamp=49423390320207(auto) mPendingTransactions.size=0 graphicBufferId=124837519425656 transform=0
2025-09-11 23:27:13.436 29066-29097 VRI[Studen...eActivity] com.example.ragamfinal               D  Received frameCommittedCallback lastAttemptedDrawFrameNum=1 didProduceBuffer=true syncBuffer=false
2025-09-11 23:27:13.437 29066-29066 VRI[Studen...eActivity] com.example.ragamfinal               D  draw finished.
2025-09-11 23:27:13.437 29066-29066 VRI[Studen...eActivity] com.example.ragamfinal               D  reportDrawFinished
2025-09-11 23:27:13.438 29066-29066 ViewRootImplExtImpl     com.example.ragamfinal               D  setMaxDequeuedBufferCount: 2
2025-09-11 23:27:13.439 29066-29066 Quality                 com.example.ragamfinal               I  Skipped: false 1 cost 26.255636 refreshRate 16664870 bit true processName com.example.ragamfinal
2025-09-11 23:27:13.533 29066-29066 VRI[Studen...eActivity] com.example.ragamfinal               D  onFocusEvent true
2025-09-11 23:27:13.908 29066-29077 VRI[Studen...nActivity] com.example.ragamfinal               D  dispatchAppVisibility visible:false
2025-09-11 23:27:13.915 29066-29066 OpenGLRenderer          com.example.ragamfinal               D  RenderProxy::destroy: this=0xb4000074fb49f280, mContext=0xb4000074851bfc80
2025-09-11 23:27:13.915 29066-29097 OpenGLRenderer          com.example.ragamfinal               D  SkiaOpenGLPipeline::setSurface: this=0xb4000074785ab040, surface=NULL
2025-09-11 23:27:13.915 29066-29097 BufferQueueProducer     com.example.ragamfinal               D  [VRI[StudentSignInActivity]#25(BLAST Consumer)25](id:718a00000019,api:1,p:29066,c:29066) disconnect: api 1
2025-09-11 23:27:13.916 29066-29066 ViewRootImplExtImpl     com.example.ragamfinal               D  wrapConfigInfoIntoFlags rotation=0, smallestScreenWidthDp=360, relayoutAsync=false, newFlags=23592960, title=com.example.ragamfinal/com.example.ragamfinal.StudentSignInActivity
2025-09-11 23:27:13.921 29066-29066 VRI[Studen...nActivity] com.example.ragamfinal               D  relayoutWindow result, sizeChanged:false, surfaceControlChanged:true, transformHintChanged:false, mSurfaceSize:Point(1080, 2412), mLastSurfaceSize:Point(1080, 2412), mWidth:1080, mHeight:2412, requestedWidth:1080, requestedHeight:2412, transformHint:0, lastTransformHint:0, installOrientation:0, displayRotation:0, isSurfaceValid:false, attr.flag:-2122252032, useBlast:true, tmpFrames:ClientWindowFrames{frame=[0,0][1080,2412] display=[0,0][1080,2412] parentFrame=[0,0][0,0]}
2025-09-11 23:27:13.921 29066-29066 BLASTBufferQueue        com.example.ragamfinal               D  [VRI[StudentSignInActivity]#25](f:0,a:2) destructor()
2025-09-11 23:27:13.922 29066-29066 BufferQueueConsumer     com.example.ragamfinal               D  [VRI[StudentSignInActivity]#25(BLAST Consumer)25](id:718a00000019,api:0,p:-1,c:29066) disconnect
2025-09-11 23:27:13.922 29066-29066 callGcSupression        com.example.ragamfinal               D  java.lang.NullPointerException: Attempt to invoke virtual method 'java.lang.Object java.lang.reflect.Method.invoke(java.lang.Object, java.lang.Object[])' on a null object reference
2025-09-11 23:27:13.923 29066-29066 VRI[Studen...nActivity] com.example.ragamfinal               D  setWindowStopped stopped:true
2025-09-11 23:27:13.925 29066-29066 OplusScrollToTopManager com.example.ragamfinal               D  com.example.ragamfinal/com.example.ragamfinal.StudentSignInActivity,window dying
2025-09-11 23:27:13.925 29066-29066 OplusScrollToTopManager com.example.ragamfinal               D  com.example.ragamfinal/com.example.ragamfinal.StudentSignInActivity,unregisterSystemUIBroadcastReceiver 
2025-09-11 23:27:13.925 29066-29066 OplusScrollToTopManager com.example.ragamfinal               D  com.example.ragamfinal/com.example.ragamfinal.StudentSignInActivity, unregisterSystemUIBroadcastReceiver failed java.lang.IllegalArgumentException: Receiver not registered: android.view.OplusScrollToTopManager$2@a21cadb
2025-09-11 23:27:13.926 29066-29066 WindowOnBackDispatcher  com.example.ragamfinal               W  sendCancelIfRunning: isInProgress=falsecallback=android.view.ViewRootImpl$$ExternalSyntheticLambda17@25fd711
2025-09-11 23:27:13.926 29066-29066 OplusCursorFeedback     com.example.ragamfinal               D  editorDetachFromWindow android.widget.Editor@c944978
2025-09-11 23:27:13.926 29066-29066 OplusCursorFeedback     com.example.ragamfinal               D  editorDetachFromWindow android.widget.Editor@4560851
2025-09-11 23:27:13.927 29066-29066 OpenGLRenderer          com.example.ragamfinal               D  RenderProxy::destroy: this=0xb4000074fb49f280, mContext=0xb4000074851bfc80
2025-09-11 23:27:13.927 29066-29097 OpenGLRenderer          com.example.ragamfinal               D  SkiaOpenGLPipeline::setSurface: this=0xb4000074785ab040, surface=NULL
2025-09-11 23:27:14.536 29066-29111 OplusScrollToTopManager com.example.ragamfinal               D  com.example.ragamfinal/com.example.ragamfinal.StudentHomeActivity,This DecorView@9876159[StudentHomeActivity] change focus to true
2025-09-11 23:27:14.767 29066-29066 ViewRootImplExtImpl     com.example.ragamfinal               D  the up motion event handled by client, just return
2025-09-11 23:27:14.786 29066-29066 callGcSupression        com.example.ragamfinal               D  java.lang.NullPointerException: Attempt to invoke virtual method 'java.lang.Object java.lang.reflect.Method.invoke(java.lang.Object, java.lang.Object[])' on a null object reference
2025-09-11 23:27:14.788 29066-29066 callGcSupression        com.example.ragamfinal               D  java.lang.NullPointerException: Attempt to invoke virtual method 'java.lang.Object java.lang.reflect.Method.invoke(java.lang.Object, java.lang.Object[])' on a null object reference
2025-09-11 23:27:14.788 29066-29066 ScrollOpti...neManager] com.example.ragamfinal               D  updateCurrentActivity: mCurrentActivityName=null, isOptEnable=true, isAnimAheadEnable=true, isFrameInsertEnable=true, InsertNum=1, isEnabledForScrollChanged=false
2025-09-11 23:27:14.799 29066-29066 callGcSupression        com.example.ragamfinal               D  java.lang.NullPointerException: Attempt to invoke virtual method 'java.lang.Object java.lang.reflect.Method.invoke(java.lang.Object, java.lang.Object[])' on a null object reference
2025-09-11 23:27:14.802 29066-29066 ResourcesManagerExtImpl com.example.ragamfinal               D  applyConfigurationToAppResourcesLocked app.getDisplayId() return callback.displayId:-1
2025-09-11 23:27:14.830 29066-29066 ScrollOpti...neManager] com.example.ragamfinal               D  updateCurrentActivity: mCurrentActivityName=com.example.ragamfinal.CoursesActivity, isOptEnable=true, isAnimAheadEnable=true, isFrameInsertEnable=true, InsertNum=1, isEnabledForScrollChanged=false
2025-09-11 23:27:14.830 29066-29066 ActivityThread          com.example.ragamfinal               D  ComponentInfo{com.example.ragamfinal/com.example.ragamfinal.CoursesActivity} checkFinished=false 2
2025-09-11 23:27:14.830 29066-29066 ResourcesManagerExtImpl com.example.ragamfinal               D  applyConfigurationToAppResourcesLocked app.getDisplayId() return callback.displayId:-1
2025-09-11 23:27:14.832 29066-29066 WindowManager           com.example.ragamfinal               D  Add to mViews: DecorView@af0c65a[CoursesActivity],pkg= com.example.ragamfinal
2025-09-11 23:27:14.839 29066-29066 InputEventReceiver      com.example.ragamfinal               D  Input log is disabled in InputEventReceiver.
2025-09-11 23:27:14.839 29066-29066 VRI[Studen...eActivity] com.example.ragamfinal               D  onFocusEvent false
2025-09-11 23:27:14.840 29066-29066 callGcSupression        com.example.ragamfinal               D  java.lang.NullPointerException: Attempt to invoke virtual method 'java.lang.Object java.lang.reflect.Method.invoke(java.lang.Object, java.lang.Object[])' on a null object reference
2025-09-11 23:27:14.840 29066-29066 ResourcesManagerExtImpl com.example.ragamfinal               D  applyConfigurationToAppResourcesLocked app.getDisplayId() return callback.displayId:-1
2025-09-11 23:27:14.847 29066-29066 OplusBracketLog         com.example.ragamfinal               E  [OplusViewMirrorManager] updateHostViewRootIfNeeded, not support android.view.ViewRootImpl@f35e7c8
2025-09-11 23:27:14.854 29066-29066 ViewRootImplExtImpl     com.example.ragamfinal               D  wrapConfigInfoIntoFlags rotation=0, smallestScreenWidthDp=360, relayoutAsync=false, newFlags=23592960, title=com.example.ragamfinal/com.example.ragamfinal.CoursesActivity
2025-09-11 23:27:14.866 29066-29066 VRI[CoursesActivity]    com.example.ragamfinal               D  relayoutWindow result, sizeChanged:true, surfaceControlChanged:true, transformHintChanged:true, mSurfaceSize:Point(1080, 2412), mLastSurfaceSize:Point(0, 0), mWidth:-1, mHeight:-1, requestedWidth:1080, requestedHeight:2412, transformHint:0, lastTransformHint:-2147483648, installOrientation:0, displayRotation:0, isSurfaceValid:true, attr.flag:-2122252032, useBlast:true, tmpFrames:ClientWindowFrames{frame=[0,0][1080,2412] display=[0,0][1080,2412] parentFrame=[0,0][0,0]}
2025-09-11 23:27:14.866 29066-29066 VRI[CoursesActivity]    com.example.ragamfinal               W  updateBlastSurfaceIfNeeded, surfaceSize:Point(1080, 2412), lastSurfaceSize:Point(0, 0), format:-1, blastBufferQueue:null
2025-09-11 23:27:14.866 29066-29066 BufferQueueConsumer     com.example.ragamfinal               D  [](id:718a0000001b,api:0,p:-1,c:29066) connect: controlledByApp=false
2025-09-11 23:27:14.868 29066-29097 BufferQueueProducer     com.example.ragamfinal               D  [VRI[CoursesActivity]#27(BLAST Consumer)27](id:718a0000001b,api:1,p:29066,c:29066) connect: api=1 producerControlledByApp=true
2025-09-11 23:27:14.868 29066-29097 OpenGLRenderer          com.example.ragamfinal               E  Unable to match the desired swap behavior.
2025-09-11 23:27:14.872 29066-29066 SurfaceControl          com.example.ragamfinal               I   setExtendedRangeBrightness sc=Surface(name=com.example.ragamfinal/com.example.ragamfinal.CoursesActivity)/@0x16d2f8,currentBufferRatio=1.0,desiredRatio=1.0
2025-09-11 23:27:14.875 29066-29097 BLASTBufferQueue        com.example.ragamfinal               D  [VRI[CoursesActivity]#27](f:0,a:1) acquireNextBufferLocked size=1080x2412 mFrameNumber=1 applyTransaction=true mTimestamp=49424829426561(auto) mPendingTransactions.size=0 graphicBufferId=124837519425662 transform=0
2025-09-11 23:27:14.875 29066-29097 VRI[CoursesActivity]    com.example.ragamfinal               D  Received frameCommittedCallback lastAttemptedDrawFrameNum=1 didProduceBuffer=true syncBuffer=false
2025-09-11 23:27:14.876 29066-29097 OpenGLRenderer          com.example.ragamfinal               D  SkiaOpenGLPipeline::setSurface: this=0xb4000074785ab040, surface=NULL
2025-09-11 23:27:14.876 29066-29066 VRI[CoursesActivity]    com.example.ragamfinal               D  draw finished.
2025-09-11 23:27:14.876 29066-29066 VRI[CoursesActivity]    com.example.ragamfinal               D  reportDrawFinished
2025-09-11 23:27:14.876 29066-29097 OpenGLRenderer          com.example.ragamfinal               D  SkiaOpenGLPipeline::setSurface: this=0xb4000075112f4a80, surface=NULL
2025-09-11 23:27:14.876 29066-29066 ViewRootImplExtImpl     com.example.ragamfinal               D  setMaxDequeuedBufferCount: 2
2025-09-11 23:27:14.877 29066-29066 VRI[CoursesActivity]    com.example.ragamfinal               W  handleResized, msg:5, frameChanged:false, configChanged:false, displayChanged:false, attachedFrameChanged:false, compatScaleChanged:false, pendingDragResizing=false
2025-09-11 23:27:14.878 29066-29097 VRI[CoursesActivity]    com.example.ragamfinal               D  Received frameCommittedCallback lastAttemptedDrawFrameNum=2 didProduceBuffer=false syncBuffer=false
2025-09-11 23:27:14.878 29066-29066 VRI[CoursesActivity]    com.example.ragamfinal               D  draw finished.
2025-09-11 23:27:14.878 29066-29066 VRI[CoursesActivity]    com.example.ragamfinal               D  reportDrawFinished
2025-09-11 23:27:14.880 29066-29097 OpenGLRenderer          com.example.ragamfinal               D  SkiaOpenGLPipeline::setSurface: this=0xb4000074792c6340, surface=NULL
2025-09-11 23:27:14.882 29066-29097 OpenGLRenderer          com.example.ragamfinal               D  SkiaOpenGLPipeline::setSurface: this=0xb4000074f63a4a40, surface=NULL
2025-09-11 23:27:14.882 29066-29097 OpenGLRenderer          com.example.ragamfinal               D  SkiaOpenGLPipeline::setSurface: this=0xb4000075113179c0, surface=NULL
2025-09-11 23:27:14.884 29066-29097 OpenGLRenderer          com.example.ragamfinal               D  SkiaOpenGLPipeline::setSurface: this=0xb4000074792c3dc0, surface=NULL
2025-09-11 23:27:14.931 29066-29066 Quality                 com.example.ragamfinal               I  Skipped: true 1 cost 18.21858 refreshRate 16670063 bit true processName com.example.ragamfinal
2025-09-11 23:27:15.032 29066-29066 VRI[CoursesActivity]    com.example.ragamfinal               D  onFocusEvent true
2025-09-11 23:27:15.413 29066-29078 VRI[Studen...eActivity] com.example.ragamfinal               D  dispatchAppVisibility visible:false
2025-09-11 23:27:15.431 29066-29066 OpenGLRenderer          com.example.ragamfinal               D  RenderProxy::destroy: this=0xb4000074fb4a1800, mContext=0xb400007493324cc0
2025-09-11 23:27:15.431 29066-29097 OpenGLRenderer          com.example.ragamfinal               D  SkiaOpenGLPipeline::setSurface: this=0xb4000074792c3280, surface=NULL
2025-09-11 23:27:15.431 29066-29097 BufferQueueProducer     com.example.ragamfinal               D  [VRI[StudentHomeActivity]#26(BLAST Consumer)26](id:718a0000001a,api:1,p:29066,c:29066) disconnect: api 1
2025-09-11 23:27:15.432 29066-29066 ViewRootImplExtImpl     com.example.ragamfinal               D  wrapConfigInfoIntoFlags rotation=0, smallestScreenWidthDp=360, relayoutAsync=false, newFlags=23592960, title=com.example.ragamfinal/com.example.ragamfinal.StudentHomeActivity
2025-09-11 23:27:15.441 29066-29066 VRI[Studen...eActivity] com.example.ragamfinal               D  relayoutWindow result, sizeChanged:false, surfaceControlChanged:true, transformHintChanged:false, mSurfaceSize:Point(1080, 2412), mLastSurfaceSize:Point(1080, 2412), mWidth:1080, mHeight:2412, requestedWidth:1080, requestedHeight:2412, transformHint:0, lastTransformHint:0, installOrientation:0, displayRotation:0, isSurfaceValid:false, attr.flag:-2122252032, useBlast:true, tmpFrames:ClientWindowFrames{frame=[0,0][1080,2412] display=[0,0][1080,2412] parentFrame=[0,0][0,0]}
2025-09-11 23:27:15.441 29066-29066 BLASTBufferQueue        com.example.ragamfinal               D  [VRI[StudentHomeActivity]#26](f:0,a:1) destructor()
2025-09-11 23:27:15.441 29066-29066 BufferQueueConsumer     com.example.ragamfinal               D  [VRI[StudentHomeActivity]#26(BLAST Consumer)26](id:718a0000001a,api:0,p:-1,c:29066) disconnect
2025-09-11 23:27:15.443 29066-29066 callGcSupression        com.example.ragamfinal               D  java.lang.NullPointerException: Attempt to invoke virtual method 'java.lang.Object java.lang.reflect.Method.invoke(java.lang.Object, java.lang.Object[])' on a null object reference
2025-09-11 23:27:15.444 29066-29066 VRI[Studen...eActivity] com.example.ragamfinal               D  setWindowStopped stopped:true
2025-09-11 23:27:15.464 29066-29066 ViewRootImplExtImpl     com.example.ragamfinal               D  wrapConfigInfoIntoFlags rotation=0, smallestScreenWidthDp=360, relayoutAsync=false, newFlags=23592960, title=com.example.ragamfinal/com.example.ragamfinal.StudentHomeActivity
2025-09-11 23:27:15.475 29066-29066 VRI[Studen...eActivity] com.example.ragamfinal               D  relayoutWindow result, sizeChanged:false, surfaceControlChanged:true, transformHintChanged:false, mSurfaceSize:Point(1080, 2412), mLastSurfaceSize:Point(1080, 2412), mWidth:1080, mHeight:2412, requestedWidth:1080, requestedHeight:2412, transformHint:0, lastTransformHint:0, installOrientation:0, displayRotation:0, isSurfaceValid:false, attr.flag:-2122252032, useBlast:true, tmpFrames:ClientWindowFrames{frame=[0,0][1080,2412] display=[0,0][1080,2412] parentFrame=[0,0][0,0]}
2025-09-11 23:27:15.808 29066-29066 ViewRootImplExtImpl     com.example.ragamfinal               D  the up motion event handled by client, just return
2025-09-11 23:27:15.836 29066-29066 callGcSupression        com.example.ragamfinal               D  java.lang.NullPointerException: Attempt to invoke virtual method 'java.lang.Object java.lang.reflect.Method.invoke(java.lang.Object, java.lang.Object[])' on a null object reference
2025-09-11 23:27:15.838 29066-29066 callGcSupression        com.example.ragamfinal               D  java.lang.NullPointerException: Attempt to invoke virtual method 'java.lang.Object java.lang.reflect.Method.invoke(java.lang.Object, java.lang.Object[])' on a null object reference
2025-09-11 23:27:15.838 29066-29066 ScrollOpti...neManager] com.example.ragamfinal               D  updateCurrentActivity: mCurrentActivityName=null, isOptEnable=true, isAnimAheadEnable=true, isFrameInsertEnable=true, InsertNum=1, isEnabledForScrollChanged=false
2025-09-11 23:27:15.850 29066-29066 callGcSupression        com.example.ragamfinal               D  java.lang.NullPointerException: Attempt to invoke virtual method 'java.lang.Object java.lang.reflect.Method.invoke(java.lang.Object, java.lang.Object[])' on a null object reference
2025-09-11 23:27:15.855 29066-29066 ResourcesManagerExtImpl com.example.ragamfinal               D  applyConfigurationToAppResourcesLocked app.getDisplayId() return callback.displayId:-1
2025-09-11 23:27:15.869 29066-29066 oplus.andr...actoryImpl com.example.ragamfinal               I  get feature:IOplusDynamicVsyncFeature
2025-09-11 23:27:15.869 29066-29066 oplus.andr...actoryImpl com.example.ragamfinal               I  get feature:IOplusDynamicVsyncFeature
2025-09-11 23:27:15.869 29066-29066 oplus.andr...actoryImpl com.example.ragamfinal               I  get feature:IOplusDynamicVsyncFeature
2025-09-11 23:27:15.877 29066-29111 OplusScrollToTopManager com.example.ragamfinal               D  com.example.ragamfinal/com.example.ragamfinal.StudentHomeActivity,This DecorView@9876159[StudentHomeActivity] change focus to false
2025-09-11 23:27:15.894 29066-29066 ScrollOpti...neManager] com.example.ragamfinal               D  updateCurrentActivity: mCurrentActivityName=com.example.ragamfinal.CourseDetailActivity, isOptEnable=true, isAnimAheadEnable=true, isFrameInsertEnable=true, InsertNum=1, isEnabledForScrollChanged=false
2025-09-11 23:27:15.894 29066-29066 ActivityThread          com.example.ragamfinal               D  ComponentInfo{com.example.ragamfinal/com.example.ragamfinal.CourseDetailActivity} checkFinished=false 2
2025-09-11 23:27:15.895 29066-29066 ResourcesManagerExtImpl com.example.ragamfinal               D  applyConfigurationToAppResourcesLocked app.getDisplayId() return callback.displayId:-1
2025-09-11 23:27:15.897 29066-29066 WindowManager           com.example.ragamfinal               D  Add to mViews: DecorView@8eef9f4[CourseDetailActivity],pkg= com.example.ragamfinal
2025-09-11 23:27:15.904 29066-29066 InputEventReceiver      com.example.ragamfinal               D  Input log is disabled in InputEventReceiver.
2025-09-11 23:27:15.904 29066-29066 VRI[CoursesActivity]    com.example.ragamfinal               D  onFocusEvent false
2025-09-11 23:27:15.905 29066-29066 OplusBracketLog         com.example.ragamfinal               E  [OplusViewMirrorManager] updateHostViewRootIfNeeded, not support android.view.ViewRootImpl@34b938c
2025-09-11 23:27:15.909 29066-29066 ViewRootImplExtImpl     com.example.ragamfinal               D  wrapConfigInfoIntoFlags rotation=0, smallestScreenWidthDp=360, relayoutAsync=false, newFlags=23592960, title=com.example.ragamfinal/com.example.ragamfinal.CourseDetailActivity
2025-09-11 23:27:15.920 29066-29066 VRI[Course...lActivity] com.example.ragamfinal               D  relayoutWindow result, sizeChanged:true, surfaceControlChanged:true, transformHintChanged:true, mSurfaceSize:Point(1080, 2412), mLastSurfaceSize:Point(0, 0), mWidth:-1, mHeight:-1, requestedWidth:1080, requestedHeight:2412, transformHint:0, lastTransformHint:-2147483648, installOrientation:0, displayRotation:0, isSurfaceValid:true, attr.flag:-2122252032, useBlast:true, tmpFrames:ClientWindowFrames{frame=[0,0][1080,2412] display=[0,0][1080,2412] parentFrame=[0,0][0,0]}
2025-09-11 23:27:15.920 29066-29066 VRI[Course...lActivity] com.example.ragamfinal               W  updateBlastSurfaceIfNeeded, surfaceSize:Point(1080, 2412), lastSurfaceSize:Point(0, 0), format:-1, blastBufferQueue:null
2025-09-11 23:27:15.920 29066-29066 BufferQueueConsumer     com.example.ragamfinal               D  [](id:718a0000001c,api:0,p:-1,c:29066) connect: controlledByApp=false
2025-09-11 23:27:15.922 29066-29097 BufferQueueProducer     com.example.ragamfinal               D  [VRI[CourseDetailActivity]#28(BLAST Consumer)28](id:718a0000001c,api:1,p:29066,c:29066) connect: api=1 producerControlledByApp=true
2025-09-11 23:27:15.922 29066-29097 OpenGLRenderer          com.example.ragamfinal               E  Unable to match the desired swap behavior.
2025-09-11 23:27:15.923 29066-29066 SurfaceControl          com.example.ragamfinal               I   setExtendedRangeBrightness sc=Surface(name=com.example.ragamfinal/com.example.ragamfinal.CourseDetailActivity)/@0x7381f51,currentBufferRatio=1.0,desiredRatio=1.0
2025-09-11 23:27:15.929 29066-29097 BLASTBufferQueue        com.example.ragamfinal               D  [VRI[CourseDetailActivity]#28](f:0,a:1) acquireNextBufferLocked size=1080x2412 mFrameNumber=1 applyTransaction=true mTimestamp=49425882684112(auto) mPendingTransactions.size=0 graphicBufferId=124837519425665 transform=0
2025-09-11 23:27:15.929 29066-29097 VRI[Course...lActivity] com.example.ragamfinal               D  Received frameCommittedCallback lastAttemptedDrawFrameNum=1 didProduceBuffer=true syncBuffer=false
2025-09-11 23:27:15.929 29066-29066 VRI[Course...lActivity] com.example.ragamfinal               D  draw finished.
2025-09-11 23:27:15.929 29066-29066 VRI[Course...lActivity] com.example.ragamfinal               D  reportDrawFinished
2025-09-11 23:27:15.929 29066-29066 ViewRootImplExtImpl     com.example.ragamfinal               D  setMaxDequeuedBufferCount: 2
2025-09-11 23:27:15.930 29066-29066 callGcSupression        com.example.ragamfinal               D  java.lang.NullPointerException: Attempt to invoke virtual method 'java.lang.Object java.lang.reflect.Method.invoke(java.lang.Object, java.lang.Object[])' on a null object reference
2025-09-11 23:27:15.930 29066-29066 ResourcesManagerExtImpl com.example.ragamfinal               D  applyConfigurationToAppResourcesLocked app.getDisplayId() return callback.displayId:-1
2025-09-11 23:27:15.931 29066-29066 Quality                 com.example.ragamfinal               I  Skipped: false 1 cost 18.416204 refreshRate 16664582 bit true processName com.example.ragamfinal
2025-09-11 23:27:15.932 29066-29066 VRI[Course...lActivity] com.example.ragamfinal               W  handleResized, msg:5, frameChanged:false, configChanged:false, displayChanged:false, attachedFrameChanged:false, compatScaleChanged:false, pendingDragResizing=false
2025-09-11 23:27:15.950 29066-29097 VRI[Course...lActivity] com.example.ragamfinal               D  Received frameCommittedCallback lastAttemptedDrawFrameNum=2 didProduceBuffer=true syncBuffer=false
2025-09-11 23:27:15.951 29066-29066 VRI[Course...lActivity] com.example.ragamfinal               D  draw finished.
2025-09-11 23:27:15.951 29066-29066 VRI[Course...lActivity] com.example.ragamfinal               D  reportDrawFinished
2025-09-11 23:27:16.067 29066-29066 VRI[Course...lActivity] com.example.ragamfinal               D  onFocusEvent true
2025-09-11 23:27:16.436 29066-30848 VRI[CoursesActivity]    com.example.ragamfinal               D  dispatchAppVisibility visible:false
2025-09-11 23:27:16.447 29066-29066 OpenGLRenderer          com.example.ragamfinal               D  RenderProxy::destroy: this=0xb400007478592500, mContext=0xb4000073f482c180
2025-09-11 23:27:16.447 29066-29097 OpenGLRenderer          com.example.ragamfinal               D  SkiaOpenGLPipeline::setSurface: this=0xb4000074f63a5bc0, surface=NULL
2025-09-11 23:27:16.448 29066-29097 BufferQueueProducer     com.example.ragamfinal               D  [VRI[CoursesActivity]#27(BLAST Consumer)27](id:718a0000001b,api:1,p:29066,c:29066) disconnect: api 1
2025-09-11 23:27:16.449 29066-29066 ViewRootImplExtImpl     com.example.ragamfinal               D  wrapConfigInfoIntoFlags rotation=0, smallestScreenWidthDp=360, relayoutAsync=false, newFlags=23592960, title=com.example.ragamfinal/com.example.ragamfinal.CoursesActivity
2025-09-11 23:27:16.453 29066-29066 VRI[CoursesActivity]    com.example.ragamfinal               D  relayoutWindow result, sizeChanged:false, surfaceControlChanged:true, transformHintChanged:false, mSurfaceSize:Point(1080, 2412), mLastSurfaceSize:Point(1080, 2412), mWidth:1080, mHeight:2412, requestedWidth:1080, requestedHeight:2412, transformHint:0, lastTransformHint:0, installOrientation:0, displayRotation:0, isSurfaceValid:false, attr.flag:-2122252032, useBlast:true, tmpFrames:ClientWindowFrames{frame=[0,0][1080,2412] display=[0,0][1080,2412] parentFrame=[0,0][0,0]}
2025-09-11 23:27:16.453 29066-29066 BLASTBufferQueue        com.example.ragamfinal               D  [VRI[CoursesActivity]#27](f:0,a:2) destructor()
2025-09-11 23:27:16.453 29066-29066 BufferQueueConsumer     com.example.ragamfinal               D  [VRI[CoursesActivity]#27(BLAST Consumer)27](id:718a0000001b,api:0,p:-1,c:29066) disconnect
2025-09-11 23:27:16.454 29066-29066 callGcSupression        com.example.ragamfinal               D  java.lang.NullPointerException: Attempt to invoke virtual method 'java.lang.Object java.lang.reflect.Method.invoke(java.lang.Object, java.lang.Object[])' on a null object reference
2025-09-11 23:27:16.455 29066-29066 VRI[CoursesActivity]    com.example.ragamfinal               D  setWindowStopped stopped:true
2025-09-11 23:27:16.463 29066-29066 ViewRootImplExtImpl     com.example.ragamfinal               D  wrapConfigInfoIntoFlags rotation=0, smallestScreenWidthDp=360, relayoutAsync=false, newFlags=23592960, title=com.example.ragamfinal/com.example.ragamfinal.CoursesActivity
2025-09-11 23:27:16.472 29066-29066 VRI[CoursesActivity]    com.example.ragamfinal               D  relayoutWindow result, sizeChanged:false, surfaceControlChanged:true, transformHintChanged:false, mSurfaceSize:Point(1080, 2412), mLastSurfaceSize:Point(1080, 2412), mWidth:1080, mHeight:2412, requestedWidth:1080, requestedHeight:2412, transformHint:0, lastTransformHint:0, installOrientation:0, displayRotation:0, isSurfaceValid:false, attr.flag:-2122252032, useBlast:true, tmpFrames:ClientWindowFrames{frame=[0,0][1080,2412] display=[0,0][1080,2412] parentFrame=[0,0][0,0]}
2025-09-11 23:27:16.935 29066-29111 OplusScrollToTopManager com.example.ragamfinal               D  com.example.ragamfinal/com.example.ragamfinal.CoursesActivity,This DecorView@af0c65a[CoursesActivity] change focus to false
2025-09-11 23:27:17.068 29066-29111 OplusScrollToTopManager com.example.ragamfinal               D  com.example.ragamfinal/com.example.ragamfinal.CourseDetailActivity,This DecorView@8eef9f4[CourseDetailActivity] change focus to true
2025-09-11 23:27:18.314 29066-29066 ViewRootImplExtImpl     com.example.ragamfinal               D  the up motion event handled by client, just return
2025-09-11 23:27:18.324 29066-29066 ApiHelper               com.example.ragamfinal               D  Enrolling with data: {"student_id":5,"course_id":8}
2025-09-11 23:27:18.418 29066-29066 ApiHelper               com.example.ragamfinal               D  Enrollment response: {"status":"success","message":"Enrollment successful","data":{"enrollment_id":"0","payment_status":"completed"}}
2025-09-11 23:27:18.419 29066-29066 CourseDetail            com.example.ragamfinal               D  Enrollment response: {"status":"success","message":"Enrollment successful","data":{"enrollment_id":"0","payment_status":"completed"}}
2025-09-11 23:27:19.435 29066-29066 ViewRootImplExtImpl     com.example.ragamfinal               D  the up motion event handled by client, just return
2025-09-11 23:27:19.459 29066-29066 callGcSupression        com.example.ragamfinal               D  java.lang.NullPointerException: Attempt to invoke virtual method 'java.lang.Object java.lang.reflect.Method.invoke(java.lang.Object, java.lang.Object[])' on a null object reference
2025-09-11 23:27:19.460 29066-29066 callGcSupression        com.example.ragamfinal               D  java.lang.NullPointerException: Attempt to invoke virtual method 'java.lang.Object java.lang.reflect.Method.invoke(java.lang.Object, java.lang.Object[])' on a null object reference
2025-09-11 23:27:19.460 29066-29066 ScrollOpti...neManager] com.example.ragamfinal               D  updateCurrentActivity: mCurrentActivityName=null, isOptEnable=true, isAnimAheadEnable=true, isFrameInsertEnable=true, InsertNum=1, isEnabledForScrollChanged=false
2025-09-11 23:27:19.470 29066-29066 callGcSupression        com.example.ragamfinal               D  java.lang.NullPointerException: Attempt to invoke virtual method 'java.lang.Object java.lang.reflect.Method.invoke(java.lang.Object, java.lang.Object[])' on a null object reference
2025-09-11 23:27:19.473 29066-29066 ResourcesManagerExtImpl com.example.ragamfinal               D  applyConfigurationToAppResourcesLocked app.getDisplayId() return callback.displayId:-1
2025-09-11 23:27:19.593 29066-29066 ScrollOpti...neManager] com.example.ragamfinal               D  updateCurrentActivity: mCurrentActivityName=com.example.ragamfinal.VideoPlayerActivity, isOptEnable=true, isAnimAheadEnable=true, isFrameInsertEnable=true, InsertNum=1, isEnabledForScrollChanged=false
2025-09-11 23:27:19.593 29066-29066 ActivityThread          com.example.ragamfinal               D  ComponentInfo{com.example.ragamfinal/com.example.ragamfinal.VideoPlayerActivity} checkFinished=false 2
2025-09-11 23:27:19.593 29066-29066 ResourcesManagerExtImpl com.example.ragamfinal               D  applyConfigurationToAppResourcesLocked app.getDisplayId() return callback.displayId:-1
2025-09-11 23:27:19.596 29066-29066 WindowManager           com.example.ragamfinal               D  Add to mViews: DecorView@aaac99b[VideoPlayerActivity],pkg= com.example.ragamfinal
2025-09-11 23:27:19.604 29066-29066 InputEventReceiver      com.example.ragamfinal               D  Input log is disabled in InputEventReceiver.
2025-09-11 23:27:19.605 29066-29066 VRI[Course...lActivity] com.example.ragamfinal               D  onFocusEvent false
2025-09-11 23:27:19.605 29066-29066 callGcSupression        com.example.ragamfinal               D  java.lang.NullPointerException: Attempt to invoke virtual method 'java.lang.Object java.lang.reflect.Method.invoke(java.lang.Object, java.lang.Object[])' on a null object reference
2025-09-11 23:27:19.605 29066-29066 ResourcesManagerExtImpl com.example.ragamfinal               D  applyConfigurationToAppResourcesLocked app.getDisplayId() return callback.displayId:-1
2025-09-11 23:27:19.605 29066-29066 callGcSupression        com.example.ragamfinal               D  java.lang.NullPointerException: Attempt to invoke virtual method 'java.lang.Object java.lang.reflect.Method.invoke(java.lang.Object, java.lang.Object[])' on a null object reference
2025-09-11 23:27:19.607 29066-29066 callGcSupression        com.example.ragamfinal               D  java.lang.NullPointerException: Attempt to invoke virtual method 'java.lang.Object java.lang.reflect.Method.invoke(java.lang.Object, java.lang.Object[])' on a null object reference
2025-09-11 23:27:19.608 29066-29066 VRI[VideoP...rActivity] com.example.ragamfinal               D  setWindowStopped stopped:true
2025-09-11 23:27:19.610 29066-29066 OplusScrollToTopManager com.example.ragamfinal               D  com.example.ragamfinal/com.example.ragamfinal.VideoPlayerActivity,window dying
2025-09-11 23:27:19.610 29066-29066 OplusScrollToTopManager com.example.ragamfinal               D  com.example.ragamfinal/com.example.ragamfinal.VideoPlayerActivity,unregisterSystemUIBroadcastReceiver 
2025-09-11 23:27:19.610 29066-29066 OplusScrollToTopManager com.example.ragamfinal               D  com.example.ragamfinal/com.example.ragamfinal.VideoPlayerActivity, unregisterSystemUIBroadcastReceiver failed java.lang.IllegalArgumentException: Receiver not registered: android.view.OplusScrollToTopManager$2@40d4f8b
2025-09-11 23:27:19.610 29066-29066 OpenGLRenderer          com.example.ragamfinal               D  RenderProxy::destroy: this=0xb4000074fb49f500, mContext=0xb4000074f63af200
2025-09-11 23:27:19.611 29066-29097 OpenGLRenderer          com.example.ragamfinal               D  SkiaOpenGLPipeline::setSurface: this=0xb4000074f63a3000, surface=NULL
2025-09-11 23:27:19.622 29066-29066 ResourcesManagerExtImpl com.example.ragamfinal               D  applyConfigurationToAppResourcesLocked app.getDisplayId() return callback.displayId:-1
2025-09-11 23:27:19.665 29066-29066 ScrollOpti...neManager] com.example.ragamfinal               D  updateCurrentActivity: mCurrentActivityName=com.example.ragamfinal.VideoPlayerActivity, isOptEnable=true, isAnimAheadEnable=true, isFrameInsertEnable=true, InsertNum=1, isEnabledForScrollChanged=false
2025-09-11 23:27:19.665 29066-29066 ActivityThread          com.example.ragamfinal               D  ComponentInfo{com.example.ragamfinal/com.example.ragamfinal.VideoPlayerActivity} checkFinished=false 2
2025-09-11 23:27:19.665 29066-29066 ResourcesManagerExtImpl com.example.ragamfinal               D  applyConfigurationToAppResourcesLocked app.getDisplayId() return callback.displayId:-1
2025-09-11 23:27:19.668 29066-29066 WindowManager           com.example.ragamfinal               D  Add to mViews: DecorView@193381a[VideoPlayerActivity],pkg= com.example.ragamfinal
2025-09-11 23:27:19.681 29066-29066 InputEventReceiver      com.example.ragamfinal               D  Input log is disabled in InputEventReceiver.
2025-09-11 23:27:19.683 29066-29066 Quality                 com.example.ragamfinal               I  Skipped: false 1 cost 18.190311 refreshRate 16665445 bit true processName com.example.ragamfinal
2025-09-11 23:27:19.684 29066-29066 OplusBracketLog         com.example.ragamfinal               E  [OplusViewMirrorManager] updateHostViewRootIfNeeded, not support android.view.ViewRootImpl@d1fe97d
2025-09-11 23:27:19.685 29066-29066 SurfaceView             com.example.ragamfinal               I  57192562 onAttachedToWindow
2025-09-11 23:27:19.687 29066-29066 ViewRootImplExtImpl     com.example.ragamfinal               D  wrapConfigInfoIntoFlags rotation=1, smallestScreenWidthDp=360, relayoutAsync=false, newFlags=256, title=com.example.ragamfinal/com.example.ragamfinal.VideoPlayerActivity
2025-09-11 23:27:19.696 29066-29066 VRI[VideoP...rActivity] com.example.ragamfinal               D  relayoutWindow result, sizeChanged:true, surfaceControlChanged:true, transformHintChanged:true, mSurfaceSize:Point(2302, 1080), mLastSurfaceSize:Point(0, 0), mWidth:-1, mHeight:-1, requestedWidth:2302, requestedHeight:1080, transformHint:4, lastTransformHint:-2147483648, installOrientation:0, displayRotation:1, isSurfaceValid:true, attr.flag:-2122251008, useBlast:true, tmpFrames:ClientWindowFrames{frame=[110,0][2412,1080] display=[110,0][2412,1080] parentFrame=[0,0][0,0]}
2025-09-11 23:27:19.696 29066-29066 VRI[VideoP...rActivity] com.example.ragamfinal               W  updateBlastSurfaceIfNeeded, surfaceSize:Point(2302, 1080), lastSurfaceSize:Point(0, 0), format:-3, blastBufferQueue:null
2025-09-11 23:27:19.696 29066-29066 BufferQueueConsumer     com.example.ragamfinal               D  [](id:718a0000001d,api:0,p:-1,c:29066) connect: controlledByApp=false
2025-09-11 23:27:19.702 29066-29097 BufferQueueProducer     com.example.ragamfinal               D  [VRI[VideoPlayerActivity]#29(BLAST Consumer)29](id:718a0000001d,api:1,p:29066,c:29066) connect: api=1 producerControlledByApp=true
2025-09-11 23:27:19.702 29066-29097 OpenGLRenderer          com.example.ragamfinal               E  Unable to match the desired swap behavior.
2025-09-11 23:27:19.723 29066-29066 BufferQueueConsumer     com.example.ragamfinal               D  [](id:718a0000001e,api:0,p:-1,c:29066) connect: controlledByApp=false
2025-09-11 23:27:19.723 29066-29066 SurfaceView             com.example.ragamfinal               I  57192562 visibleChanged -- surfaceCreated 
2025-09-11 23:27:19.723 29066-29066 SurfaceView             com.example.ragamfinal               D  57192562 handleSyncNoBuffer
2025-09-11 23:27:19.724 29066-29066 SurfaceView             com.example.ragamfinal               D  57192562 finishedDrawing
2025-09-11 23:27:19.724 29066-29066 SurfaceView             com.example.ragamfinal               D  57192562 performDrawFinished mAttachedToWindow true
2025-09-11 23:27:19.725 29066-29066 SurfaceControl          com.example.ragamfinal               I   setExtendedRangeBrightness sc=Surface(name=com.example.ragamfinal/com.example.ragamfinal.VideoPlayerActivity)/@0x268cb7a,currentBufferRatio=1.0,desiredRatio=1.0
2025-09-11 23:27:19.725 29066-29066 SurfaceView             com.example.ragamfinal               D  57192562 dispatchDraw mDrawFinished true isAboveParent false (mPrivateFlags & PFLAG_SKIP_DRAW) 128
2025-09-11 23:27:19.725 29066-29066 SurfaceView             com.example.ragamfinal               D  57192562 clearSurfaceViewPort mCornerRadius 0.0
2025-09-11 23:27:19.731 29066-29097 BLASTBufferQueue        com.example.ragamfinal               D  [VRI[VideoPlayerActivity]#29](f:0,a:1) acquireNextBufferLocked size=2302x1080 mFrameNumber=1 applyTransaction=true mTimestamp=49429684471455(auto) mPendingTransactions.size=0 graphicBufferId=124837519425667 transform=7
2025-09-11 23:27:19.731 29066-29097 VRI[VideoP...rActivity] com.example.ragamfinal               D  Received frameCommittedCallback lastAttemptedDrawFrameNum=1 didProduceBuffer=true syncBuffer=false
2025-09-11 23:27:19.731 29066-29066 VRI[VideoP...rActivity] com.example.ragamfinal               D  draw finished.
2025-09-11 23:27:19.731 29066-29066 VRI[VideoP...rActivity] com.example.ragamfinal               D  reportDrawFinished
2025-09-11 23:27:19.731 29066-29066 ViewRootImplExtImpl     com.example.ragamfinal               D  setMaxDequeuedBufferCount: 2
2025-09-11 23:27:19.734 29066-29066 Quality                 com.example.ragamfinal               I  Skipped: false 2 cost 38.40265 refreshRate 16665912 bit true processName com.example.ragamfinal
2025-09-11 23:27:19.737 29066-29066 VRI[VideoP...rActivity] com.example.ragamfinal               W  handleResized, msg:5, frameChanged:false, configChanged:false, displayChanged:false, attachedFrameChanged:false, compatScaleChanged:false, pendingDragResizing=false
2025-09-11 23:27:19.739 29066-29066 VRI[VideoP...rActivity] com.example.ragamfinal               W  handleResized, msg:5, frameChanged:false, configChanged:false, displayChanged:false, attachedFrameChanged:false, compatScaleChanged:false, pendingDragResizing=false
2025-09-11 23:27:19.748 29066-29097 VRI[VideoP...rActivity] com.example.ragamfinal               D  Received frameCommittedCallback lastAttemptedDrawFrameNum=2 didProduceBuffer=false syncBuffer=false
2025-09-11 23:27:19.748 29066-29066 VRI[VideoP...rActivity] com.example.ragamfinal               D  draw finished.
2025-09-11 23:27:19.748 29066-29066 VRI[VideoP...rActivity] com.example.ragamfinal               D  reportDrawFinished
2025-09-11 23:27:19.784 29066-29066 ApiHelper               com.example.ragamfinal               D  Course lessons response: {"status":"success","message":"Course lessons retrieved successfully","data":{"lessons":[{"lesson_id":11,"course_id":8,"lesson_title":"piano - Introduction","lesson_description":"learn pani","video_url":"http:\/\/commondatastorage.googleapis.com\/gtv-videos-bucket\/sample\/BigBuckBunny.mp4","lesson_order":1,"duration_minutes":0,"is_free":1,"created_at":"2025-09-11 23:26:08","is_completed":0}],"is_enrolled":true}}
2025-09-11 23:27:19.785 29066-29066 VideoPlayer             com.example.ragamfinal               D  Loading web URL: http://commondatastorage.googleapis.com/gtv-videos-bucket/sample/BigBuckBunny.mp4
2025-09-11 23:27:19.798 29066-29066 ApiHelper               com.example.ragamfinal               D  Course lessons response: {"status":"success","message":"Course lessons retrieved successfully","data":{"lessons":[{"lesson_id":11,"course_id":8,"lesson_title":"piano - Introduction","lesson_description":"learn pani","video_url":"http:\/\/commondatastorage.googleapis.com\/gtv-videos-bucket\/sample\/BigBuckBunny.mp4","lesson_order":1,"duration_minutes":0,"is_free":1,"created_at":"2025-09-11 23:26:08","is_completed":0}],"is_enrolled":true}}
2025-09-11 23:27:19.799 29066-29066 VideoPlayer             com.example.ragamfinal               D  Loading web URL: http://commondatastorage.googleapis.com/gtv-videos-bucket/sample/BigBuckBunny.mp4
2025-09-11 23:27:19.804 29066-29066 MediaHTTPService        com.example.ragamfinal               V  MediaHTTPService(android.media.MediaHTTPService@24b072a): Cookies: null
2025-09-11 23:27:19.814 29066-29066 BufferQueueProducer     com.example.ragamfinal               D  [SurfaceView[com.example.ragamfinal/com.example.ragamfinal.VideoPlayerActivity]#30(BLAST Consumer)30](id:718a0000001e,api:3,p:1929,c:29066) connect: api=3 producerControlledByApp=true
2025-09-11 23:27:19.821 29066-29210 MediaHTTPService        com.example.ragamfinal               V  makeHTTPConnection: CookieHandler (java.net.CookieManager@6bdffc4) exists.
2025-09-11 23:27:19.821 29066-29210 MediaHTTPService        com.example.ragamfinal               V  makeHTTPConnection(android.media.MediaHTTPService@24b072a): cookieHandler: java.net.CookieManager@6bdffc4 Cookies: null
2025-09-11 23:27:19.821 29066-29210 MediaHTTPC...ionExtImpl com.example.ragamfinal               D  app com.example.ragamfinal
2025-09-11 23:27:19.821 29066-29066 SurfaceView             com.example.ragamfinal               D  57192562 dispatchDraw mDrawFinished true isAboveParent false (mPrivateFlags & PFLAG_SKIP_DRAW) 128
2025-09-11 23:27:19.821 29066-29066 SurfaceView             com.example.ragamfinal               D  57192562 clearSurfaceViewPort mCornerRadius 0.0
2025-09-11 23:27:19.826 29066-29210 MediaHTTPC...ionExtImpl com.example.ragamfinal               D  mNeedSetTimeout=false
2025-09-11 23:27:19.881 29066-29066 VRI[VideoP...rActivity] com.example.ragamfinal               W  handleResized abandoned!
2025-09-11 23:27:20.183 29066-29066 VRI[VideoP...rActivity] com.example.ragamfinal               D  onFocusEvent true
2025-09-11 23:27:20.199 29066-29066 VRI[VideoP...rActivity] com.example.ragamfinal               D  onFocusEvent false
2025-09-11 23:27:20.232 29066-29066 VRI[VideoP...rActivity] com.example.ragamfinal               D  onFocusEvent true
2025-09-11 23:27:20.612 29066-31109 MediaHTTPConnection     com.example.ragamfinal               D  getSize mTotalSize=158008374
2025-09-11 23:27:20.641 29066-31109 VRI[Course...lActivity] com.example.ragamfinal               D  dispatchAppVisibility visible:false
2025-09-11 23:27:20.648 29066-29066 OpenGLRenderer          com.example.ragamfinal               D  RenderProxy::destroy: this=0xb4000074fb4a0900, mContext=0xb40000743b893b00
2025-09-11 23:27:20.648 29066-29097 OpenGLRenderer          com.example.ragamfinal               D  SkiaOpenGLPipeline::setSurface: this=0xb4000074932dd840, surface=NULL
2025-09-11 23:27:20.648 29066-29097 BufferQueueProducer     com.example.ragamfinal               D  [VRI[CourseDetailActivity]#28(BLAST Consumer)28](id:718a0000001c,api:1,p:29066,c:29066) disconnect: api 1
2025-09-11 23:27:20.652 29066-29066 ViewRootImplExtImpl     com.example.ragamfinal               D  wrapConfigInfoIntoFlags rotation=0, smallestScreenWidthDp=360, relayoutAsync=false, newFlags=23592960, title=com.example.ragamfinal/com.example.ragamfinal.CourseDetailActivity
2025-09-11 23:27:20.672 29066-29066 VRI[Course...lActivity] com.example.ragamfinal               D  relayoutWindow result, sizeChanged:false, surfaceControlChanged:true, transformHintChanged:false, mSurfaceSize:Point(1080, 2412), mLastSurfaceSize:Point(1080, 2412), mWidth:1080, mHeight:2412, requestedWidth:1080, requestedHeight:2412, transformHint:0, lastTransformHint:0, installOrientation:0, displayRotation:0, isSurfaceValid:false, attr.flag:-2122252032, useBlast:true, tmpFrames:ClientWindowFrames{frame=[0,0][1080,2412] display=[0,0][1080,2412] parentFrame=[0,0][0,0]}
2025-09-11 23:27:20.672 29066-29066 BLASTBufferQueue        com.example.ragamfinal               D  [VRI[CourseDetailActivity]#28](f:0,a:2) destructor()
2025-09-11 23:27:20.672 29066-29066 BufferQueueConsumer     com.example.ragamfinal               D  [VRI[CourseDetailActivity]#28(BLAST Consumer)28](id:718a0000001c,api:0,p:-1,c:29066) disconnect
2025-09-11 23:27:20.673 29066-29066 callGcSupression        com.example.ragamfinal               D  java.lang.NullPointerException: Attempt to invoke virtual method 'java.lang.Object java.lang.reflect.Method.invoke(java.lang.Object, java.lang.Object[])' on a null object reference
2025-09-11 23:27:20.673 29066-29066 VRI[Course...lActivity] com.example.ragamfinal               D  setWindowStopped stopped:true
2025-09-11 23:27:20.680 29066-29066 ViewRootImplExtImpl     com.example.ragamfinal               D  wrapConfigInfoIntoFlags rotation=0, smallestScreenWidthDp=360, relayoutAsync=false, newFlags=23592960, title=com.example.ragamfinal/com.example.ragamfinal.CourseDetailActivity
2025-09-11 23:27:20.686 29066-29111 OplusScrollToTopManager com.example.ragamfinal               D  com.example.ragamfinal/com.example.ragamfinal.CourseDetailActivity,This DecorView@8eef9f4[CourseDetailActivity] change focus to false
2025-09-11 23:27:20.688 29066-29066 VRI[Course...lActivity] com.example.ragamfinal               D  relayoutWindow result, sizeChanged:false, surfaceControlChanged:true, transformHintChanged:false, mSurfaceSize:Point(1080, 2412), mLastSurfaceSize:Point(1080, 2412), mWidth:1080, mHeight:2412, requestedWidth:1080, requestedHeight:2412, transformHint:0, lastTransformHint:0, installOrientation:0, displayRotation:0, isSurfaceValid:false, attr.flag:-2122252032, useBlast:true, tmpFrames:ClientWindowFrames{frame=[0,0][1080,2412] display=[0,0][1080,2412] parentFrame=[0,0][0,0]}
2025-09-11 23:27:21.081 29066-29066 SurfaceView             com.example.ragamfinal               D  57192562 handleSyncNoBuffer
2025-09-11 23:27:21.082 29066-29066 SurfaceView             com.example.ragamfinal               D  57192562 finishedDrawing
2025-09-11 23:27:21.082 29066-29066 SurfaceView             com.example.ragamfinal               D  57192562 performDrawFinished mAttachedToWindow true
2025-09-11 23:27:21.085 29066-29066 SurfaceView             com.example.ragamfinal               D  57192562 dispatchDraw mDrawFinished true isAboveParent false (mPrivateFlags & PFLAG_SKIP_DRAW) 128
2025-09-11 23:27:21.085 29066-29066 SurfaceView             com.example.ragamfinal               D  57192562 clearSurfaceViewPort mCornerRadius 0.0
2025-09-11 23:27:21.235 29066-29111 OplusScrollToTopManager com.example.ragamfinal               D  com.example.ragamfinal/com.example.ragamfinal.VideoPlayerActivity,This DecorView@193381a[VideoPlayerActivity] change focus to true
2025-09-11 23:27:21.863 29066-29066 MediaPlayerNative       com.example.ragamfinal               D  getMetadata
2025-09-11 23:27:23.987 29066-29066 ViewRootImplExtImpl     com.example.ragamfinal               D  the up motion event handled by client, just return
2025-09-11 23:27:23.999 29066-29066 ViewRootImplExtImpl     com.example.ragamfinal               D  wrapConfigInfoIntoFlags rotation=1, smallestScreenWidthDp=360, relayoutAsync=true, newFlags=256, title=com.example.ragamfinal/com.example.ragamfinal.VideoPlayerActivity
