2025-09-11 23:27:24.000 29066-29066 VRI[VideoP...rActivity] com.example.ragamfinal               D  relayoutWindow result, sizeChanged:false, surfaceControlChanged:false, transformHintChanged:false, mSurfaceSize:Point(2302, 1080), mLastSurfaceSize:Point(2302, 1080), mWidth:2302, mHeight:1080, requestedWidth:2302, requestedHeight:1080, transformHint:4, lastTransformHint:4, installOrientation:0, displayRotation:1, isSurfaceValid:true, attr.flag:-2122250880, useBlast:true, tmpFrames:ClientWindowFrames{frame=[110,0][2412,1080] display=[110,0][2412,1080] parentFrame=[110,0][2412,1080] parentClippedByDisplayCutout}
2025-09-11 23:27:24.000 29066-29066 VRI[VideoP...rActivity] com.example.ragamfinal               W  updateBlastSurfaceIfNeeded, surfaceSize:Point(2302, 1080), lastSurfaceSize:Point(2302, 1080), format:-3, blastBufferQueue:android.graphics.BLASTBufferQueue@9495182
2025-09-11 23:27:24.001 29066-29066 SurfaceControl          com.example.ragamfinal               I   setExtendedRangeBrightness sc=Surface(name=com.example.ragamfinal/com.example.ragamfinal.VideoPlayerActivity)/@0x268cb7a,currentBufferRatio=1.0,desiredRatio=1.0
2025-09-11 23:27:24.001 29066-29066 SurfaceView             com.example.ragamfinal               D  57192562 dispatchDraw mDrawFinished true isAboveParent false (mPrivateFlags & PFLAG_SKIP_DRAW) 128
2025-09-11 23:27:24.002 29066-29066 SurfaceView             com.example.ragamfinal               D  57192562 clearSurfaceViewPort mCornerRadius 0.0
2025-09-11 23:27:24.073 29066-29339 BufferQueueProducer     com.example.ragamfinal               D  [SurfaceView[com.example.ragamfinal/com.example.ragamfinal.VideoPlayerActivity]#30(BLAST Consumer)30](id:718a0000001e,api:3,p:1929,c:29066) disconnect: api 3
2025-09-11 23:27:24.074 29066-29339 BufferQueueProducer     com.example.ragamfinal               D  [SurfaceView[com.example.ragamfinal/com.example.ragamfinal.VideoPlayerActivity]#30(BLAST Consumer)30](id:718a0000001e,api:3,p:1929,c:29066) connect: api=3 producerControlledByApp=true
2025-09-11 23:27:24.076 29066-29339 BufferQueueProducer     com.example.ragamfinal               D  [SurfaceView[com.example.ragamfinal/com.example.ragamfinal.VideoPlayerActivity]#30(BLAST Consumer)30](id:718a0000001e,api:3,p:1929,c:29066) disconnect: api 3
2025-09-11 23:27:24.077 29066-29339 BufferQueueProducer     com.example.ragamfinal               D  [SurfaceView[com.example.ragamfinal/com.example.ragamfinal.VideoPlayerActivity]#30(BLAST Consumer)30](id:718a0000001e,api:3,p:1929,c:29066) connect: api=3 producerControlledByApp=true
2025-09-11 23:27:24.166 29066-29066 SurfaceView             com.example.ragamfinal               D  57192562 dispatchDraw mDrawFinished true isAboveParent false (mPrivateFlags & PFLAG_SKIP_DRAW) 128
2025-09-11 23:27:24.167 29066-29066 SurfaceView             com.example.ragamfinal               D  57192562 clearSurfaceViewPort mCornerRadius 0.0
2025-09-11 23:27:24.250 29066-29066 AidlConversionCppNdk    com.example.ragamfinal               W  aidl2legacy_AudioChannelLayout_audio_channel_mask_t: no legacy output audio_channel_mask_t found for AudioChannelLayout{layoutMask: 16}
2025-09-11 23:27:24.268 29066-29339 MediaPlayerNative       com.example.ragamfinal               W  info/warning (3, 0)
2025-09-11 23:27:24.270 29066-29078 BLASTBufferQueue        com.example.ragamfinal               D  [SurfaceView[com.example.ragamfinal/com.example.ragamfinal.VideoPlayerActivity]#30](f:0,a:1) acquireNextBufferLocked size=1280x720 mFrameNumber=1 applyTransaction=true mTimestamp=49434221911000 mPendingTransactions.size=0 graphicBufferId=124837519425671 transform=0
2025-09-11 23:27:26.099 29066-29066 ViewRootImplExtImpl     com.example.ragamfinal               D  the up motion event handled by client, just return
2025-09-11 23:27:26.117 29066-29066 SurfaceView             com.example.ragamfinal               D  57192562 dispatchDraw mDrawFinished true isAboveParent false (mPrivateFlags & PFLAG_SKIP_DRAW) 128
2025-09-11 23:27:26.117 29066-29066 SurfaceView             com.example.ragamfinal               D  57192562 clearSurfaceViewPort mCornerRadius 0.0
2025-09-11 23:27:27.109 29066-29066 ViewRootImplExtImpl     com.example.ragamfinal               D  the up motion event handled by client, just return
2025-09-11 23:27:29.215 29066-29066 ViewRootImplExtImpl     com.example.ragamfinal               D  the up motion event handled by client, just return
2025-09-11 23:27:29.227 29066-29066 callGcSupression        com.example.ragamfinal               D  java.lang.NullPointerException: Attempt to invoke virtual method 'java.lang.Object java.lang.reflect.Method.invoke(java.lang.Object, java.lang.Object[])' on a null object reference
2025-09-11 23:27:29.228 29066-29066 callGcSupression        com.example.ragamfinal               D  java.lang.NullPointerException: Attempt to invoke virtual method 'java.lang.Object java.lang.reflect.Method.invoke(java.lang.Object, java.lang.Object[])' on a null object reference
2025-09-11 23:27:29.228 29066-29066 ScrollOpti...neManager] com.example.ragamfinal               D  updateCurrentActivity: mCurrentActivityName=null, isOptEnable=true, isAnimAheadEnable=true, isFrameInsertEnable=true, InsertNum=1, isEnabledForScrollChanged=false
2025-09-11 23:27:29.240 29066-29077 VRI[Course...lActivity] com.example.ragamfinal               D  dispatchAppVisibility visible:true
2025-09-11 23:27:29.269 29066-29066 VRI[VideoP...rActivity] com.example.ragamfinal               D  onFocusEvent false
2025-09-11 23:27:29.270 29066-29066 ViewRootImplExtImpl     com.example.ragamfinal               D  wrapConfigInfoIntoFlags rotation=1, smallestScreenWidthDp=360, relayoutAsync=true, newFlags=256, title=com.example.ragamfinal/com.example.ragamfinal.VideoPlayerActivity
2025-09-11 23:27:29.270 29066-29066 VRI[VideoP...rActivity] com.example.ragamfinal               D  relayoutWindow result, sizeChanged:false, surfaceControlChanged:false, transformHintChanged:false, mSurfaceSize:Point(2302, 1080), mLastSurfaceSize:Point(2302, 1080), mWidth:2302, mHeight:1080, requestedWidth:2302, requestedHeight:1080, transformHint:4, lastTransformHint:4, installOrientation:0, displayRotation:1, isSurfaceValid:true, attr.flag:-2122251008, useBlast:true, tmpFrames:ClientWindowFrames{frame=[110,0][2412,1080] display=[110,0][2412,1080] parentFrame=[110,0][2412,1080] parentClippedByDisplayCutout}
2025-09-11 23:27:29.271 29066-29066 VRI[VideoP...rActivity] com.example.ragamfinal               W  updateBlastSurfaceIfNeeded, surfaceSize:Point(2302, 1080), lastSurfaceSize:Point(2302, 1080), format:-3, blastBufferQueue:android.graphics.BLASTBufferQueue@9495182
2025-09-11 23:27:29.272 29066-29066 callGcSupression        com.example.ragamfinal               D  java.lang.NullPointerException: Attempt to invoke virtual method 'java.lang.Object java.lang.reflect.Method.invoke(java.lang.Object, java.lang.Object[])' on a null object reference
2025-09-11 23:27:29.273 29066-29066 callGcSupression        com.example.ragamfinal               D  java.lang.NullPointerException: Attempt to invoke virtual method 'java.lang.Object java.lang.reflect.Method.invoke(java.lang.Object, java.lang.Object[])' on a null object reference
2025-09-11 23:27:29.276 29066-29066 callGcSupression        com.example.ragamfinal               D  java.lang.NullPointerException: Attempt to invoke virtual method 'java.lang.Object java.lang.reflect.Method.invoke(java.lang.Object, java.lang.Object[])' on a null object reference
2025-09-11 23:27:29.276 29066-29066 VRI[Course...lActivity] com.example.ragamfinal               D  setWindowStopped stopped:false
2025-09-11 23:27:29.277 29066-29066 ScrollOpti...neManager] com.example.ragamfinal               D  updateCurrentActivity: mCurrentActivityName=com.example.ragamfinal.CourseDetailActivity, isOptEnable=true, isAnimAheadEnable=true, isFrameInsertEnable=true, InsertNum=1, isEnabledForScrollChanged=false
2025-09-11 23:27:29.277 29066-29066 ActivityThread          com.example.ragamfinal               D  ComponentInfo{com.example.ragamfinal/com.example.ragamfinal.CourseDetailActivity} checkFinished=false 2
2025-09-11 23:27:29.278 29066-29066 ResourcesManagerExtImpl com.example.ragamfinal               D  applyConfigurationToAppResourcesLocked app.getDisplayId() return callback.displayId:-1
2025-09-11 23:27:29.280 29066-29066 ViewRootImplExtImpl     com.example.ragamfinal               D  wrapConfigInfoIntoFlags rotation=0, smallestScreenWidthDp=360, relayoutAsync=false, newFlags=23592960, title=com.example.ragamfinal/com.example.ragamfinal.CourseDetailActivity
2025-09-11 23:27:29.289 29066-29066 VRI[Course...lActivity] com.example.ragamfinal               D  relayoutWindow result, sizeChanged:false, surfaceControlChanged:true, transformHintChanged:false, mSurfaceSize:Point(1080, 2412), mLastSurfaceSize:Point(1080, 2412), mWidth:1080, mHeight:2412, requestedWidth:1080, requestedHeight:2412, transformHint:0, lastTransformHint:0, installOrientation:0, displayRotation:0, isSurfaceValid:true, attr.flag:-2122252032, useBlast:true, tmpFrames:ClientWindowFrames{frame=[0,0][1080,2412] display=[0,0][1080,2412] parentFrame=[0,0][0,0]}
2025-09-11 23:27:29.289 29066-29066 VRI[Course...lActivity] com.example.ragamfinal               W  updateBlastSurfaceIfNeeded, surfaceSize:Point(1080, 2412), lastSurfaceSize:Point(1080, 2412), format:-1, blastBufferQueue:null
2025-09-11 23:27:29.289 29066-29066 BufferQueueConsumer     com.example.ragamfinal               D  [](id:718a0000001f,api:0,p:-1,c:29066) connect: controlledByApp=false
2025-09-11 23:27:29.291 29066-29097 BufferQueueProducer     com.example.ragamfinal               D  [VRI[CourseDetailActivity]#31(BLAST Consumer)31](id:718a0000001f,api:1,p:29066,c:29066) connect: api=1 producerControlledByApp=true
2025-09-11 23:27:29.291 29066-29097 OpenGLRenderer          com.example.ragamfinal               E  Unable to match the desired swap behavior.
2025-09-11 23:27:29.291 29066-29066 SurfaceControl          com.example.ragamfinal               I   setExtendedRangeBrightness sc=Surface(name=com.example.ragamfinal/com.example.ragamfinal.CourseDetailActivity)/@0x7381f51,currentBufferRatio=1.0,desiredRatio=1.0
2025-09-11 23:27:29.299 29066-29097 BLASTBufferQueue        com.example.ragamfinal               D  [VRI[CourseDetailActivity]#31](f:0,a:1) acquireNextBufferLocked size=1080x2412 mFrameNumber=1 applyTransaction=true mTimestamp=49439250410930(auto) mPendingTransactions.size=0 graphicBufferId=124837519425690 transform=0
2025-09-11 23:27:29.299 29066-29097 VRI[Course...lActivity] com.example.ragamfinal               D  Received frameCommittedCallback lastAttemptedDrawFrameNum=1 didProduceBuffer=true syncBuffer=false
2025-09-11 23:27:29.300 29066-29066 VRI[Course...lActivity] com.example.ragamfinal               D  draw finished.
2025-09-11 23:27:29.300 29066-29066 VRI[Course...lActivity] com.example.ragamfinal               D  reportDrawFinished
2025-09-11 23:27:29.301 29066-29066 ViewRootImplExtImpl     com.example.ragamfinal               D  setMaxDequeuedBufferCount: 2
2025-09-11 23:27:29.310 29066-29066 VRI[Course...lActivity] com.example.ragamfinal               W  handleResized, msg:5, frameChanged:false, configChanged:false, displayChanged:false, attachedFrameChanged:false, compatScaleChanged:false, pendingDragResizing=false
2025-09-11 23:27:29.318 29066-29097 VRI[Course...lActivity] com.example.ragamfinal               D  Received frameCommittedCallback lastAttemptedDrawFrameNum=2 didProduceBuffer=false syncBuffer=false
2025-09-11 23:27:29.318 29066-29066 VRI[Course...lActivity] com.example.ragamfinal               D  draw finished.
2025-09-11 23:27:29.318 29066-29066 VRI[Course...lActivity] com.example.ragamfinal               D  reportDrawFinished
2025-09-11 23:27:29.351 29066-29066 VRI[Course...lActivity] com.example.ragamfinal               D  onFocusEvent true
2025-09-11 23:27:29.370 29066-29066 VRI[Course...lActivity] com.example.ragamfinal               W  handleResized abandoned!
2025-09-11 23:27:29.837 29066-29078 VRI[VideoP...rActivity] com.example.ragamfinal               D  dispatchAppVisibility visible:false
2025-09-11 23:27:29.848 29066-29066 SurfaceView             com.example.ragamfinal               I  57192562 surfaceDestroyed
2025-09-11 23:27:29.915 29066-29210 BufferQueueProducer     com.example.ragamfinal               W  [SurfaceView[com.example.ragamfinal/com.example.ragamfinal.VideoPlayerActivity]#30(BLAST Consumer)30](id:718a0000001e,api:3,p:1929,c:29066) detachBuffer: slot 0 is not owned by the producer (state = FREE)
2025-09-11 23:27:29.915 29066-29078 BufferQueueProducer     com.example.ragamfinal               W  [SurfaceView[com.example.ragamfinal/com.example.ragamfinal.VideoPlayerActivity]#30(BLAST Consumer)30](id:718a0000001e,api:3,p:1929,c:29066) detachBuffer: slot 1 is not owned by the producer (state = FREE)
2025-09-11 23:27:29.915 29066-29339 BufferQueueProducer     com.example.ragamfinal               W  [SurfaceView[com.example.ragamfinal/com.example.ragamfinal.VideoPlayerActivity]#30(BLAST Consumer)30](id:718a0000001e,api:3,p:1929,c:29066) detachBuffer: slot 2 is not owned by the producer (state = FREE)
2025-09-11 23:27:29.916 29066-31109 BufferQueueProducer     com.example.ragamfinal               W  [SurfaceView[com.example.ragamfinal/com.example.ragamfinal.VideoPlayerActivity]#30(BLAST Consumer)30](id:718a0000001e,api:3,p:1929,c:29066) detachBuffer: slot 3 is not owned by the producer (state = FREE)
2025-09-11 23:27:29.916 29066-29272 BufferQueueProducer     com.example.ragamfinal               W  [SurfaceView[com.example.ragamfinal/com.example.ragamfinal.VideoPlayerActivity]#30(BLAST Consumer)30](id:718a0000001e,api:3,p:1929,c:29066) detachBuffer: slot 4 is not owned by the producer (state = FREE)
2025-09-11 23:27:29.916 29066-29107 BufferQueueProducer     com.example.ragamfinal               W  [SurfaceView[com.example.ragamfinal/com.example.ragamfinal.VideoPlayerActivity]#30(BLAST Consumer)30](id:718a0000001e,api:3,p:1929,c:29066) detachBuffer: slot 5 is not owned by the producer (state = FREE)
2025-09-11 23:27:29.917 29066-30848 BufferQueueProducer     com.example.ragamfinal               W  [SurfaceView[com.example.ragamfinal/com.example.ragamfinal.VideoPlayerActivity]#30(BLAST Consumer)30](id:718a0000001e,api:3,p:1929,c:29066) detachBuffer: slot 6 is not owned by the producer (state = FREE)
2025-09-11 23:27:29.917 29066-29272 BufferQueueProducer     com.example.ragamfinal               W  [SurfaceView[com.example.ragamfinal/com.example.ragamfinal.VideoPlayerActivity]#30(BLAST Consumer)30](id:718a0000001e,api:3,p:1929,c:29066) detachBuffer: slot 7 is not owned by the producer (state = FREE)
2025-09-11 23:27:29.918 29066-31392 BufferQueueProducer     com.example.ragamfinal               W  [SurfaceView[com.example.ragamfinal/com.example.ragamfinal.VideoPlayerActivity]#30(BLAST Consumer)30](id:718a0000001e,api:3,p:1929,c:29066) detachBuffer: slot 8 is not owned by the producer (state = FREE)
2025-09-11 23:27:29.918 29066-30848 BufferQueueProducer     com.example.ragamfinal               W  [SurfaceView[com.example.ragamfinal/com.example.ragamfinal.VideoPlayerActivity]#30(BLAST Consumer)30](id:718a0000001e,api:3,p:1929,c:29066) detachBuffer: slot 9 is not owned by the producer (state = FREE)
2025-09-11 23:27:29.918 29066-29210 BufferQueueProducer     com.example.ragamfinal               W  [SurfaceView[com.example.ragamfinal/com.example.ragamfinal.VideoPlayerActivity]#30(BLAST Consumer)30](id:718a0000001e,api:3,p:1929,c:29066) detachBuffer: slot 10 is not owned by the producer (state = FREE)
2025-09-11 23:27:29.918 29066-29078 BufferQueueProducer     com.example.ragamfinal               W  [SurfaceView[com.example.ragamfinal/com.example.ragamfinal.VideoPlayerActivity]#30(BLAST Consumer)30](id:718a0000001e,api:3,p:1929,c:29066) detachBuffer: slot 11 is not owned by the producer (state = FREE)
2025-09-11 23:27:29.919 29066-31109 BufferQueueProducer     com.example.ragamfinal               W  [SurfaceView[com.example.ragamfinal/com.example.ragamfinal.VideoPlayerActivity]#30(BLAST Consumer)30](id:718a0000001e,api:3,p:1929,c:29066) detachBuffer: slot 12 is not owned by the producer (state = FREE)
2025-09-11 23:27:29.919 29066-29107 BufferQueueProducer     com.example.ragamfinal               W  [SurfaceView[com.example.ragamfinal/com.example.ragamfinal.VideoPlayerActivity]#30(BLAST Consumer)30](id:718a0000001e,api:3,p:1929,c:29066) detachBuffer: slot 13 is not owned by the producer (state = FREE)
2025-09-11 23:27:29.919 29066-29339 BufferQueueProducer     com.example.ragamfinal               W  [SurfaceView[com.example.ragamfinal/com.example.ragamfinal.VideoPlayerActivity]#30(BLAST Consumer)30](id:718a0000001e,api:3,p:1929,c:29066) detachBuffer: slot 14 is not owned by the producer (state = FREE)
2025-09-11 23:27:29.920 29066-29078 BufferQueueProducer     com.example.ragamfinal               W  [SurfaceView[com.example.ragamfinal/com.example.ragamfinal.VideoPlayerActivity]#30(BLAST Consumer)30](id:718a0000001e,api:3,p:1929,c:29066) detachBuffer: slot 15 is not owned by the producer (state = FREE)
2025-09-11 23:27:29.920 29066-29272 BufferQueueProducer     com.example.ragamfinal               W  [SurfaceView[com.example.ragamfinal/com.example.ragamfinal.VideoPlayerActivity]#30(BLAST Consumer)30](id:718a0000001e,api:3,p:1929,c:29066) detachBuffer: slot 16 is not owned by the producer (state = FREE)
2025-09-11 23:27:29.920 29066-29339 BufferQueueProducer     com.example.ragamfinal               W  [SurfaceView[com.example.ragamfinal/com.example.ragamfinal.VideoPlayerActivity]#30(BLAST Consumer)30](id:718a0000001e,api:3,p:1929,c:29066) detachBuffer: slot 17 is not owned by the producer (state = FREE)
2025-09-11 23:27:29.920 29066-31392 BufferQueueProducer     com.example.ragamfinal               W  [SurfaceView[com.example.ragamfinal/com.example.ragamfinal.VideoPlayerActivity]#30(BLAST Consumer)30](id:718a0000001e,api:3,p:1929,c:29066) detachBuffer: slot 18 is not owned by the producer (state = ACQUIRED)
2025-09-11 23:27:29.920 29066-29210 BufferQueueProducer     com.example.ragamfinal               W  [SurfaceView[com.example.ragamfinal/com.example.ragamfinal.VideoPlayerActivity]#30(BLAST Consumer)30](id:718a0000001e,api:3,p:1929,c:29066) detachBuffer: slot 19 is not owned by the producer (state = FREE)
2025-09-11 23:27:29.921 29066-29107 BufferQueueProducer     com.example.ragamfinal               W  [SurfaceView[com.example.ragamfinal/com.example.ragamfinal.VideoPlayerActivity]#30(BLAST Consumer)30](id:718a0000001e,api:3,p:1929,c:29066) detachBuffer: slot 20 is not owned by the producer (state = FREE)
2025-09-11 23:27:29.921 29066-30848 BufferQueueProducer     com.example.ragamfinal               W  [SurfaceView[com.example.ragamfinal/com.example.ragamfinal.VideoPlayerActivity]#30(BLAST Consumer)30](id:718a0000001e,api:3,p:1929,c:29066) detachBuffer: slot 21 is not owned by the producer (state = FREE)
2025-09-11 23:27:29.921 29066-31393 BufferQueueProducer     com.example.ragamfinal               W  [SurfaceView[com.example.ragamfinal/com.example.ragamfinal.VideoPlayerActivity]#30(BLAST Consumer)30](id:718a0000001e,api:3,p:1929,c:29066) detachBuffer: slot 22 is not owned by the producer (state = FREE)
2025-09-11 23:27:29.921 29066-31109 BufferQueueProducer     com.example.ragamfinal               W  [SurfaceView[com.example.ragamfinal/com.example.ragamfinal.VideoPlayerActivity]#30(BLAST Consumer)30](id:718a0000001e,api:3,p:1929,c:29066) detachBuffer: slot 23 is not owned by the producer (state = FREE)
2025-09-11 23:27:29.922 29066-31392 BufferQueueProducer     com.example.ragamfinal               W  [SurfaceView[com.example.ragamfinal/com.example.ragamfinal.VideoPlayerActivity]#30(BLAST Consumer)30](id:718a0000001e,api:3,p:1929,c:29066) detachBuffer: slot 24 is not owned by the producer (state = FREE)
2025-09-11 23:27:29.922 29066-31109 BufferQueueProducer     com.example.ragamfinal               W  [SurfaceView[com.example.ragamfinal/com.example.ragamfinal.VideoPlayerActivity]#30(BLAST Consumer)30](id:718a0000001e,api:3,p:1929,c:29066) detachBuffer: slot 25 is not owned by the producer (state = FREE)
2025-09-11 23:27:29.922 29066-31394 BufferQueueProducer     com.example.ragamfinal               W  [SurfaceView[com.example.ragamfinal/com.example.ragamfinal.VideoPlayerActivity]#30(BLAST Consumer)30](id:718a0000001e,api:3,p:1929,c:29066) detachBuffer: slot 26 is not owned by the producer (state = FREE)
2025-09-11 23:27:29.923 29066-29339 BufferQueueProducer     com.example.ragamfinal               W  [SurfaceView[com.example.ragamfinal/com.example.ragamfinal.VideoPlayerActivity]#30(BLAST Consumer)30](id:718a0000001e,api:3,p:1929,c:29066) detachBuffer: slot 27 is not owned by the producer (state = FREE)
2025-09-11 23:27:29.923 29066-31393 BufferQueueProducer     com.example.ragamfinal               W  [SurfaceView[com.example.ragamfinal/com.example.ragamfinal.VideoPlayerActivity]#30(BLAST Consumer)30](id:718a0000001e,api:3,p:1929,c:29066) detachBuffer: slot 28 is not owned by the producer (state = FREE)
2025-09-11 23:27:29.923 29066-30848 BufferQueueProducer     com.example.ragamfinal               W  [SurfaceView[com.example.ragamfinal/com.example.ragamfinal.VideoPlayerActivity]#30(BLAST Consumer)30](id:718a0000001e,api:3,p:1929,c:29066) detachBuffer: slot 29 is not owned by the producer (state = FREE)
2025-09-11 23:27:29.923 29066-29210 BufferQueueProducer     com.example.ragamfinal               W  [SurfaceView[com.example.ragamfinal/com.example.ragamfinal.VideoPlayerActivity]#30(BLAST Consumer)30](id:718a0000001e,api:3,p:1929,c:29066) detachBuffer: slot 30 is not owned by the producer (state = FREE)
2025-09-11 23:27:29.923 29066-29272 BufferQueueProducer     com.example.ragamfinal               W  [SurfaceView[com.example.ragamfinal/com.example.ragamfinal.VideoPlayerActivity]#30(BLAST Consumer)30](id:718a0000001e,api:3,p:1929,c:29066) detachBuffer: slot 31 is not owned by the producer (state = FREE)
2025-09-11 23:27:29.924 29066-29107 BufferQueueProducer     com.example.ragamfinal               W  [SurfaceView[com.example.ragamfinal/com.example.ragamfinal.VideoPlayerActivity]#30(BLAST Consumer)30](id:718a0000001e,api:3,p:1929,c:29066) detachBuffer: slot 32 is not owned by the producer (state = FREE)
2025-09-11 23:27:29.924 29066-29272 BufferQueueProducer     com.example.ragamfinal               W  [SurfaceView[com.example.ragamfinal/com.example.ragamfinal.VideoPlayerActivity]#30(BLAST Consumer)30](id:718a0000001e,api:3,p:1929,c:29066) detachBuffer: slot 33 is not owned by the producer (state = FREE)
2025-09-11 23:27:29.924 29066-29107 BufferQueueProducer     com.example.ragamfinal               W  [SurfaceView[com.example.ragamfinal/com.example.ragamfinal.VideoPlayerActivity]#30(BLAST Consumer)30](id:718a0000001e,api:3,p:1929,c:29066) detachBuffer: slot 34 is not owned by the producer (state = FREE)
2025-09-11 23:27:29.925 29066-31395 BufferQueueProducer     com.example.ragamfinal               W  [SurfaceView[com.example.ragamfinal/com.example.ragamfinal.VideoPlayerActivity]#30(BLAST Consumer)30](id:718a0000001e,api:3,p:1929,c:29066) detachBuffer: slot 35 is not owned by the producer (state = FREE)
2025-09-11 23:27:29.925 29066-31109 BufferQueueProducer     com.example.ragamfinal               W  [SurfaceView[com.example.ragamfinal/com.example.ragamfinal.VideoPlayerActivity]#30(BLAST Consumer)30](id:718a0000001e,api:3,p:1929,c:29066) detachBuffer: slot 36 is not owned by the producer (state = FREE)
2025-09-11 23:27:29.925 29066-30848 BufferQueueProducer     com.example.ragamfinal               W  [SurfaceView[com.example.ragamfinal/com.example.ragamfinal.VideoPlayerActivity]#30(BLAST Consumer)30](id:718a0000001e,api:3,p:1929,c:29066) detachBuffer: slot 37 is not owned by the producer (state = FREE)
2025-09-11 23:27:29.925 29066-29339 BufferQueueProducer     com.example.ragamfinal               W  [SurfaceView[com.example.ragamfinal/com.example.ragamfinal.VideoPlayerActivity]#30(BLAST Consumer)30](id:718a0000001e,api:3,p:1929,c:29066) detachBuffer: slot 38 is not owned by the producer (state = FREE)
2025-09-11 23:27:29.925 29066-31394 BufferQueueProducer     com.example.ragamfinal               W  [SurfaceView[com.example.ragamfinal/com.example.ragamfinal.VideoPlayerActivity]#30(BLAST Consumer)30](id:718a0000001e,api:3,p:1929,c:29066) detachBuffer: slot 39 is not owned by the producer (state = FREE)
2025-09-11 23:27:29.926 29066-29210 BufferQueueProducer     com.example.ragamfinal               W  [SurfaceView[com.example.ragamfinal/com.example.ragamfinal.VideoPlayerActivity]#30(BLAST Consumer)30](id:718a0000001e,api:3,p:1929,c:29066) detachBuffer: slot 40 is not owned by the producer (state = FREE)
2025-09-11 23:27:29.926 29066-31393 BufferQueueProducer     com.example.ragamfinal               W  [SurfaceView[com.example.ragamfinal/com.example.ragamfinal.VideoPlayerActivity]#30(BLAST Consumer)30](id:718a0000001e,api:3,p:1929,c:29066) detachBuffer: slot 41 is not owned by the producer (state = FREE)
2025-09-11 23:27:29.926 29066-29339 BufferQueueProducer     com.example.ragamfinal               W  [SurfaceView[com.example.ragamfinal/com.example.ragamfinal.VideoPlayerActivity]#30(BLAST Consumer)30](id:718a0000001e,api:3,p:1929,c:29066) detachBuffer: slot 42 is not owned by the producer (state = FREE)
2025-09-11 23:27:29.927 29066-31393 BufferQueueProducer     com.example.ragamfinal               W  [SurfaceView[com.example.ragamfinal/com.example.ragamfinal.VideoPlayerActivity]#30(BLAST Consumer)30](id:718a0000001e,api:3,p:1929,c:29066) detachBuffer: slot 43 is not owned by the producer (state = FREE)
2025-09-11 23:27:29.927 29066-29210 BufferQueueProducer     com.example.ragamfinal               W  [SurfaceView[com.example.ragamfinal/com.example.ragamfinal.VideoPlayerActivity]#30(BLAST Consumer)30](id:718a0000001e,api:3,p:1929,c:29066) detachBuffer: slot 44 is not owned by the producer (state = FREE)
2025-09-11 23:27:29.927 29066-31396 BufferQueueProducer     com.example.ragamfinal               W  [SurfaceView[com.example.ragamfinal/com.example.ragamfinal.VideoPlayerActivity]#30(BLAST Consumer)30](id:718a0000001e,api:3,p:1929,c:29066) detachBuffer: slot 45 is not owned by the producer (state = FREE)
2025-09-11 23:27:29.927 29066-31395 BufferQueueProducer     com.example.ragamfinal               W  [SurfaceView[com.example.ragamfinal/com.example.ragamfinal.VideoPlayerActivity]#30(BLAST Consumer)30](id:718a0000001e,api:3,p:1929,c:29066) detachBuffer: slot 46 is not owned by the producer (state = FREE)
2025-09-11 23:27:29.928 29066-31394 BufferQueueProducer     com.example.ragamfinal               W  [SurfaceView[com.example.ragamfinal/com.example.ragamfinal.VideoPlayerActivity]#30(BLAST Consumer)30](id:718a0000001e,api:3,p:1929,c:29066) detachBuffer: slot 47 is not owned by the producer (state = FREE)
2025-09-11 23:27:29.928 29066-31109 BufferQueueProducer     com.example.ragamfinal               W  [SurfaceView[com.example.ragamfinal/com.example.ragamfinal.VideoPlayerActivity]#30(BLAST Consumer)30](id:718a0000001e,api:3,p:1929,c:29066) detachBuffer: slot 48 is not owned by the producer (state = FREE)
2025-09-11 23:27:29.928 29066-30848 BufferQueueProducer     com.example.ragamfinal               W  [SurfaceView[com.example.ragamfinal/com.example.ragamfinal.VideoPlayerActivity]#30(BLAST Consumer)30](id:718a0000001e,api:3,p:1929,c:29066) detachBuffer: slot 49 is not owned by the producer (state = FREE)
2025-09-11 23:27:29.928 29066-29107 BufferQueueProducer     com.example.ragamfinal               W  [SurfaceView[com.example.ragamfinal/com.example.ragamfinal.VideoPlayerActivity]#30(BLAST Consumer)30](id:718a0000001e,api:3,p:1929,c:29066) detachBuffer: slot 50 is not owned by the producer (state = FREE)
2025-09-11 23:27:29.929 29066-31109 BufferQueueProducer     com.example.ragamfinal               W  [SurfaceView[com.example.ragamfinal/com.example.ragamfinal.VideoPlayerActivity]#30(BLAST Consumer)30](id:718a0000001e,api:3,p:1929,c:29066) detachBuffer: slot 51 is not owned by the producer (state = FREE)
2025-09-11 23:27:29.929 29066-29107 BufferQueueProducer     com.example.ragamfinal               W  [SurfaceView[com.example.ragamfinal/com.example.ragamfinal.VideoPlayerActivity]#30(BLAST Consumer)30](id:718a0000001e,api:3,p:1929,c:29066) detachBuffer: slot 52 is not owned by the producer (state = FREE)
2025-09-11 23:27:29.929 29066-31396 BufferQueueProducer     com.example.ragamfinal               W  [SurfaceView[com.example.ragamfinal/com.example.ragamfinal.VideoPlayerActivity]#30(BLAST Consumer)30](id:718a0000001e,api:3,p:1929,c:29066) detachBuffer: slot 53 is not owned by the producer (state = FREE)
2025-09-11 23:27:29.929 29066-31393 BufferQueueProducer     com.example.ragamfinal               W  [SurfaceView[com.example.ragamfinal/com.example.ragamfinal.VideoPlayerActivity]#30(BLAST Consumer)30](id:718a0000001e,api:3,p:1929,c:29066) detachBuffer: slot 54 is not owned by the producer (state = FREE)
2025-09-11 23:27:29.930 29066-30848 BufferQueueProducer     com.example.ragamfinal               W  [SurfaceView[com.example.ragamfinal/com.example.ragamfinal.VideoPlayerActivity]#30(BLAST Consumer)30](id:718a0000001e,api:3,p:1929,c:29066) detachBuffer: slot 55 is not owned by the producer (state = FREE)
2025-09-11 23:27:29.930 29066-31394 BufferQueueProducer     com.example.ragamfinal               W  [SurfaceView[com.example.ragamfinal/com.example.ragamfinal.VideoPlayerActivity]#30(BLAST Consumer)30](id:718a0000001e,api:3,p:1929,c:29066) detachBuffer: slot 56 is not owned by the producer (state = FREE)
2025-09-11 23:27:29.930 29066-31395 BufferQueueProducer     com.example.ragamfinal               W  [SurfaceView[com.example.ragamfinal/com.example.ragamfinal.VideoPlayerActivity]#30(BLAST Consumer)30](id:718a0000001e,api:3,p:1929,c:29066) detachBuffer: slot 57 is not owned by the producer (state = FREE)
2025-09-11 23:27:29.930 29066-29210 BufferQueueProducer     com.example.ragamfinal               W  [SurfaceView[com.example.ragamfinal/com.example.ragamfinal.VideoPlayerActivity]#30(BLAST Consumer)30](id:718a0000001e,api:3,p:1929,c:29066) detachBuffer: slot 58 is not owned by the producer (state = FREE)
2025-09-11 23:27:29.931 29066-31395 BufferQueueProducer     com.example.ragamfinal               W  [SurfaceView[com.example.ragamfinal/com.example.ragamfinal.VideoPlayerActivity]#30(BLAST Consumer)30](id:718a0000001e,api:3,p:1929,c:29066) detachBuffer: slot 59 is not owned by the producer (state = FREE)
2025-09-11 23:27:29.931 29066-29210 BufferQueueProducer     com.example.ragamfinal               W  [SurfaceView[com.example.ragamfinal/com.example.ragamfinal.VideoPlayerActivity]#30(BLAST Consumer)30](id:718a0000001e,api:3,p:1929,c:29066) detachBuffer: slot 60 is not owned by the producer (state = FREE)
2025-09-11 23:27:29.931 29066-30848 BufferQueueProducer     com.example.ragamfinal               W  [SurfaceView[com.example.ragamfinal/com.example.ragamfinal.VideoPlayerActivity]#30(BLAST Consumer)30](id:718a0000001e,api:3,p:1929,c:29066) detachBuffer: slot 61 is not owned by the producer (state = FREE)
2025-09-11 23:27:29.931 29066-31396 BufferQueueProducer     com.example.ragamfinal               W  [SurfaceView[com.example.ragamfinal/com.example.ragamfinal.VideoPlayerActivity]#30(BLAST Consumer)30](id:718a0000001e,api:3,p:1929,c:29066) detachBuffer: slot 62 is not owned by the producer (state = FREE)
2025-09-11 23:27:29.932 29066-31393 BufferQueueProducer     com.example.ragamfinal               W  [SurfaceView[com.example.ragamfinal/com.example.ragamfinal.VideoPlayerActivity]#30(BLAST Consumer)30](id:718a0000001e,api:3,p:1929,c:29066) detachBuffer: slot 63 is not owned by the producer (state = FREE)
2025-09-11 23:27:29.937 29066-31397 BufferQueueProducer     com.example.ragamfinal               D  [SurfaceView[com.example.ragamfinal/com.example.ragamfinal.VideoPlayerActivity]#30(BLAST Consumer)30](id:718a0000001e,api:3,p:1929,c:29066) disconnect: api 3
2025-09-11 23:27:29.949 29066-31397 BufferQueueProducer     com.example.ragamfinal               D  [SurfaceView[com.example.ragamfinal/com.example.ragamfinal.VideoPlayerActivity]#30(BLAST Consumer)30](id:718a0000001e,api:3,p:1929,c:29066) connect: api=3 producerControlledByApp=true
2025-09-11 23:27:29.956 29066-29066 BufferQueueProducer     com.example.ragamfinal               D  [SurfaceView[com.example.ragamfinal/com.example.ragamfinal.VideoPlayerActivity]#30(BLAST Consumer)30](id:718a0000001e,api:3,p:1929,c:29066) disconnect: api 3
2025-09-11 23:27:29.958 29066-29066 MediaPlayer             com.example.ragamfinal               V  resetDrmState:  mDrmInfo=null mDrmProvisioningThread=null mPrepareDrmInProgress=false mActiveDrmScheme=false
2025-09-11 23:27:29.958 29066-29066 MediaPlayer             com.example.ragamfinal               V  cleanDrmObj: mDrmObj=null mDrmSessionId=null
2025-09-11 23:27:29.958 29066-29066 MediaPlayer             com.example.ragamfinal               V  resetDrmState:  mDrmInfo=null mDrmProvisioningThread=null mPrepareDrmInProgress=false mActiveDrmScheme=false
2025-09-11 23:27:29.958 29066-29066 MediaPlayer             com.example.ragamfinal               V  cleanDrmObj: mDrmObj=null mDrmSessionId=null
2025-09-11 23:27:29.958 29066-29066 MediaPlayer             com.example.ragamfinal               D  _release native called
2025-09-11 23:27:29.959 29066-29066 MediaPlayer             com.example.ragamfinal               D  _release native finished
2025-09-11 23:27:29.960 29066-29066 BufferQueueProducer     com.example.ragamfinal               D  [SurfaceView[com.example.ragamfinal/com.example.ragamfinal.VideoPlayerActivity]#30(BLAST Consumer)30](id:718a0000001e,api:0,p:-1,c:29066) disconnect: api -1
2025-09-11 23:27:29.960 29066-29066 BLASTBufferQueue        com.example.ragamfinal               D  [SurfaceView[com.example.ragamfinal/com.example.ragamfinal.VideoPlayerActivity]#30](f:0,a:1) destructor()
2025-09-11 23:27:29.961 29066-29066 BufferQueueConsumer     com.example.ragamfinal               D  [SurfaceView[com.example.ragamfinal/com.example.ragamfinal.VideoPlayerActivity]#30(BLAST Consumer)30](id:718a0000001e,api:0,p:-1,c:29066) disconnect
2025-09-11 23:27:29.963 29066-29097 SurfaceView             com.example.ragamfinal               D  169211392positionLost mSurfaceControl is null return;
2025-09-11 23:27:29.963 29066-29066 OpenGLRenderer          com.example.ragamfinal               D  RenderProxy::destroy: this=0xb4000074f637a800, mContext=0xb40000744fbc36c0
2025-09-11 23:27:29.964 29066-29097 OpenGLRenderer          com.example.ragamfinal               D  SkiaOpenGLPipeline::setSurface: this=0xb400007511314f40, surface=NULL
2025-09-11 23:27:29.964 29066-29097 BufferQueueProducer     com.example.ragamfinal               D  [VRI[VideoPlayerActivity]#29(BLAST Consumer)29](id:718a0000001d,api:1,p:29066,c:29066) disconnect: api 1
2025-09-11 23:27:29.964 29066-29066 ViewRootImplExtImpl     com.example.ragamfinal               D  wrapConfigInfoIntoFlags rotation=1, smallestScreenWidthDp=360, relayoutAsync=false, newFlags=256, title=com.example.ragamfinal/com.example.ragamfinal.VideoPlayerActivity
2025-09-11 23:27:29.977 29066-29066 VRI[VideoP...rActivity] com.example.ragamfinal               D  relayoutWindow result, sizeChanged:false, surfaceControlChanged:true, transformHintChanged:false, mSurfaceSize:Point(2302, 1080), mLastSurfaceSize:Point(2302, 1080), mWidth:2302, mHeight:1080, requestedWidth:2302, requestedHeight:1080, transformHint:4, lastTransformHint:4, installOrientation:0, displayRotation:1, isSurfaceValid:false, attr.flag:-2122251008, useBlast:true, tmpFrames:ClientWindowFrames{frame=[110,0][2412,1080] display=[110,0][2412,1080] parentFrame=[0,0][0,0]}
2025-09-11 23:27:29.978 29066-29066 BLASTBufferQueue        com.example.ragamfinal               D  [VRI[VideoPlayerActivity]#29](f:0,a:2) destructor()
2025-09-11 23:27:29.978 29066-29066 BufferQueueConsumer     com.example.ragamfinal               D  [VRI[VideoPlayerActivity]#29(BLAST Consumer)29](id:718a0000001d,api:0,p:-1,c:29066) disconnect
2025-09-11 23:27:29.983 29066-29066 Quality                 com.example.ragamfinal               I  Skipped: false 7 cost 120.36897 refreshRate 16668026 bit true processName com.example.ragamfinal
2025-09-11 23:27:29.989 29066-29066 VRI[Course...lActivity] com.example.ragamfinal               W  handleResized, msg:5, frameChanged:false, configChanged:false, displayChanged:false, attachedFrameChanged:false, compatScaleChanged:false, pendingDragResizing=false
2025-09-11 23:27:29.997 29066-29066 ViewRootImplExtImpl     com.example.ragamfinal               D  wrapConfigInfoIntoFlags rotation=0, smallestScreenWidthDp=360, relayoutAsync=true, newFlags=23592960, title=com.example.ragamfinal/com.example.ragamfinal.CourseDetailActivity
2025-09-11 23:27:29.998 29066-29066 VRI[Course...lActivity] com.example.ragamfinal               D  relayoutWindow result, sizeChanged:false, surfaceControlChanged:false, transformHintChanged:false, mSurfaceSize:Point(1080, 2412), mLastSurfaceSize:Point(1080, 2412), mWidth:1080, mHeight:2412, requestedWidth:1080, requestedHeight:2412, transformHint:0, lastTransformHint:0, installOrientation:0, displayRotation:0, isSurfaceValid:true, attr.flag:-2122252032, useBlast:true, tmpFrames:ClientWindowFrames{frame=[0,0][1080,2412] display=[0,0][1080,2412] parentFrame=[0,0][1080,2412]}
2025-09-11 23:27:29.998 29066-29066 VRI[Course...lActivity] com.example.ragamfinal               W  updateBlastSurfaceIfNeeded, surfaceSize:Point(1080, 2412), lastSurfaceSize:Point(1080, 2412), format:-1, blastBufferQueue:android.graphics.BLASTBufferQueue@4dee39
2025-09-11 23:27:29.999 29066-29066 SurfaceControl          com.example.ragamfinal               I   setExtendedRangeBrightness sc=Surface(name=com.example.ragamfinal/com.example.ragamfinal.CourseDetailActivity)/@0x7381f51,currentBufferRatio=1.0,desiredRatio=1.0
2025-09-11 23:27:30.000 29066-29097 VRI[Course...lActivity] com.example.ragamfinal               D  Received frameCommittedCallback lastAttemptedDrawFrameNum=2 didProduceBuffer=false syncBuffer=false
2025-09-11 23:27:30.001 29066-29066 VRI[Course...lActivity] com.example.ragamfinal               D  draw finished.
2025-09-11 23:27:30.001 29066-29066 VRI[Course...lActivity] com.example.ragamfinal               D  reportDrawFinished
2025-09-11 23:27:30.066 29066-29066 callGcSupression        com.example.ragamfinal               D  java.lang.NullPointerException: Attempt to invoke virtual method 'java.lang.Object java.lang.reflect.Method.invoke(java.lang.Object, java.lang.Object[])' on a null object reference
2025-09-11 23:27:30.067 29066-29066 VRI[VideoP...rActivity] com.example.ragamfinal               D  setWindowStopped stopped:true
2025-09-11 23:27:30.071 29066-29066 OplusScrollToTopManager com.example.ragamfinal               D  com.example.ragamfinal/com.example.ragamfinal.VideoPlayerActivity,window dying
2025-09-11 23:27:30.071 29066-29066 OplusScrollToTopManager com.example.ragamfinal               D  com.example.ragamfinal/com.example.ragamfinal.VideoPlayerActivity,unregisterSystemUIBroadcastReceiver 
2025-09-11 23:27:30.072 29066-29066 OplusScrollToTopManager com.example.ragamfinal               D  com.example.ragamfinal/com.example.ragamfinal.VideoPlayerActivity, unregisterSystemUIBroadcastReceiver failed java.lang.IllegalArgumentException: Receiver not registered: android.view.OplusScrollToTopManager$2@d43e1d7
2025-09-11 23:27:30.074 29066-29066 WindowOnBackDispatcher  com.example.ragamfinal               W  sendCancelIfRunning: isInProgress=falsecallback=android.view.ViewRootImpl$$ExternalSyntheticLambda17@3820cc3
2025-09-11 23:27:30.076 29066-29066 OpenGLRenderer          com.example.ragamfinal               D  RenderProxy::destroy: this=0xb4000074f637a800, mContext=0xb40000744fbc36c0
2025-09-11 23:27:30.076 29066-29097 OpenGLRenderer          com.example.ragamfinal               D  SkiaOpenGLPipeline::setSurface: this=0xb400007511314f40, surface=NULL
2025-09-11 23:27:30.353 29066-29111 OplusScrollToTopManager com.example.ragamfinal               D  com.example.ragamfinal/com.example.ragamfinal.CourseDetailActivity,This DecorView@8eef9f4[CourseDetailActivity] change focus to true
2025-09-11 23:27:42.285 29066-29066 ViewRootImplExtImpl     com.example.ragamfinal               D  the up motion event handled by client, just return
2025-09-11 23:27:43.702 29066-29066 ViewRootImplExtImpl     com.example.ragamfinal               D  the up motion event handled by client, just return
2025-09-11 23:27:44.319 29066-29066 ViewRootImplExtImpl     com.example.ragamfinal               D  the up motion event handled by client, just return
2025-09-11 23:27:44.355 29066-29066 callGcSupression        com.example.ragamfinal               D  java.lang.NullPointerException: Attempt to invoke virtual method 'java.lang.Object java.lang.reflect.Method.invoke(java.lang.Object, java.lang.Object[])' on a null object reference
2025-09-11 23:27:44.356 29066-29066 callGcSupression        com.example.ragamfinal               D  java.lang.NullPointerException: Attempt to invoke virtual method 'java.lang.Object java.lang.reflect.Method.invoke(java.lang.Object, java.lang.Object[])' on a null object reference
2025-09-11 23:27:44.356 29066-29066 ScrollOpti...neManager] com.example.ragamfinal               D  updateCurrentActivity: mCurrentActivityName=null, isOptEnable=true, isAnimAheadEnable=true, isFrameInsertEnable=true, InsertNum=1, isEnabledForScrollChanged=false
2025-09-11 23:27:44.373 29066-29066 callGcSupression        com.example.ragamfinal               D  java.lang.NullPointerException: Attempt to invoke virtual method 'java.lang.Object java.lang.reflect.Method.invoke(java.lang.Object, java.lang.Object[])' on a null object reference
2025-09-11 23:27:44.377 29066-29066 ResourcesManagerExtImpl com.example.ragamfinal               D  applyConfigurationToAppResourcesLocked app.getDisplayId() return callback.displayId:-1
2025-09-11 23:27:44.433 29066-29097 OpenGLRenderer          com.example.ragamfinal               D  SkiaOpenGLPipeline::setSurface: this=0xb4000074f63a3000, surface=NULL
2025-09-11 23:27:44.434 29066-29097 OpenGLRenderer          com.example.ragamfinal               D  SkiaOpenGLPipeline::setSurface: this=0xb400007511314f40, surface=NULL
2025-09-11 23:27:44.437 29066-29075 MediaPlayer             com.example.ragamfinal               D  finalize() native_finalize called
2025-09-11 23:27:44.442 29066-29075 MediaPlayer             com.example.ragamfinal               D  finalize() native_finalize finished
2025-09-11 23:27:44.487 29066-29066 ScrollOpti...neManager] com.example.ragamfinal               D  updateCurrentActivity: mCurrentActivityName=com.example.ragamfinal.VideoPlayerActivity, isOptEnable=true, isAnimAheadEnable=true, isFrameInsertEnable=true, InsertNum=1, isEnabledForScrollChanged=false
2025-09-11 23:27:44.487 29066-29066 ActivityThread          com.example.ragamfinal               D  ComponentInfo{com.example.ragamfinal/com.example.ragamfinal.VideoPlayerActivity} checkFinished=false 2
2025-09-11 23:27:44.487 29066-29066 ResourcesManagerExtImpl com.example.ragamfinal               D  applyConfigurationToAppResourcesLocked app.getDisplayId() return callback.displayId:-1
2025-09-11 23:27:44.490 29066-29066 WindowManager           com.example.ragamfinal               D  Add to mViews: DecorView@e9f573e[VideoPlayerActivity],pkg= com.example.ragamfinal
2025-09-11 23:27:44.496 29066-29066 InputEventReceiver      com.example.ragamfinal               D  Input log is disabled in InputEventReceiver.
2025-09-11 23:27:44.497 29066-29066 VRI[Course...lActivity] com.example.ragamfinal               D  onFocusEvent false
2025-09-11 23:27:44.497 29066-29066 callGcSupression        com.example.ragamfinal               D  java.lang.NullPointerException: Attempt to invoke virtual method 'java.lang.Object java.lang.reflect.Method.invoke(java.lang.Object, java.lang.Object[])' on a null object reference
2025-09-11 23:27:44.497 29066-29066 ResourcesManagerExtImpl com.example.ragamfinal               D  applyConfigurationToAppResourcesLocked app.getDisplayId() return callback.displayId:-1
2025-09-11 23:27:44.498 29066-29066 callGcSupression        com.example.ragamfinal               D  java.lang.NullPointerException: Attempt to invoke virtual method 'java.lang.Object java.lang.reflect.Method.invoke(java.lang.Object, java.lang.Object[])' on a null object reference
2025-09-11 23:27:44.501 29066-29066 callGcSupression        com.example.ragamfinal               D  java.lang.NullPointerException: Attempt to invoke virtual method 'java.lang.Object java.lang.reflect.Method.invoke(java.lang.Object, java.lang.Object[])' on a null object reference
2025-09-11 23:27:44.502 29066-29066 VRI[VideoP...rActivity] com.example.ragamfinal               D  setWindowStopped stopped:true
2025-09-11 23:27:44.504 29066-29066 OplusScrollToTopManager com.example.ragamfinal               D  com.example.ragamfinal/com.example.ragamfinal.VideoPlayerActivity,window dying
2025-09-11 23:27:44.504 29066-29066 OplusScrollToTopManager com.example.ragamfinal               D  com.example.ragamfinal/com.example.ragamfinal.VideoPlayerActivity,unregisterSystemUIBroadcastReceiver 
2025-09-11 23:27:44.504 29066-29066 OplusScrollToTopManager com.example.ragamfinal               D  com.example.ragamfinal/com.example.ragamfinal.VideoPlayerActivity, unregisterSystemUIBroadcastReceiver failed java.lang.IllegalArgumentException: Receiver not registered: android.view.OplusScrollToTopManager$2@a533bf0
2025-09-11 23:27:44.504 29066-29066 OpenGLRenderer          com.example.ragamfinal               D  RenderProxy::destroy: this=0xb400007485152b80, mContext=0xb40000744fbc36c0
2025-09-11 23:27:44.504 29066-29097 OpenGLRenderer          com.example.ragamfinal               D  SkiaOpenGLPipeline::setSurface: this=0xb400007511314f40, surface=NULL
2025-09-11 23:27:44.523 29066-29066 ResourcesManagerExtImpl com.example.ragamfinal               D  applyConfigurationToAppResourcesLocked app.getDisplayId() return callback.displayId:-1
2025-09-11 23:27:44.593 29066-29066 ScrollOpti...neManager] com.example.ragamfinal               D  updateCurrentActivity: mCurrentActivityName=com.example.ragamfinal.VideoPlayerActivity, isOptEnable=true, isAnimAheadEnable=true, isFrameInsertEnable=true, InsertNum=1, isEnabledForScrollChanged=false
2025-09-11 23:27:44.593 29066-29066 ActivityThread          com.example.ragamfinal               D  ComponentInfo{com.example.ragamfinal/com.example.ragamfinal.VideoPlayerActivity} checkFinished=false 2
2025-09-11 23:27:44.593 29066-29066 ResourcesManagerExtImpl com.example.ragamfinal               D  applyConfigurationToAppResourcesLocked app.getDisplayId() return callback.displayId:-1
2025-09-11 23:27:44.595 29066-29066 WindowManager           com.example.ragamfinal               D  Add to mViews: DecorView@1884fdc[VideoPlayerActivity],pkg= com.example.ragamfinal
2025-09-11 23:27:44.605 29066-29066 InputEventReceiver      com.example.ragamfinal               D  Input log is disabled in InputEventReceiver.
2025-09-11 23:27:44.607 29066-29066 Quality                 com.example.ragamfinal               I  Skipped: false 0 cost 14.320625 refreshRate 16668537 bit true processName com.example.ragamfinal
2025-09-11 23:27:44.608 29066-29066 OplusBracketLog         com.example.ragamfinal               E  [OplusViewMirrorManager] updateHostViewRootIfNeeded, not support android.view.ViewRootImpl@22cbe74
2025-09-11 23:27:44.608 29066-29066 SurfaceView             com.example.ragamfinal               I  3144722 onAttachedToWindow
2025-09-11 23:27:44.611 29066-29066 ViewRootImplExtImpl     com.example.ragamfinal               D  wrapConfigInfoIntoFlags rotation=1, smallestScreenWidthDp=360, relayoutAsync=false, newFlags=256, title=com.example.ragamfinal/com.example.ragamfinal.VideoPlayerActivity
2025-09-11 23:27:44.621 29066-29066 VRI[VideoP...rActivity] com.example.ragamfinal               D  relayoutWindow result, sizeChanged:true, surfaceControlChanged:true, transformHintChanged:true, mSurfaceSize:Point(2302, 1080), mLastSurfaceSize:Point(0, 0), mWidth:-1, mHeight:-1, requestedWidth:2302, requestedHeight:1080, transformHint:4, lastTransformHint:-2147483648, installOrientation:0, displayRotation:1, isSurfaceValid:true, attr.flag:-2122251008, useBlast:true, tmpFrames:ClientWindowFrames{frame=[110,0][2412,1080] display=[110,0][2412,1080] parentFrame=[0,0][0,0]}
2025-09-11 23:27:44.621 29066-29066 VRI[VideoP...rActivity] com.example.ragamfinal               W  updateBlastSurfaceIfNeeded, surfaceSize:Point(2302, 1080), lastSurfaceSize:Point(0, 0), format:-3, blastBufferQueue:null
2025-09-11 23:27:44.621 29066-29066 BufferQueueConsumer     com.example.ragamfinal               D  [](id:718a00000020,api:0,p:-1,c:29066) connect: controlledByApp=false
2025-09-11 23:27:44.623 29066-29097 BufferQueueProducer     com.example.ragamfinal               D  [VRI[VideoPlayerActivity]#32(BLAST Consumer)32](id:718a00000020,api:1,p:29066,c:29066) connect: api=1 producerControlledByApp=true
2025-09-11 23:27:44.623 29066-29097 OpenGLRenderer          com.example.ragamfinal               E  Unable to match the desired swap behavior.
2025-09-11 23:27:44.630 29066-29066 BufferQueueConsumer     com.example.ragamfinal               D  [](id:718a00000021,api:0,p:-1,c:29066) connect: controlledByApp=false
2025-09-11 23:27:44.631 29066-29066 SurfaceView             com.example.ragamfinal               I  3144722 visibleChanged -- surfaceCreated 
2025-09-11 23:27:44.631 29066-29066 SurfaceView             com.example.ragamfinal               D  3144722 handleSyncNoBuffer
