2025-09-11 23:27:44.631 29066-29066 SurfaceView             com.example.ragamfinal               D  3144722 finishedDrawing
2025-09-11 23:27:44.631 29066-29066 SurfaceView             com.example.ragamfinal               D  3144722 performDrawFinished mAttachedToWindow true
2025-09-11 23:27:44.632 29066-29066 SurfaceControl          com.example.ragamfinal               I   setExtendedRangeBrightness sc=Surface(name=com.example.ragamfinal/com.example.ragamfinal.VideoPlayerActivity)/@0x52bee2f,currentBufferRatio=1.0,desiredRatio=1.0
2025-09-11 23:27:44.632 29066-29066 SurfaceView             com.example.ragamfinal               D  3144722 dispatchDraw mDrawFinished true isAboveParent false (mPrivateFlags & PFLAG_SKIP_DRAW) 128
2025-09-11 23:27:44.632 29066-29066 SurfaceView             com.example.ragamfinal               D  3144722 clearSurfaceViewPort mCornerRadius 0.0
2025-09-11 23:27:44.640 29066-29097 BLASTBufferQueue        com.example.ragamfinal               D  [VRI[VideoPlayerActivity]#32](f:0,a:1) acquireNextBufferLocked size=2302x1080 mFrameNumber=1 applyTransaction=true mTimestamp=49454593721393(auto) mPendingTransactions.size=0 graphicBufferId=124837519425694 transform=7
2025-09-11 23:27:44.640 29066-29097 VRI[VideoP...rActivity] com.example.ragamfinal               D  Received frameCommittedCallback lastAttemptedDrawFrameNum=1 didProduceBuffer=true syncBuffer=false
2025-09-11 23:27:44.640 29066-29066 VRI[VideoP...rActivity] com.example.ragamfinal               D  draw finished.
2025-09-11 23:27:44.640 29066-29066 VRI[VideoP...rActivity] com.example.ragamfinal               D  reportDrawFinished
2025-09-11 23:27:44.640 29066-29066 ViewRootImplExtImpl     com.example.ragamfinal               D  setMaxDequeuedBufferCount: 2
2025-09-11 23:27:44.643 29066-29066 Quality                 com.example.ragamfinal               I  Skipped: false 1 cost 30.474886 refreshRate 16668074 bit true processName com.example.ragamfinal
2025-09-11 23:27:44.644 29066-29066 VRI[VideoP...rActivity] com.example.ragamfinal               W  handleResized, msg:5, frameChanged:false, configChanged:false, displayChanged:false, attachedFrameChanged:false, compatScaleChanged:false, pendingDragResizing=false
2025-09-11 23:27:44.649 29066-29097 VRI[VideoP...rActivity] com.example.ragamfinal               D  Received frameCommittedCallback lastAttemptedDrawFrameNum=2 didProduceBuffer=false syncBuffer=false
2025-09-11 23:27:44.649 29066-29066 VRI[VideoP...rActivity] com.example.ragamfinal               D  draw finished.
2025-09-11 23:27:44.649 29066-29066 VRI[VideoP...rActivity] com.example.ragamfinal               D  reportDrawFinished
2025-09-11 23:27:44.650 29066-29066 VRI[VideoP...rActivity] com.example.ragamfinal               W  handleResized, msg:5, frameChanged:false, configChanged:false, displayChanged:false, attachedFrameChanged:false, compatScaleChanged:false, pendingDragResizing=false
2025-09-11 23:27:44.666 29066-29097 VRI[VideoP...rActivity] com.example.ragamfinal               D  Received frameCommittedCallback lastAttemptedDrawFrameNum=2 didProduceBuffer=false syncBuffer=false
2025-09-11 23:27:44.667 29066-29066 VRI[VideoP...rActivity] com.example.ragamfinal               D  draw finished.
2025-09-11 23:27:44.667 29066-29066 VRI[VideoP...rActivity] com.example.ragamfinal               D  reportDrawFinished
2025-09-11 23:27:44.683 29066-29066 VRI[VideoP...rActivity] com.example.ragamfinal               D  onFocusEvent true
2025-09-11 23:27:44.716 29066-29066 ApiHelper               com.example.ragamfinal               D  Course lessons response: {"status":"success","message":"Course lessons retrieved successfully","data":{"lessons":[{"lesson_id":11,"course_id":8,"lesson_title":"piano - Introduction","lesson_description":"learn pani","video_url":"http:\/\/commondatastorage.googleapis.com\/gtv-videos-bucket\/sample\/BigBuckBunny.mp4","lesson_order":1,"duration_minutes":0,"is_free":1,"created_at":"2025-09-11 23:26:08","is_completed":0}],"is_enrolled":true}}
2025-09-11 23:27:44.716 29066-29066 VideoPlayer             com.example.ragamfinal               D  Loading web URL: http://commondatastorage.googleapis.com/gtv-videos-bucket/sample/BigBuckBunny.mp4
2025-09-11 23:27:44.721 29066-29066 MediaHTTPService        com.example.ragamfinal               V  MediaHTTPService(android.media.MediaHTTPService@7d932ed): Cookies: null
2025-09-11 23:27:44.730 29066-29066 BufferQueueProducer     com.example.ragamfinal               D  [SurfaceView[com.example.ragamfinal/com.example.ragamfinal.VideoPlayerActivity]#33(BLAST Consumer)33](id:718a00000021,api:3,p:1929,c:29066) connect: api=3 producerControlledByApp=true
2025-09-11 23:27:44.735 29066-29066 VRI[VideoP...rActivity] com.example.ragamfinal               D  onFocusEvent false
2025-09-11 23:27:44.735 29066-29066 VRI[VideoP...rActivity] com.example.ragamfinal               D  onFocusEvent true
2025-09-11 23:27:44.736 29066-29066 ApiHelper               com.example.ragamfinal               D  Course lessons response: {"status":"success","message":"Course lessons retrieved successfully","data":{"lessons":[{"lesson_id":11,"course_id":8,"lesson_title":"piano - Introduction","lesson_description":"learn pani","video_url":"http:\/\/commondatastorage.googleapis.com\/gtv-videos-bucket\/sample\/BigBuckBunny.mp4","lesson_order":1,"duration_minutes":0,"is_free":1,"created_at":"2025-09-11 23:26:08","is_completed":0}],"is_enrolled":true}}
2025-09-11 23:27:44.736 29066-29066 VideoPlayer             com.example.ragamfinal               D  Loading web URL: http://commondatastorage.googleapis.com/gtv-videos-bucket/sample/BigBuckBunny.mp4
2025-09-11 23:27:44.737 29066-29078 MediaHTTPService        com.example.ragamfinal               V  makeHTTPConnection: CookieHandler (java.net.CookieManager@6bdffc4) exists.
2025-09-11 23:27:44.737 29066-29066 SurfaceView             com.example.ragamfinal               D  3144722 dispatchDraw mDrawFinished true isAboveParent false (mPrivateFlags & PFLAG_SKIP_DRAW) 128
2025-09-11 23:27:44.737 29066-29078 MediaHTTPService        com.example.ragamfinal               V  makeHTTPConnection(android.media.MediaHTTPService@7d932ed): cookieHandler: java.net.CookieManager@6bdffc4 Cookies: null
2025-09-11 23:27:44.737 29066-29066 SurfaceView             com.example.ragamfinal               D  3144722 clearSurfaceViewPort mCornerRadius 0.0
2025-09-11 23:27:44.737 29066-29078 MediaHTTPC...ionExtImpl com.example.ragamfinal               D  app com.example.ragamfinal
2025-09-11 23:27:44.749 29066-29078 MediaHTTPC...ionExtImpl com.example.ragamfinal               D  mNeedSetTimeout=false
2025-09-11 23:27:45.140 29066-29272 VRI[Course...lActivity] com.example.ragamfinal               D  dispatchAppVisibility visible:false
2025-09-11 23:27:45.148 29066-29066 OpenGLRenderer          com.example.ragamfinal               D  RenderProxy::destroy: this=0xb4000074fb4a0900, mContext=0xb40000743b893b00
2025-09-11 23:27:45.151 29066-29097 OpenGLRenderer          com.example.ragamfinal               D  SkiaOpenGLPipeline::setSurface: this=0xb4000074932dd840, surface=NULL
2025-09-11 23:27:45.151 29066-29097 BufferQueueProducer     com.example.ragamfinal               D  [VRI[CourseDetailActivity]#31(BLAST Consumer)31](id:718a0000001f,api:1,p:29066,c:29066) disconnect: api 1
2025-09-11 23:27:45.152 29066-29066 ViewRootImplExtImpl     com.example.ragamfinal               D  wrapConfigInfoIntoFlags rotation=0, smallestScreenWidthDp=360, relayoutAsync=false, newFlags=23592960, title=com.example.ragamfinal/com.example.ragamfinal.CourseDetailActivity
2025-09-11 23:27:45.166 29066-29066 VRI[Course...lActivity] com.example.ragamfinal               D  relayoutWindow result, sizeChanged:false, surfaceControlChanged:true, transformHintChanged:false, mSurfaceSize:Point(1080, 2412), mLastSurfaceSize:Point(1080, 2412), mWidth:1080, mHeight:2412, requestedWidth:1080, requestedHeight:2412, transformHint:0, lastTransformHint:0, installOrientation:0, displayRotation:0, isSurfaceValid:false, attr.flag:-2122252032, useBlast:true, tmpFrames:ClientWindowFrames{frame=[0,0][1080,2412] display=[0,0][1080,2412] parentFrame=[0,0][0,0]}
2025-09-11 23:27:45.166 29066-29066 BLASTBufferQueue        com.example.ragamfinal               D  [VRI[CourseDetailActivity]#31](f:0,a:2) destructor()
2025-09-11 23:27:45.166 29066-29066 BufferQueueConsumer     com.example.ragamfinal               D  [VRI[CourseDetailActivity]#31(BLAST Consumer)31](id:718a0000001f,api:0,p:-1,c:29066) disconnect
2025-09-11 23:27:45.168 29066-29066 callGcSupression        com.example.ragamfinal               D  java.lang.NullPointerException: Attempt to invoke virtual method 'java.lang.Object java.lang.reflect.Method.invoke(java.lang.Object, java.lang.Object[])' on a null object reference
2025-09-11 23:27:45.169 29066-29066 VRI[Course...lActivity] com.example.ragamfinal               D  setWindowStopped stopped:true
2025-09-11 23:27:45.181 29066-29066 ViewRootImplExtImpl     com.example.ragamfinal               D  wrapConfigInfoIntoFlags rotation=0, smallestScreenWidthDp=360, relayoutAsync=false, newFlags=23592960, title=com.example.ragamfinal/com.example.ragamfinal.CourseDetailActivity
2025-09-11 23:27:45.189 29066-29066 VRI[Course...lActivity] com.example.ragamfinal               D  relayoutWindow result, sizeChanged:false, surfaceControlChanged:true, transformHintChanged:false, mSurfaceSize:Point(1080, 2412), mLastSurfaceSize:Point(1080, 2412), mWidth:1080, mHeight:2412, requestedWidth:1080, requestedHeight:2412, transformHint:0, lastTransformHint:0, installOrientation:0, displayRotation:0, isSurfaceValid:false, attr.flag:-2122252032, useBlast:true, tmpFrames:ClientWindowFrames{frame=[0,0][1080,2412] display=[0,0][1080,2412] parentFrame=[0,0][0,0]}
2025-09-11 23:27:45.646 29066-29111 OplusScrollToTopManager com.example.ragamfinal               D  com.example.ragamfinal/com.example.ragamfinal.CourseDetailActivity,This DecorView@8eef9f4[CourseDetailActivity] change focus to false
2025-09-11 23:27:45.740 29066-29111 OplusScrollToTopManager com.example.ragamfinal               D  com.example.ragamfinal/com.example.ragamfinal.VideoPlayerActivity,This DecorView@1884fdc[VideoPlayerActivity] change focus to true
2025-09-11 23:27:45.758 29066-29066 ViewRootImplExtImpl     com.example.ragamfinal               D  the up motion event handled by client, just return
2025-09-11 23:27:45.843 29066-29272 MediaHTTPConnection     com.example.ragamfinal               D  getSize mTotalSize=158008374
2025-09-11 23:27:46.382 29066-29066 SurfaceView             com.example.ragamfinal               D  3144722 handleSyncNoBuffer
2025-09-11 23:27:46.383 29066-29066 SurfaceView             com.example.ragamfinal               D  3144722 finishedDrawing
2025-09-11 23:27:46.383 29066-29066 SurfaceView             com.example.ragamfinal               D  3144722 performDrawFinished mAttachedToWindow true
2025-09-11 23:27:46.385 29066-29066 SurfaceView             com.example.ragamfinal               D  3144722 dispatchDraw mDrawFinished true isAboveParent false (mPrivateFlags & PFLAG_SKIP_DRAW) 128
2025-09-11 23:27:46.385 29066-29066 SurfaceView             com.example.ragamfinal               D  3144722 clearSurfaceViewPort mCornerRadius 0.0
2025-09-11 23:27:47.265 29066-29066 MediaPlayerNative       com.example.ragamfinal               D  getMetadata
2025-09-11 23:27:47.280 29066-29066 ViewRootImplExtImpl     com.example.ragamfinal               D  wrapConfigInfoIntoFlags rotation=1, smallestScreenWidthDp=360, relayoutAsync=true, newFlags=256, title=com.example.ragamfinal/com.example.ragamfinal.VideoPlayerActivity
2025-09-11 23:27:47.280 29066-29066 VRI[VideoP...rActivity] com.example.ragamfinal               D  relayoutWindow result, sizeChanged:false, surfaceControlChanged:false, transformHintChanged:false, mSurfaceSize:Point(2302, 1080), mLastSurfaceSize:Point(2302, 1080), mWidth:2302, mHeight:1080, requestedWidth:2302, requestedHeight:1080, transformHint:4, lastTransformHint:4, installOrientation:0, displayRotation:1, isSurfaceValid:true, attr.flag:-2122250880, useBlast:true, tmpFrames:ClientWindowFrames{frame=[110,0][2412,1080] display=[110,0][2412,1080] parentFrame=[110,0][2412,1080] parentClippedByDisplayCutout}
2025-09-11 23:27:47.280 29066-29066 VRI[VideoP...rActivity] com.example.ragamfinal               W  updateBlastSurfaceIfNeeded, surfaceSize:Point(2302, 1080), lastSurfaceSize:Point(2302, 1080), format:-3, blastBufferQueue:android.graphics.BLASTBufferQueue@dd0267a
2025-09-11 23:27:47.281 29066-29066 SurfaceControl          com.example.ragamfinal               I   setExtendedRangeBrightness sc=Surface(name=com.example.ragamfinal/com.example.ragamfinal.VideoPlayerActivity)/@0x52bee2f,currentBufferRatio=1.0,desiredRatio=1.0
2025-09-11 23:27:47.282 29066-29066 SurfaceView             com.example.ragamfinal               D  3144722 dispatchDraw mDrawFinished true isAboveParent false (mPrivateFlags & PFLAG_SKIP_DRAW) 128
2025-09-11 23:27:47.282 29066-29066 SurfaceView             com.example.ragamfinal               D  3144722 clearSurfaceViewPort mCornerRadius 0.0
2025-09-11 23:27:47.343 29066-29272 BufferQueueProducer     com.example.ragamfinal               D  [SurfaceView[com.example.ragamfinal/com.example.ragamfinal.VideoPlayerActivity]#33(BLAST Consumer)33](id:718a00000021,api:3,p:1929,c:29066) disconnect: api 3
2025-09-11 23:27:47.345 29066-29078 BufferQueueProducer     com.example.ragamfinal               D  [SurfaceView[com.example.ragamfinal/com.example.ragamfinal.VideoPlayerActivity]#33(BLAST Consumer)33](id:718a00000021,api:3,p:1929,c:29066) connect: api=3 producerControlledByApp=true
2025-09-11 23:27:47.345 29066-29078 BufferQueueProducer     com.example.ragamfinal               D  [SurfaceView[com.example.ragamfinal/com.example.ragamfinal.VideoPlayerActivity]#33(BLAST Consumer)33](id:718a00000021,api:3,p:1929,c:29066) disconnect: api 3
2025-09-11 23:27:47.345 29066-29078 BufferQueueProducer     com.example.ragamfinal               D  [SurfaceView[com.example.ragamfinal/com.example.ragamfinal.VideoPlayerActivity]#33(BLAST Consumer)33](id:718a00000021,api:3,p:1929,c:29066) connect: api=3 producerControlledByApp=true
2025-09-11 23:27:47.351  1929-31504 ListServiceUtils        mediaserver                          E  getPackageNameByPid pid:29066 procName:com.example.ragamfinal cost 1298us return 0
2025-09-11 23:27:47.484 29066-29066 SurfaceView             com.example.ragamfinal               D  3144722 dispatchDraw mDrawFinished true isAboveParent false (mPrivateFlags & PFLAG_SKIP_DRAW) 128
2025-09-11 23:27:47.484 29066-29066 SurfaceView             com.example.ragamfinal               D  3144722 clearSurfaceViewPort mCornerRadius 0.0
2025-09-11 23:27:47.544 29066-29066 AidlConversionCppNdk    com.example.ragamfinal               W  aidl2legacy_AudioChannelLayout_audio_channel_mask_t: no legacy output audio_channel_mask_t found for AudioChannelLayout{layoutMask: 16}
2025-09-11 23:27:47.579 29066-31392 MediaPlayerNative       com.example.ragamfinal               W  info/warning (3, 0)
2025-09-11 23:27:47.580 29066-31397 BLASTBufferQueue        com.example.ragamfinal               D  [SurfaceView[com.example.ragamfinal/com.example.ragamfinal.VideoPlayerActivity]#33](f:0,a:1) acquireNextBufferLocked size=1280x720 mFrameNumber=1 applyTransaction=true mTimestamp=49457532542000 mPendingTransactions.size=0 graphicBufferId=124837519425700 transform=0
2025-09-11 23:27:47.600 29066-29066 SurfaceView             com.example.ragamfinal               D  3144722 dispatchDraw mDrawFinished true isAboveParent false (mPrivateFlags & PFLAG_SKIP_DRAW) 128
2025-09-11 23:27:47.600 29066-29066 SurfaceView             com.example.ragamfinal               D  3144722 clearSurfaceViewPort mCornerRadius 0.0
2025-09-11 23:27:48.982 29066-29066 ViewRootImplExtImpl     com.example.ragamfinal               D  the up motion event handled by client, just return
2025-09-11 23:27:49.698 29066-29066 ViewRootImplExtImpl     com.example.ragamfinal               D  the up motion event handled by client, just return
2025-09-11 23:27:50.316 29066-29066 ViewRootImplExtImpl     com.example.ragamfinal               D  the up motion event handled by client, just return
2025-09-11 23:27:51.172 29066-29066 ViewRootImplExtImpl     com.example.ragamfinal               D  the up motion event handled by client, just return
2025-09-11 23:27:51.190 29066-29066 callGcSupression        com.example.ragamfinal               D  java.lang.NullPointerException: Attempt to invoke virtual method 'java.lang.Object java.lang.reflect.Method.invoke(java.lang.Object, java.lang.Object[])' on a null object reference
2025-09-11 23:27:51.192 29066-29066 callGcSupression        com.example.ragamfinal               D  java.lang.NullPointerException: Attempt to invoke virtual method 'java.lang.Object java.lang.reflect.Method.invoke(java.lang.Object, java.lang.Object[])' on a null object reference
2025-09-11 23:27:51.192 29066-29066 ScrollOpti...neManager] com.example.ragamfinal               D  updateCurrentActivity: mCurrentActivityName=null, isOptEnable=true, isAnimAheadEnable=true, isFrameInsertEnable=true, InsertNum=1, isEnabledForScrollChanged=false
2025-09-11 23:27:51.201 29066-31397 VRI[Course...lActivity] com.example.ragamfinal               D  dispatchAppVisibility visible:true
2025-09-11 23:27:51.221 29066-29066 ViewRootImplExtImpl     com.example.ragamfinal               D  wrapConfigInfoIntoFlags rotation=1, smallestScreenWidthDp=360, relayoutAsync=true, newFlags=256, title=com.example.ragamfinal/com.example.ragamfinal.VideoPlayerActivity
2025-09-11 23:27:51.221 29066-29066 VRI[VideoP...rActivity] com.example.ragamfinal               D  relayoutWindow result, sizeChanged:false, surfaceControlChanged:false, transformHintChanged:false, mSurfaceSize:Point(2302, 1080), mLastSurfaceSize:Point(2302, 1080), mWidth:2302, mHeight:1080, requestedWidth:2302, requestedHeight:1080, transformHint:4, lastTransformHint:4, installOrientation:0, displayRotation:1, isSurfaceValid:true, attr.flag:-2122251008, useBlast:true, tmpFrames:ClientWindowFrames{frame=[110,0][2412,1080] display=[110,0][2412,1080] parentFrame=[110,0][2412,1080] parentClippedByDisplayCutout}
2025-09-11 23:27:51.222 29066-29066 VRI[VideoP...rActivity] com.example.ragamfinal               W  updateBlastSurfaceIfNeeded, surfaceSize:Point(2302, 1080), lastSurfaceSize:Point(2302, 1080), format:-3, blastBufferQueue:android.graphics.BLASTBufferQueue@dd0267a
2025-09-11 23:27:51.222 29066-29066 callGcSupression        com.example.ragamfinal               D  java.lang.NullPointerException: Attempt to invoke virtual method 'java.lang.Object java.lang.reflect.Method.invoke(java.lang.Object, java.lang.Object[])' on a null object reference
2025-09-11 23:27:51.223 29066-29066 callGcSupression        com.example.ragamfinal               D  java.lang.NullPointerException: Attempt to invoke virtual method 'java.lang.Object java.lang.reflect.Method.invoke(java.lang.Object, java.lang.Object[])' on a null object reference
2025-09-11 23:27:51.224 29066-29066 callGcSupression        com.example.ragamfinal               D  java.lang.NullPointerException: Attempt to invoke virtual method 'java.lang.Object java.lang.reflect.Method.invoke(java.lang.Object, java.lang.Object[])' on a null object reference
2025-09-11 23:27:51.225 29066-29066 VRI[Course...lActivity] com.example.ragamfinal               D  setWindowStopped stopped:false
2025-09-11 23:27:51.226 29066-29066 ScrollOpti...neManager] com.example.ragamfinal               D  updateCurrentActivity: mCurrentActivityName=com.example.ragamfinal.CourseDetailActivity, isOptEnable=true, isAnimAheadEnable=true, isFrameInsertEnable=true, InsertNum=1, isEnabledForScrollChanged=false
2025-09-11 23:27:51.226 29066-29066 ActivityThread          com.example.ragamfinal               D  ComponentInfo{com.example.ragamfinal/com.example.ragamfinal.CourseDetailActivity} checkFinished=false 2
2025-09-11 23:27:51.226 29066-29066 ResourcesManagerExtImpl com.example.ragamfinal               D  applyConfigurationToAppResourcesLocked app.getDisplayId() return callback.displayId:-1
2025-09-11 23:27:51.230 29066-29066 ViewRootImplExtImpl     com.example.ragamfinal               D  wrapConfigInfoIntoFlags rotation=0, smallestScreenWidthDp=360, relayoutAsync=false, newFlags=23592960, title=com.example.ragamfinal/com.example.ragamfinal.CourseDetailActivity
2025-09-11 23:27:51.242 29066-29066 VRI[Course...lActivity] com.example.ragamfinal               D  relayoutWindow result, sizeChanged:false, surfaceControlChanged:true, transformHintChanged:false, mSurfaceSize:Point(1080, 2412), mLastSurfaceSize:Point(1080, 2412), mWidth:1080, mHeight:2412, requestedWidth:1080, requestedHeight:2412, transformHint:0, lastTransformHint:0, installOrientation:0, displayRotation:0, isSurfaceValid:true, attr.flag:-2122252032, useBlast:true, tmpFrames:ClientWindowFrames{frame=[0,0][1080,2412] display=[0,0][1080,2412] parentFrame=[0,0][0,0]}
2025-09-11 23:27:51.242 29066-29066 VRI[Course...lActivity] com.example.ragamfinal               W  updateBlastSurfaceIfNeeded, surfaceSize:Point(1080, 2412), lastSurfaceSize:Point(1080, 2412), format:-1, blastBufferQueue:null
2025-09-11 23:27:51.243 29066-29066 BufferQueueConsumer     com.example.ragamfinal               D  [](id:718a00000022,api:0,p:-1,c:29066) connect: controlledByApp=false
2025-09-11 23:27:51.244 29066-29097 BufferQueueProducer     com.example.ragamfinal               D  [VRI[CourseDetailActivity]#34(BLAST Consumer)34](id:718a00000022,api:1,p:29066,c:29066) connect: api=1 producerControlledByApp=true
2025-09-11 23:27:51.244 29066-29097 OpenGLRenderer          com.example.ragamfinal               E  Unable to match the desired swap behavior.
2025-09-11 23:27:51.244 29066-29066 SurfaceControl          com.example.ragamfinal               I   setExtendedRangeBrightness sc=Surface(name=com.example.ragamfinal/com.example.ragamfinal.CourseDetailActivity)/@0x7381f51,currentBufferRatio=1.0,desiredRatio=1.0
2025-09-11 23:27:51.259 29066-29097 BLASTBufferQueue        com.example.ragamfinal               D  [VRI[CourseDetailActivity]#34](f:0,a:1) acquireNextBufferLocked size=1080x2412 mFrameNumber=1 applyTransaction=true mTimestamp=49461212179255(auto) mPendingTransactions.size=0 graphicBufferId=124837519425719 transform=0
2025-09-11 23:27:51.259 29066-29097 VRI[Course...lActivity] com.example.ragamfinal               D  Received frameCommittedCallback lastAttemptedDrawFrameNum=1 didProduceBuffer=true syncBuffer=false
2025-09-11 23:27:51.260 29066-29066 VRI[Course...lActivity] com.example.ragamfinal               D  draw finished.
2025-09-11 23:27:51.260 29066-29066 VRI[Course...lActivity] com.example.ragamfinal               D  reportDrawFinished
2025-09-11 23:27:51.260 29066-29066 ViewRootImplExtImpl     com.example.ragamfinal               D  setMaxDequeuedBufferCount: 2
2025-09-11 23:27:51.260 29066-29066 VRI[VideoP...rActivity] com.example.ragamfinal               D  onFocusEvent false
2025-09-11 23:27:51.262 29066-29066 VRI[Course...lActivity] com.example.ragamfinal               W  handleResized, msg:5, frameChanged:false, configChanged:false, displayChanged:false, attachedFrameChanged:false, compatScaleChanged:false, pendingDragResizing=false
2025-09-11 23:27:51.264 29066-29097 VRI[Course...lActivity] com.example.ragamfinal               D  Received frameCommittedCallback lastAttemptedDrawFrameNum=2 didProduceBuffer=false syncBuffer=false
2025-09-11 23:27:51.264 29066-29066 VRI[Course...lActivity] com.example.ragamfinal               D  draw finished.
2025-09-11 23:27:51.264 29066-29066 VRI[Course...lActivity] com.example.ragamfinal               D  reportDrawFinished
2025-09-11 23:27:51.301 29066-29066 VRI[Course...lActivity] com.example.ragamfinal               D  onFocusEvent true
2025-09-11 23:27:51.320 29066-29066 VRI[Course...lActivity] com.example.ragamfinal               W  handleResized abandoned!
2025-09-11 23:27:51.787 29066-29272 VRI[VideoP...rActivity] com.example.ragamfinal               D  dispatchAppVisibility visible:false
2025-09-11 23:27:51.804 29066-29066 SurfaceView             com.example.ragamfinal               I  3144722 surfaceDestroyed
2025-09-11 23:27:51.886 29066-29272 BufferQueueProducer     com.example.ragamfinal               W  [SurfaceView[com.example.ragamfinal/com.example.ragamfinal.VideoPlayerActivity]#33(BLAST Consumer)33](id:718a00000021,api:3,p:1929,c:29066) detachBuffer: slot 0 is not owned by the producer (state = FREE)
2025-09-11 23:27:51.887 29066-31392 BufferQueueProducer     com.example.ragamfinal               W  [SurfaceView[com.example.ragamfinal/com.example.ragamfinal.VideoPlayerActivity]#33(BLAST Consumer)33](id:718a00000021,api:3,p:1929,c:29066) detachBuffer: slot 1 is not owned by the producer (state = FREE)
2025-09-11 23:27:51.887 29066-31109 BufferQueueProducer     com.example.ragamfinal               W  [SurfaceView[com.example.ragamfinal/com.example.ragamfinal.VideoPlayerActivity]#33(BLAST Consumer)33](id:718a00000021,api:3,p:1929,c:29066) detachBuffer: slot 2 is not owned by the producer (state = FREE)
2025-09-11 23:27:51.887 29066-29078 BufferQueueProducer     com.example.ragamfinal               W  [SurfaceView[com.example.ragamfinal/com.example.ragamfinal.VideoPlayerActivity]#33(BLAST Consumer)33](id:718a00000021,api:3,p:1929,c:29066) detachBuffer: slot 3 is not owned by the producer (state = FREE)
2025-09-11 23:27:51.887 29066-29077 BufferQueueProducer     com.example.ragamfinal               W  [SurfaceView[com.example.ragamfinal/com.example.ragamfinal.VideoPlayerActivity]#33(BLAST Consumer)33](id:718a00000021,api:3,p:1929,c:29066) detachBuffer: slot 4 is not owned by the producer (state = FREE)
2025-09-11 23:27:51.888 29066-29339 BufferQueueProducer     com.example.ragamfinal               W  [SurfaceView[com.example.ragamfinal/com.example.ragamfinal.VideoPlayerActivity]#33(BLAST Consumer)33](id:718a00000021,api:3,p:1929,c:29066) detachBuffer: slot 5 is not owned by the producer (state = ACQUIRED)
2025-09-11 23:27:51.888 29066-31395 BufferQueueProducer     com.example.ragamfinal               W  [SurfaceView[com.example.ragamfinal/com.example.ragamfinal.VideoPlayerActivity]#33(BLAST Consumer)33](id:718a00000021,api:3,p:1929,c:29066) detachBuffer: slot 6 is not owned by the producer (state = FREE)
2025-09-11 23:27:51.888 29066-31396 BufferQueueProducer     com.example.ragamfinal               W  [SurfaceView[com.example.ragamfinal/com.example.ragamfinal.VideoPlayerActivity]#33(BLAST Consumer)33](id:718a00000021,api:3,p:1929,c:29066) detachBuffer: slot 7 is not owned by the producer (state = FREE)
2025-09-11 23:27:51.888 29066-30848 BufferQueueProducer     com.example.ragamfinal               W  [SurfaceView[com.example.ragamfinal/com.example.ragamfinal.VideoPlayerActivity]#33(BLAST Consumer)33](id:718a00000021,api:3,p:1929,c:29066) detachBuffer: slot 8 is not owned by the producer (state = FREE)
2025-09-11 23:27:51.888 29066-31393 BufferQueueProducer     com.example.ragamfinal               W  [SurfaceView[com.example.ragamfinal/com.example.ragamfinal.VideoPlayerActivity]#33(BLAST Consumer)33](id:718a00000021,api:3,p:1929,c:29066) detachBuffer: slot 9 is not owned by the producer (state = FREE)
2025-09-11 23:27:51.888 29066-29210 BufferQueueProducer     com.example.ragamfinal               W  [SurfaceView[com.example.ragamfinal/com.example.ragamfinal.VideoPlayerActivity]#33(BLAST Consumer)33](id:718a00000021,api:3,p:1929,c:29066) detachBuffer: slot 10 is not owned by the producer (state = FREE)
2025-09-11 23:27:51.889 29066-31394 BufferQueueProducer     com.example.ragamfinal               W  [SurfaceView[com.example.ragamfinal/com.example.ragamfinal.VideoPlayerActivity]#33(BLAST Consumer)33](id:718a00000021,api:3,p:1929,c:29066) detachBuffer: slot 11 is not owned by the producer (state = FREE)
2025-09-11 23:27:51.889 29066-29107 BufferQueueProducer     com.example.ragamfinal               W  [SurfaceView[com.example.ragamfinal/com.example.ragamfinal.VideoPlayerActivity]#33(BLAST Consumer)33](id:718a00000021,api:3,p:1929,c:29066) detachBuffer: slot 12 is not owned by the producer (state = FREE)
2025-09-11 23:27:51.889 29066-29210 BufferQueueProducer     com.example.ragamfinal               W  [SurfaceView[com.example.ragamfinal/com.example.ragamfinal.VideoPlayerActivity]#33(BLAST Consumer)33](id:718a00000021,api:3,p:1929,c:29066) detachBuffer: slot 13 is not owned by the producer (state = FREE)
2025-09-11 23:27:51.890 29066-29107 BufferQueueProducer     com.example.ragamfinal               W  [SurfaceView[com.example.ragamfinal/com.example.ragamfinal.VideoPlayerActivity]#33(BLAST Consumer)33](id:718a00000021,api:3,p:1929,c:29066) detachBuffer: slot 14 is not owned by the producer (state = FREE)
2025-09-11 23:27:51.890 29066-29077 BufferQueueProducer     com.example.ragamfinal               W  [SurfaceView[com.example.ragamfinal/com.example.ragamfinal.VideoPlayerActivity]#33(BLAST Consumer)33](id:718a00000021,api:3,p:1929,c:29066) detachBuffer: slot 15 is not owned by the producer (state = FREE)
2025-09-11 23:27:51.890 29066-29272 BufferQueueProducer     com.example.ragamfinal               W  [SurfaceView[com.example.ragamfinal/com.example.ragamfinal.VideoPlayerActivity]#33(BLAST Consumer)33](id:718a00000021,api:3,p:1929,c:29066) detachBuffer: slot 16 is not owned by the producer (state = FREE)
2025-09-11 23:27:51.890 29066-31109 BufferQueueProducer     com.example.ragamfinal               W  [SurfaceView[com.example.ragamfinal/com.example.ragamfinal.VideoPlayerActivity]#33(BLAST Consumer)33](id:718a00000021,api:3,p:1929,c:29066) detachBuffer: slot 17 is not owned by the producer (state = FREE)
2025-09-11 23:27:51.890 29066-31392 BufferQueueProducer     com.example.ragamfinal               W  [SurfaceView[com.example.ragamfinal/com.example.ragamfinal.VideoPlayerActivity]#33(BLAST Consumer)33](id:718a00000021,api:3,p:1929,c:29066) detachBuffer: slot 18 is not owned by the producer (state = FREE)
2025-09-11 23:27:51.891 29066-31564 BufferQueueProducer     com.example.ragamfinal               W  [SurfaceView[com.example.ragamfinal/com.example.ragamfinal.VideoPlayerActivity]#33(BLAST Consumer)33](id:718a00000021,api:3,p:1929,c:29066) detachBuffer: slot 19 is not owned by the producer (state = FREE)
2025-09-11 23:27:51.891 29066-29339 BufferQueueProducer     com.example.ragamfinal               W  [SurfaceView[com.example.ragamfinal/com.example.ragamfinal.VideoPlayerActivity]#33(BLAST Consumer)33](id:718a00000021,api:3,p:1929,c:29066) detachBuffer: slot 20 is not owned by the producer (state = FREE)
2025-09-11 23:27:51.891 29066-31393 BufferQueueProducer     com.example.ragamfinal               W  [SurfaceView[com.example.ragamfinal/com.example.ragamfinal.VideoPlayerActivity]#33(BLAST Consumer)33](id:718a00000021,api:3,p:1929,c:29066) detachBuffer: slot 21 is not owned by the producer (state = FREE)
2025-09-11 23:27:51.891 29066-29078 BufferQueueProducer     com.example.ragamfinal               W  [SurfaceView[com.example.ragamfinal/com.example.ragamfinal.VideoPlayerActivity]#33(BLAST Consumer)33](id:718a00000021,api:3,p:1929,c:29066) detachBuffer: slot 22 is not owned by the producer (state = FREE)
2025-09-11 23:27:51.891 29066-31396 BufferQueueProducer     com.example.ragamfinal               W  [SurfaceView[com.example.ragamfinal/com.example.ragamfinal.VideoPlayerActivity]#33(BLAST Consumer)33](id:718a00000021,api:3,p:1929,c:29066) detachBuffer: slot 23 is not owned by the producer (state = FREE)
2025-09-11 23:27:51.892 29066-31394 BufferQueueProducer     com.example.ragamfinal               W  [SurfaceView[com.example.ragamfinal/com.example.ragamfinal.VideoPlayerActivity]#33(BLAST Consumer)33](id:718a00000021,api:3,p:1929,c:29066) detachBuffer: slot 24 is not owned by the producer (state = FREE)
2025-09-11 23:27:51.892 29066-30848 BufferQueueProducer     com.example.ragamfinal               W  [SurfaceView[com.example.ragamfinal/com.example.ragamfinal.VideoPlayerActivity]#33(BLAST Consumer)33](id:718a00000021,api:3,p:1929,c:29066) detachBuffer: slot 25 is not owned by the producer (state = FREE)
2025-09-11 23:27:51.892 29066-31395 BufferQueueProducer     com.example.ragamfinal               W  [SurfaceView[com.example.ragamfinal/com.example.ragamfinal.VideoPlayerActivity]#33(BLAST Consumer)33](id:718a00000021,api:3,p:1929,c:29066) detachBuffer: slot 26 is not owned by the producer (state = FREE)
2025-09-11 23:27:51.893 29066-31109 BufferQueueProducer     com.example.ragamfinal               W  [SurfaceView[com.example.ragamfinal/com.example.ragamfinal.VideoPlayerActivity]#33(BLAST Consumer)33](id:718a00000021,api:3,p:1929,c:29066) detachBuffer: slot 27 is not owned by the producer (state = FREE)
2025-09-11 23:27:51.893 29066-29210 BufferQueueProducer     com.example.ragamfinal               W  [SurfaceView[com.example.ragamfinal/com.example.ragamfinal.VideoPlayerActivity]#33(BLAST Consumer)33](id:718a00000021,api:3,p:1929,c:29066) detachBuffer: slot 28 is not owned by the producer (state = FREE)
2025-09-11 23:27:51.893 29066-31564 BufferQueueProducer     com.example.ragamfinal               W  [SurfaceView[com.example.ragamfinal/com.example.ragamfinal.VideoPlayerActivity]#33(BLAST Consumer)33](id:718a00000021,api:3,p:1929,c:29066) detachBuffer: slot 29 is not owned by the producer (state = FREE)
2025-09-11 23:27:51.893 29066-30848 BufferQueueProducer     com.example.ragamfinal               W  [SurfaceView[com.example.ragamfinal/com.example.ragamfinal.VideoPlayerActivity]#33(BLAST Consumer)33](id:718a00000021,api:3,p:1929,c:29066) detachBuffer: slot 30 is not owned by the producer (state = FREE)
2025-09-11 23:27:51.893 29066-31396 BufferQueueProducer     com.example.ragamfinal               W  [SurfaceView[com.example.ragamfinal/com.example.ragamfinal.VideoPlayerActivity]#33(BLAST Consumer)33](id:718a00000021,api:3,p:1929,c:29066) detachBuffer: slot 31 is not owned by the producer (state = FREE)
2025-09-11 23:27:51.894 29066-31395 BufferQueueProducer     com.example.ragamfinal               W  [SurfaceView[com.example.ragamfinal/com.example.ragamfinal.VideoPlayerActivity]#33(BLAST Consumer)33](id:718a00000021,api:3,p:1929,c:29066) detachBuffer: slot 32 is not owned by the producer (state = FREE)
2025-09-11 23:27:51.894 29066-29107 BufferQueueProducer     com.example.ragamfinal               W  [SurfaceView[com.example.ragamfinal/com.example.ragamfinal.VideoPlayerActivity]#33(BLAST Consumer)33](id:718a00000021,api:3,p:1929,c:29066) detachBuffer: slot 33 is not owned by the producer (state = FREE)
2025-09-11 23:27:51.894 29066-31394 BufferQueueProducer     com.example.ragamfinal               W  [SurfaceView[com.example.ragamfinal/com.example.ragamfinal.VideoPlayerActivity]#33(BLAST Consumer)33](id:718a00000021,api:3,p:1929,c:29066) detachBuffer: slot 34 is not owned by the producer (state = FREE)
2025-09-11 23:27:51.894 29066-29272 BufferQueueProducer     com.example.ragamfinal               W  [SurfaceView[com.example.ragamfinal/com.example.ragamfinal.VideoPlayerActivity]#33(BLAST Consumer)33](id:718a00000021,api:3,p:1929,c:29066) detachBuffer: slot 35 is not owned by the producer (state = FREE)
2025-09-11 23:27:51.895 29066-31565 BufferQueueProducer     com.example.ragamfinal               W  [SurfaceView[com.example.ragamfinal/com.example.ragamfinal.VideoPlayerActivity]#33(BLAST Consumer)33](id:718a00000021,api:3,p:1929,c:29066) detachBuffer: slot 36 is not owned by the producer (state = FREE)
2025-09-11 23:27:51.895 29066-29339 BufferQueueProducer     com.example.ragamfinal               W  [SurfaceView[com.example.ragamfinal/com.example.ragamfinal.VideoPlayerActivity]#33(BLAST Consumer)33](id:718a00000021,api:3,p:1929,c:29066) detachBuffer: slot 37 is not owned by the producer (state = FREE)
2025-09-11 23:27:51.895 29066-29078 BufferQueueProducer     com.example.ragamfinal               W  [SurfaceView[com.example.ragamfinal/com.example.ragamfinal.VideoPlayerActivity]#33(BLAST Consumer)33](id:718a00000021,api:3,p:1929,c:29066) detachBuffer: slot 38 is not owned by the producer (state = FREE)
2025-09-11 23:27:51.895 29066-31392 BufferQueueProducer     com.example.ragamfinal               W  [SurfaceView[com.example.ragamfinal/com.example.ragamfinal.VideoPlayerActivity]#33(BLAST Consumer)33](id:718a00000021,api:3,p:1929,c:29066) detachBuffer: slot 39 is not owned by the producer (state = FREE)
2025-09-11 23:27:51.895 29066-31393 BufferQueueProducer     com.example.ragamfinal               W  [SurfaceView[com.example.ragamfinal/com.example.ragamfinal.VideoPlayerActivity]#33(BLAST Consumer)33](id:718a00000021,api:3,p:1929,c:29066) detachBuffer: slot 40 is not owned by the producer (state = FREE)
2025-09-11 23:27:51.896 29066-29078 BufferQueueProducer     com.example.ragamfinal               W  [SurfaceView[com.example.ragamfinal/com.example.ragamfinal.VideoPlayerActivity]#33(BLAST Consumer)33](id:718a00000021,api:3,p:1929,c:29066) detachBuffer: slot 41 is not owned by the producer (state = FREE)
2025-09-11 23:27:51.896 29066-29077 BufferQueueProducer     com.example.ragamfinal               W  [SurfaceView[com.example.ragamfinal/com.example.ragamfinal.VideoPlayerActivity]#33(BLAST Consumer)33](id:718a00000021,api:3,p:1929,c:29066) detachBuffer: slot 42 is not owned by the producer (state = FREE)
2025-09-11 23:27:51.896 29066-31394 BufferQueueProducer     com.example.ragamfinal               W  [SurfaceView[com.example.ragamfinal/com.example.ragamfinal.VideoPlayerActivity]#33(BLAST Consumer)33](id:718a00000021,api:3,p:1929,c:29066) detachBuffer: slot 43 is not owned by the producer (state = FREE)
2025-09-11 23:27:51.896 29066-31396 BufferQueueProducer     com.example.ragamfinal               W  [SurfaceView[com.example.ragamfinal/com.example.ragamfinal.VideoPlayerActivity]#33(BLAST Consumer)33](id:718a00000021,api:3,p:1929,c:29066) detachBuffer: slot 44 is not owned by the producer (state = FREE)
2025-09-11 23:27:51.897 29066-31565 BufferQueueProducer     com.example.ragamfinal               W  [SurfaceView[com.example.ragamfinal/com.example.ragamfinal.VideoPlayerActivity]#33(BLAST Consumer)33](id:718a00000021,api:3,p:1929,c:29066) detachBuffer: slot 45 is not owned by the producer (state = FREE)
2025-09-11 23:27:51.897 29066-29107 BufferQueueProducer     com.example.ragamfinal               W  [SurfaceView[com.example.ragamfinal/com.example.ragamfinal.VideoPlayerActivity]#33(BLAST Consumer)33](id:718a00000021,api:3,p:1929,c:29066) detachBuffer: slot 46 is not owned by the producer (state = FREE)
2025-09-11 23:27:51.897 29066-29210 BufferQueueProducer     com.example.ragamfinal               W  [SurfaceView[com.example.ragamfinal/com.example.ragamfinal.VideoPlayerActivity]#33(BLAST Consumer)33](id:718a00000021,api:3,p:1929,c:29066) detachBuffer: slot 47 is not owned by the producer (state = FREE)
2025-09-11 23:27:51.897 29066-29272 BufferQueueProducer     com.example.ragamfinal               W  [SurfaceView[com.example.ragamfinal/com.example.ragamfinal.VideoPlayerActivity]#33(BLAST Consumer)33](id:718a00000021,api:3,p:1929,c:29066) detachBuffer: slot 48 is not owned by the producer (state = FREE)
2025-09-11 23:27:51.897 29066-30848 BufferQueueProducer     com.example.ragamfinal               W  [SurfaceView[com.example.ragamfinal/com.example.ragamfinal.VideoPlayerActivity]#33(BLAST Consumer)33](id:718a00000021,api:3,p:1929,c:29066) detachBuffer: slot 49 is not owned by the producer (state = FREE)
2025-09-11 23:27:51.898 29066-31564 BufferQueueProducer     com.example.ragamfinal               W  [SurfaceView[com.example.ragamfinal/com.example.ragamfinal.VideoPlayerActivity]#33(BLAST Consumer)33](id:718a00000021,api:3,p:1929,c:29066) detachBuffer: slot 50 is not owned by the producer (state = FREE)
2025-09-11 23:27:51.898 29066-29339 BufferQueueProducer     com.example.ragamfinal               W  [SurfaceView[com.example.ragamfinal/com.example.ragamfinal.VideoPlayerActivity]#33(BLAST Consumer)33](id:718a00000021,api:3,p:1929,c:29066) detachBuffer: slot 51 is not owned by the producer (state = FREE)
2025-09-11 23:27:51.898 29066-31395 BufferQueueProducer     com.example.ragamfinal               W  [SurfaceView[com.example.ragamfinal/com.example.ragamfinal.VideoPlayerActivity]#33(BLAST Consumer)33](id:718a00000021,api:3,p:1929,c:29066) detachBuffer: slot 52 is not owned by the producer (state = FREE)
2025-09-11 23:27:51.898 29066-31392 BufferQueueProducer     com.example.ragamfinal               W  [SurfaceView[com.example.ragamfinal/com.example.ragamfinal.VideoPlayerActivity]#33(BLAST Consumer)33](id:718a00000021,api:3,p:1929,c:29066) detachBuffer: slot 53 is not owned by the producer (state = FREE)
2025-09-11 23:27:51.898 29066-31393 BufferQueueProducer     com.example.ragamfinal               W  [SurfaceView[com.example.ragamfinal/com.example.ragamfinal.VideoPlayerActivity]#33(BLAST Consumer)33](id:718a00000021,api:3,p:1929,c:29066) detachBuffer: slot 54 is not owned by the producer (state = FREE)
2025-09-11 23:27:51.899 29066-31564 BufferQueueProducer     com.example.ragamfinal               W  [SurfaceView[com.example.ragamfinal/com.example.ragamfinal.VideoPlayerActivity]#33(BLAST Consumer)33](id:718a00000021,api:3,p:1929,c:29066) detachBuffer: slot 55 is not owned by the producer (state = FREE)
2025-09-11 23:27:51.899 29066-29339 BufferQueueProducer     com.example.ragamfinal               W  [SurfaceView[com.example.ragamfinal/com.example.ragamfinal.VideoPlayerActivity]#33(BLAST Consumer)33](id:718a00000021,api:3,p:1929,c:29066) detachBuffer: slot 56 is not owned by the producer (state = FREE)
2025-09-11 23:27:51.899 29066-31396 BufferQueueProducer     com.example.ragamfinal               W  [SurfaceView[com.example.ragamfinal/com.example.ragamfinal.VideoPlayerActivity]#33(BLAST Consumer)33](id:718a00000021,api:3,p:1929,c:29066) detachBuffer: slot 57 is not owned by the producer (state = FREE)
2025-09-11 23:27:51.899 29066-31394 BufferQueueProducer     com.example.ragamfinal               W  [SurfaceView[com.example.ragamfinal/com.example.ragamfinal.VideoPlayerActivity]#33(BLAST Consumer)33](id:718a00000021,api:3,p:1929,c:29066) detachBuffer: slot 58 is not owned by the producer (state = FREE)
2025-09-11 23:27:51.900 29066-29107 BufferQueueProducer     com.example.ragamfinal               W  [SurfaceView[com.example.ragamfinal/com.example.ragamfinal.VideoPlayerActivity]#33(BLAST Consumer)33](id:718a00000021,api:3,p:1929,c:29066) detachBuffer: slot 59 is not owned by the producer (state = FREE)
2025-09-11 23:27:51.900 29066-31395 BufferQueueProducer     com.example.ragamfinal               W  [SurfaceView[com.example.ragamfinal/com.example.ragamfinal.VideoPlayerActivity]#33(BLAST Consumer)33](id:718a00000021,api:3,p:1929,c:29066) detachBuffer: slot 60 is not owned by the producer (state = FREE)
2025-09-11 23:27:51.900 29066-29272 BufferQueueProducer     com.example.ragamfinal               W  [SurfaceView[com.example.ragamfinal/com.example.ragamfinal.VideoPlayerActivity]#33(BLAST Consumer)33](id:718a00000021,api:3,p:1929,c:29066) detachBuffer: slot 61 is not owned by the producer (state = FREE)
2025-09-11 23:27:51.900 29066-31392 BufferQueueProducer     com.example.ragamfinal               W  [SurfaceView[com.example.ragamfinal/com.example.ragamfinal.VideoPlayerActivity]#33(BLAST Consumer)33](id:718a00000021,api:3,p:1929,c:29066) detachBuffer: slot 62 is not owned by the producer (state = FREE)
2025-09-11 23:27:51.900 29066-31565 BufferQueueProducer     com.example.ragamfinal               W  [SurfaceView[com.example.ragamfinal/com.example.ragamfinal.VideoPlayerActivity]#33(BLAST Consumer)33](id:718a00000021,api:3,p:1929,c:29066) detachBuffer: slot 63 is not owned by the producer (state = FREE)
2025-09-11 23:27:51.903 29066-31109 BufferQueueProducer     com.example.ragamfinal               D  [SurfaceView[com.example.ragamfinal/com.example.ragamfinal.VideoPlayerActivity]#33(BLAST Consumer)33](id:718a00000021,api:3,p:1929,c:29066) disconnect: api 3
2025-09-11 23:27:51.913 29066-31109 BufferQueueProducer     com.example.ragamfinal               D  [SurfaceView[com.example.ragamfinal/com.example.ragamfinal.VideoPlayerActivity]#33(BLAST Consumer)33](id:718a00000021,api:3,p:1929,c:29066) connect: api=3 producerControlledByApp=true
2025-09-11 23:27:51.929 29066-29066 BufferQueueProducer     com.example.ragamfinal               D  [SurfaceView[com.example.ragamfinal/com.example.ragamfinal.VideoPlayerActivity]#33(BLAST Consumer)33](id:718a00000021,api:3,p:1929,c:29066) disconnect: api 3
2025-09-11 23:27:51.932 29066-29066 MediaPlayer             com.example.ragamfinal               V  resetDrmState:  mDrmInfo=null mDrmProvisioningThread=null mPrepareDrmInProgress=false mActiveDrmScheme=false
2025-09-11 23:27:51.932 29066-29066 MediaPlayer             com.example.ragamfinal               V  cleanDrmObj: mDrmObj=null mDrmSessionId=null
2025-09-11 23:27:51.934 29066-29066 MediaPlayer             com.example.ragamfinal               V  resetDrmState:  mDrmInfo=null mDrmProvisioningThread=null mPrepareDrmInProgress=false mActiveDrmScheme=false
2025-09-11 23:27:51.934 29066-29066 MediaPlayer             com.example.ragamfinal               V  cleanDrmObj: mDrmObj=null mDrmSessionId=null
2025-09-11 23:27:51.934 29066-29066 MediaPlayer             com.example.ragamfinal               D  _release native called
2025-09-11 23:27:51.934 29066-29066 MediaPlayer             com.example.ragamfinal               D  _release native finished
2025-09-11 23:27:51.936 29066-29066 BufferQueueProducer     com.example.ragamfinal               D  [SurfaceView[com.example.ragamfinal/com.example.ragamfinal.VideoPlayerActivity]#33(BLAST Consumer)33](id:718a00000021,api:0,p:-1,c:29066) disconnect: api -1
2025-09-11 23:27:51.936 29066-29066 BLASTBufferQueue        com.example.ragamfinal               D  [SurfaceView[com.example.ragamfinal/com.example.ragamfinal.VideoPlayerActivity]#33](f:0,a:1) destructor()
2025-09-11 23:27:51.936 29066-29066 BufferQueueConsumer     com.example.ragamfinal               D  [SurfaceView[com.example.ragamfinal/com.example.ragamfinal.VideoPlayerActivity]#33(BLAST Consumer)33](id:718a00000021,api:0,p:-1,c:29066) disconnect
2025-09-11 23:27:51.939 29066-29097 SurfaceView             com.example.ragamfinal               D  107109816positionLost mSurfaceControl is null return;
2025-09-11 23:27:51.940 29066-29066 OpenGLRenderer          com.example.ragamfinal               D  RenderProxy::destroy: this=0xb4000074fb4a3600, mContext=0xb4000074f63af200
2025-09-11 23:27:51.940 29066-29097 OpenGLRenderer          com.example.ragamfinal               D  SkiaOpenGLPipeline::setSurface: this=0xb4000074f63a3000, surface=NULL
2025-09-11 23:27:51.940 29066-29097 BufferQueueProducer     com.example.ragamfinal               D  [VRI[VideoPlayerActivity]#32(BLAST Consumer)32](id:718a00000020,api:1,p:29066,c:29066) disconnect: api 1
2025-09-11 23:27:51.941 29066-29066 ViewRootImplExtImpl     com.example.ragamfinal               D  wrapConfigInfoIntoFlags rotation=1, smallestScreenWidthDp=360, relayoutAsync=false, newFlags=256, title=com.example.ragamfinal/com.example.ragamfinal.VideoPlayerActivity
2025-09-11 23:27:51.951 29066-29066 VRI[VideoP...rActivity] com.example.ragamfinal               D  relayoutWindow result, sizeChanged:false, surfaceControlChanged:true, transformHintChanged:false, mSurfaceSize:Point(2302, 1080), mLastSurfaceSize:Point(2302, 1080), mWidth:2302, mHeight:1080, requestedWidth:2302, requestedHeight:1080, transformHint:4, lastTransformHint:4, installOrientation:0, displayRotation:1, isSurfaceValid:false, attr.flag:-2122251008, useBlast:true, tmpFrames:ClientWindowFrames{frame=[110,0][2412,1080] display=[110,0][2412,1080] parentFrame=[0,0][0,0]}
2025-09-11 23:27:51.951 29066-29066 BLASTBufferQueue        com.example.ragamfinal               D  [VRI[VideoPlayerActivity]#32](f:0,a:2) destructor()
2025-09-11 23:27:51.951 29066-29066 BufferQueueConsumer     com.example.ragamfinal               D  [VRI[VideoPlayerActivity]#32(BLAST Consumer)32](id:718a00000020,api:0,p:-1,c:29066) disconnect
2025-09-11 23:27:51.954 29066-29066 Quality                 com.example.ragamfinal               I  Skipped: false 8 cost 141.39558 refreshRate 16672264 bit true processName com.example.ragamfinal
2025-09-11 23:27:51.958 29066-29066 VRI[Course...lActivity] com.example.ragamfinal               W  handleResized, msg:5, frameChanged:false, configChanged:false, displayChanged:false, attachedFrameChanged:false, compatScaleChanged:false, pendingDragResizing=false
2025-09-11 23:27:51.965 29066-29066 ViewRootImplExtImpl     com.example.ragamfinal               D  wrapConfigInfoIntoFlags rotation=0, smallestScreenWidthDp=360, relayoutAsync=true, newFlags=23592960, title=com.example.ragamfinal/com.example.ragamfinal.CourseDetailActivity
2025-09-11 23:27:51.965 29066-29066 VRI[Course...lActivity] com.example.ragamfinal               D  relayoutWindow result, sizeChanged:false, surfaceControlChanged:false, transformHintChanged:false, mSurfaceSize:Point(1080, 2412), mLastSurfaceSize:Point(1080, 2412), mWidth:1080, mHeight:2412, requestedWidth:1080, requestedHeight:2412, transformHint:0, lastTransformHint:0, installOrientation:0, displayRotation:0, isSurfaceValid:true, attr.flag:-2122252032, useBlast:true, tmpFrames:ClientWindowFrames{frame=[0,0][1080,2412] display=[0,0][1080,2412] parentFrame=[0,0][1080,2412]}
2025-09-11 23:27:51.965 29066-29066 VRI[Course...lActivity] com.example.ragamfinal               W  updateBlastSurfaceIfNeeded, surfaceSize:Point(1080, 2412), lastSurfaceSize:Point(1080, 2412), format:-1, blastBufferQueue:android.graphics.BLASTBufferQueue@d0536f6
